******************************************************************************
                  MSP430 Linker PC v18.1.6                     
******************************************************************************
>> Linked Thu Oct  3 03:37:57 2019

OUTPUT FILE NAME:   <f5529_kernel.out>
ENTRY POINT SYMBOL: "_c_int00_noargs"  address: 0000455c


MEMORY CONFIGURATION

         name            origin    length      used     unused   attr    fill
----------------------  --------  ---------  --------  --------  ----  --------
  SFR                   00000000   00000010  00000000  00000010  RWIX
  PERIPHERALS_8BIT      00000010   000000f0  00000000  000000f0  RWIX
  PERIPHERALS_16BIT     00000100   00000100  00000000  00000100  RWIX
  INFOD                 00001800   00000080  00000000  00000080  RWIX
  INFOC                 00001880   00000080  00000000  00000080  RWIX
  INFOB                 00001900   00000080  00000000  00000080  RWIX
  INFOA                 00001980   00000080  00000000  00000080  RWIX
  USBRAM                00001c00   00000800  00000000  00000800  RWIX
  RAM                   00002400   00002000  00001e36  000001ca  RWIX
  FLASH                 00004400   0000bb80  0000046f  0000b711  RWIX
  INT00                 0000ff80   00000002  00000000  00000002  RWIX
  INT01                 0000ff82   00000002  00000000  00000002  RWIX
  INT02                 0000ff84   00000002  00000000  00000002  RWIX
  INT03                 0000ff86   00000002  00000000  00000002  RWIX
  INT04                 0000ff88   00000002  00000000  00000002  RWIX
  INT05                 0000ff8a   00000002  00000000  00000002  RWIX
  INT06                 0000ff8c   00000002  00000000  00000002  RWIX
  INT07                 0000ff8e   00000002  00000000  00000002  RWIX
  INT08                 0000ff90   00000002  00000000  00000002  RWIX
  INT09                 0000ff92   00000002  00000000  00000002  RWIX
  INT10                 0000ff94   00000002  00000000  00000002  RWIX
  INT11                 0000ff96   00000002  00000000  00000002  RWIX
  INT12                 0000ff98   00000002  00000000  00000002  RWIX
  INT13                 0000ff9a   00000002  00000000  00000002  RWIX
  INT14                 0000ff9c   00000002  00000000  00000002  RWIX
  INT15                 0000ff9e   00000002  00000000  00000002  RWIX
  INT16                 0000ffa0   00000002  00000000  00000002  RWIX
  INT17                 0000ffa2   00000002  00000000  00000002  RWIX
  INT18                 0000ffa4   00000002  00000000  00000002  RWIX
  INT19                 0000ffa6   00000002  00000000  00000002  RWIX
  INT20                 0000ffa8   00000002  00000000  00000002  RWIX
  INT21                 0000ffaa   00000002  00000000  00000002  RWIX
  INT22                 0000ffac   00000002  00000000  00000002  RWIX
  INT23                 0000ffae   00000002  00000000  00000002  RWIX
  INT24                 0000ffb0   00000002  00000000  00000002  RWIX
  INT25                 0000ffb2   00000002  00000000  00000002  RWIX
  INT26                 0000ffb4   00000002  00000000  00000002  RWIX
  INT27                 0000ffb6   00000002  00000000  00000002  RWIX
  INT28                 0000ffb8   00000002  00000000  00000002  RWIX
  INT29                 0000ffba   00000002  00000000  00000002  RWIX
  INT30                 0000ffbc   00000002  00000000  00000002  RWIX
  INT31                 0000ffbe   00000002  00000000  00000002  RWIX
  INT32                 0000ffc0   00000002  00000000  00000002  RWIX
  INT33                 0000ffc2   00000002  00000000  00000002  RWIX
  INT34                 0000ffc4   00000002  00000000  00000002  RWIX
  INT35                 0000ffc6   00000002  00000000  00000002  RWIX
  INT36                 0000ffc8   00000002  00000000  00000002  RWIX
  INT37                 0000ffca   00000002  00000000  00000002  RWIX
  INT38                 0000ffcc   00000002  00000000  00000002  RWIX
  INT39                 0000ffce   00000002  00000000  00000002  RWIX
  INT40                 0000ffd0   00000002  00000000  00000002  RWIX
  INT41                 0000ffd2   00000002  00000002  00000000  RWIX
  INT42                 0000ffd4   00000002  00000002  00000000  RWIX
  INT43                 0000ffd6   00000002  00000002  00000000  RWIX
  INT44                 0000ffd8   00000002  00000002  00000000  RWIX
  INT45                 0000ffda   00000002  00000002  00000000  RWIX
  INT46                 0000ffdc   00000002  00000002  00000000  RWIX
  INT47                 0000ffde   00000002  00000002  00000000  RWIX
  INT48                 0000ffe0   00000002  00000002  00000000  RWIX
  INT49                 0000ffe2   00000002  00000002  00000000  RWIX
  INT50                 0000ffe4   00000002  00000002  00000000  RWIX
  INT51                 0000ffe6   00000002  00000002  00000000  RWIX
  INT52                 0000ffe8   00000002  00000002  00000000  RWIX
  INT53                 0000ffea   00000002  00000002  00000000  RWIX
  INT54                 0000ffec   00000002  00000002  00000000  RWIX
  INT55                 0000ffee   00000002  00000002  00000000  RWIX
  INT56                 0000fff0   00000002  00000002  00000000  RWIX
  INT57                 0000fff2   00000002  00000002  00000000  RWIX
  INT58                 0000fff4   00000002  00000002  00000000  RWIX
  INT59                 0000fff6   00000002  00000002  00000000  RWIX
  INT60                 0000fff8   00000002  00000002  00000000  RWIX
  INT61                 0000fffa   00000002  00000002  00000000  RWIX
  INT62                 0000fffc   00000002  00000002  00000000  RWIX
  RESET                 0000fffe   00000002  00000002  00000000  RWIX
  FLASH2                00010000   00014400  00002c06  000117fa  RWIX


SECTION ALLOCATION MAP

 output                                  attributes/
section   page    origin      length       input sections
--------  ----  ----------  ----------   ----------------
.bss       0    00003e90    000000d6     UNINITIALIZED
                  00003e90    00000042     config.obj (.bss:os)
                  00003ed2    00000038     task.obj (.bss:_ZN4task9idle_hookE)
                  00003f0a    00000014     print.obj (.bss:q)
                  00003f1e    00000014     print.obj (.bss:r)
                  00003f32    0000000c     print.obj (.bss:rx_fifo)
                  00003f3e    0000000c     print.obj (.bss:tx_fifo)
                  00003f4a    0000000a     rts430x_lc_rd_eabi.lib : memory.c.obj (.bss)
                  00003f54    0000000a     print.obj (.bss:s)
                  00003f5e    00000004     rts430x_lc_rd_eabi.lib : new.cpp.obj (.bss)
                  00003f62    00000004     (.common:__dso_handle)

.data      0    00003f66    00000050     UNINITIALIZED
                  00003f66    00000038     config.obj (.data:task_cfgs)
                  00003f9e    00000004     rts430x_lc_rd_eabi.lib : exit_gvars.c.obj (.data:__TI_cleanup_ptr)
                  00003fa2    00000004                            : exit_gvars.c.obj (.data:__TI_dtors_ptr)
                  00003fa6    00000004                            : _lock.c.obj (.data:_lock)
                  00003faa    00000004                            : _lock.c.obj (.data:_unlock)
                  00003fae    00000004                            : dtor_list.c.obj (.data)
                  00003fb2    00000002                            : exit.c.obj (.data)
                  00003fb4    00000002                            : memory.c.obj (.data)

.sysmem    0    00002400    00001a90     UNINITIALIZED
                  00002400    00000006     rts430x_lc_rd_eabi.lib : memory.c.obj (.sysmem)
                  00002406    00001a8a     --HOLE--

.stack     0    00004180    00000280     UNINITIALIZED
                  00004180    00000004     rts430x_lc_rd_eabi.lib : boot.c.obj (.stack)
                  00004184    0000027c     --HOLE--

.text:_isr 
*          0    00004400    00000180     
                  00004400    000000ee     print.obj (.text:_isr:_Z11USCI_A1_ISRv)
                  000044ee    0000006e     scheduler_base.obj (.text:_isr:_ZN18abstract_scheduler7preemptEv)
                  0000455c    0000001c     rts430x_lc_rd_eabi.lib : boot.c.obj (.text:_isr:_c_int00_noargs)
                  00004578    00000008                            : isr_trap.asm.obj (.text:_isr:__TI_ISR_TRAP)

.cinit     0    0000480e    00000062     
                  0000480e    0000003f     (.cinit..data.load) [load image, compression = lzss]
                  0000484d    00000001     --HOLE-- [fill = 0]
                  0000484e    0000000c     (__TI_handler_table)
                  0000485a    00000006     (.cinit..bss.load) [load image, compression = zero_init]
                  00004860    00000010     (__TI_cinit_table)

.binit     0    00004400    00000000     

.init_array 
*          0    00004580    0000000c     
                  00004580    0000000c     <whole-program> (.init_array)

.const     0    0000458c    00000281     
                  0000458c    00000066     <whole-program> (.const:.string)
                  000045f2    00000060     rts430x_lc_rd_eabi.lib : hash.cpp.obj (.const:_ZN29_INTERNAL_8_hash_cpp_2c2068d2St3__231_GLOBAL__N__8_hash_cpp_2c2068d212small_primesE$8)
                  00004652    00000060                            : hash.cpp.obj (.const:_ZN29_INTERNAL_8_hash_cpp_2c2068d2St3__231_GLOBAL__N__8_hash_cpp_2c2068d27indicesE$8)
                  000046b2    00000044     scheduler_base.obj (.const:.string:_ZZNSt3__29allocatorI14stable_elementI4taskEE8allocateEjPKvEs)
                  000046f6    00000044     scheduler_base.obj (.const:.string:_ZZNSt3__29allocatorINS_4pairI4taskhEEE8allocateEjPKvEs)
                  0000473a    00000044     scheduler_base.obj (.const:.string:_ZZNSt3__29allocatorIPFvvEE8allocateEjPKvEs)
                  0000477e    00000044     scheduler_base.obj (.const:.string:_ZZNSt3__29allocatorIPNS_16__hash_node_baseIPNS_11__hash_nodeINS_17__hash_value_typeIPFvvE4taskEEPvEEEEE8allocateEjPKvEs)
                  000047c2    00000028     print.obj (.const:dv$3)
                  000047ea    00000010     print.obj (.const:.string:hex$1$3)
                  000047fa    0000000c     task.obj (.const:$P$T24$2$7)
                  00004806    00000007     rts430x_lc_rd_eabi.lib : vector.cpp.obj (.const:.string:_ZZNKSt3__220__vector_base_commonILb1EE20__throw_length_errorEvEs)

RTC        0    0000ffd2    00000002     
                  0000ffd2    00000002     rts430x_lc_rd_eabi.lib : int41.asm.obj (.int41)

PORT2      0    0000ffd4    00000002     
                  0000ffd4    00000002     rts430x_lc_rd_eabi.lib : int42.asm.obj (.int42)

TIMER2_A1 
*          0    0000ffd6    00000002     
                  0000ffd6    00000002     rts430x_lc_rd_eabi.lib : int43.asm.obj (.int43)

TIMER2_A0 
*          0    0000ffd8    00000002     
                  0000ffd8    00000002     rts430x_lc_rd_eabi.lib : int44.asm.obj (.int44)

USCI_B1    0    0000ffda    00000002     
                  0000ffda    00000002     rts430x_lc_rd_eabi.lib : int45.asm.obj (.int45)

USCI_A1    0    0000ffdc    00000002     
                  0000ffdc    00000002     <whole-program> (.int46)

PORT1      0    0000ffde    00000002     
                  0000ffde    00000002     rts430x_lc_rd_eabi.lib : int47.asm.obj (.int47)

TIMER1_A1 
*          0    0000ffe0    00000002     
                  0000ffe0    00000002     rts430x_lc_rd_eabi.lib : int48.asm.obj (.int48)

TIMER1_A0 
*          0    0000ffe2    00000002     
                  0000ffe2    00000002     rts430x_lc_rd_eabi.lib : int49.asm.obj (.int49)

DMA        0    0000ffe4    00000002     
                  0000ffe4    00000002     rts430x_lc_rd_eabi.lib : int50.asm.obj (.int50)

USB_UBM    0    0000ffe6    00000002     
                  0000ffe6    00000002     rts430x_lc_rd_eabi.lib : int51.asm.obj (.int51)

TIMER0_A1 
*          0    0000ffe8    00000002     
                  0000ffe8    00000002     rts430x_lc_rd_eabi.lib : int52.asm.obj (.int52)

TIMER0_A0 
*          0    0000ffea    00000002     
                  0000ffea    00000002     rts430x_lc_rd_eabi.lib : int53.asm.obj (.int53)

ADC12      0    0000ffec    00000002     
                  0000ffec    00000002     rts430x_lc_rd_eabi.lib : int54.asm.obj (.int54)

USCI_B0    0    0000ffee    00000002     
                  0000ffee    00000002     rts430x_lc_rd_eabi.lib : int55.asm.obj (.int55)

USCI_A0    0    0000fff0    00000002     
                  0000fff0    00000002     rts430x_lc_rd_eabi.lib : int56.asm.obj (.int56)

WDT        0    0000fff2    00000002     
                  0000fff2    00000002     <whole-program> (.int57)

TIMER0_B1 
*          0    0000fff4    00000002     
                  0000fff4    00000002     rts430x_lc_rd_eabi.lib : int58.asm.obj (.int58)

TIMER0_B0 
*          0    0000fff6    00000002     
                  0000fff6    00000002     rts430x_lc_rd_eabi.lib : int59.asm.obj (.int59)

COMP_B     0    0000fff8    00000002     
                  0000fff8    00000002     rts430x_lc_rd_eabi.lib : int60.asm.obj (.int60)

UNMI       0    0000fffa    00000002     
                  0000fffa    00000002     rts430x_lc_rd_eabi.lib : int61.asm.obj (.int61)

SYSNMI     0    0000fffc    00000002     
                  0000fffc    00000002     rts430x_lc_rd_eabi.lib : int62.asm.obj (.int62)

.reset     0    0000fffe    00000002     
                  0000fffe    00000002     rts430x_lc_rd_eabi.lib : boot.c.obj (.reset)

.text      0    00010000    00002c06     
                  00010000    00000380     rts430x_lc_rd_eabi.lib : hash.cpp.obj (.text:_ZNSt3__212__next_primeEj)
                  00010380    000002d0     scheduler_base.obj (.text:_ZN18abstract_scheduler16attach_interruptEPFvvERK4task)
                  00010650    00000278     scheduler_base.obj (.text:_ZN18abstract_scheduler18service_interruptsEv)
                  000108c8    00000178     scheduler_base.obj (.text:_ZNSt3__211__sift_downIRNS_4lessI14stable_elementI4taskEEENS_11__wrap_iterIPS4_EEEEvT0_SA_T_NS_15iterator_traitsISA_E15difference_typeESA_)
                  00010a40    00000132     rts430x_lc_rd_eabi.lib : fs_add.asm.obj (.text)
                  00010b72    0000012a     print.obj (.text:_Z11uart_printfPcz)
                  00010c9c    0000011c     scheduler_base.obj (.text:_ZNSt3__212__hash_tableINS_17__hash_value_typeIPFvvE4taskEENS_22__unordered_map_hasherIS3_S5_NS_4hashIS3_EELb1EEENS_21__unordered_map_equalIS3_S5_NS_8equal_toIS3_EELb1EEENS_9allocatorIS5_EEE8__rehashEj)
                  00010db8    00000118     scheduler_base.obj (.text:_ZNSt3__212__hash_tableINS_17__hash_value_typeIPFvvE4taskEENS_22__unordered_map_hasherIS3_S5_NS_4hashIS3_EELb1EEENS_21__unordered_map_equalIS3_S5_NS_8equal_toIS3_EELb1EEENS_9allocatorIS5_EEE4findIS3_EENS_15__hash_iteratorIPNS_11__hash_nodeIS5_PvEEEERKT_)
                  00010ed0    0000010a     scheduler_base.obj (.text:_ZNSt3__29__sift_upIRNS_4lessI14stable_elementI4taskEEENS_11__wrap_iterIPS4_EEEEvT0_SA_T_NS_15iterator_traitsISA_E15difference_typeE)
                  00010fda    00000100     rts430x_lc_rd_eabi.lib : memory.c.obj (.text:malloc)
                  000110da    000000f8     scheduler_base.obj (.text:_ZNSt3__212__hash_tableINS_17__hash_value_typeIPFvvE4taskEENS_22__unordered_map_hasherIS3_S5_NS_4hashIS3_EELb1EEENS_21__unordered_map_equalIS3_S5_NS_8equal_toIS3_EELb1EEENS_9allocatorIS5_EEE6rehashEj)
                  000111d2    000000e8     print.obj (.text:_ZNSt3__212__deque_baseIP4taskNS_9allocatorIS2_EEE5clearEv)
                  000112ba    000000e6     config.obj (.text:_ZN9schedulerIL21scheduling_algorithms0EED1Ev)
                  000113a0    000000da     rts430x_lc_rd_eabi.lib : s_ceilf.c.obj (.text:ceilf)
                  0001147a    000000d6     scheduler_base.obj (.text:_ZN14base_schedulerIL21scheduling_algorithms0EEC1Ev)
                  00011550    000000c0     config.obj (.text:_ZN9schedulerIL21scheduling_algorithms0EEC1Ev)
                  00011610    000000b8     rts430x_lc_rd_eabi.lib : fs_mpy.asm.obj (.text)
                  000116c8    000000b0     print.obj (.text:_Z12uart_tx_taskv)
                  00011778    000000ae     scheduler_base.obj (.text:_ZNSt3__26vectorI14stable_elementI4taskENS_9allocatorIS3_EEE24__emplace_back_slow_pathIJS2_jEEEvDpOT_)
                  00011826    000000ac     scheduler_base.obj (.text:_ZNSt3__26vectorINS_4pairI4taskhEENS_9allocatorIS3_EEE24__emplace_back_slow_pathIJS3_EEEvDpOT_)
                  000118d2    000000ac     print.obj (.text:__sti___9_print_cpp_rx_fifo)
                  0001197e    000000a8     print.obj (.text:_Z9uart_initv)
                  00011a26    0000009a     scheduler_base.obj (.text:_ZN14base_schedulerIL21scheduling_algorithms0EE8scheduleEv)
                  00011ac0    00000092     scheduler_base.obj (.text:_ZNSt3__26vectorIPFvvENS_9allocatorIS2_EEE21__push_back_slow_pathIRKS2_EEvOT_)
                  00011b52    00000090     rts430x_lc_rd_eabi.lib : fs_div.asm.obj (.text)
                  00011be2    0000008e     task.obj (.text:_ZN4taskC1EPFivEjhb)
                  00011c70    0000008c     rts430x_lc_rd_eabi.lib : memory.c.obj (.text:free)
                  00011cfc    00000084     scheduler_base.obj (.text:_ZNSt3__212__hash_tableINS_17__hash_value_typeIPFvvE4taskEENS_22__unordered_map_hasherIS3_S5_NS_4hashIS3_EELb1EEENS_21__unordered_map_equalIS3_S5_NS_8equal_toIS3_EELb1EEENS_9allocatorIS5_EEE21__construct_node_hashINS_4pairIS3_S4_EEJEEENS_10unique_ptrINS_11__hash_nodeIS5_PvEENS_22__hash_node_destructorINSE_ISN_EEEEEEjOT_DpOT0_)
                  00011d80    00000080     scheduler_base.obj (.text:_ZNSt3__26vectorI14stable_elementI4taskENS_9allocatorIS3_EEE26__swap_out_circular_bufferERNS_14__split_bufferIS3_RS5_EE)
                  00011e00    00000080     scheduler_base.obj (.text:_ZNSt3__26vectorINS_4pairI4taskhEENS_9allocatorIS3_EEE26__swap_out_circular_bufferERNS_14__split_bufferIS3_RS5_EE)
                  00011e80    00000078     print.obj (.text:_Z9uart_putcj)
                  00011ef8    00000076     rts430x_lc_rd_eabi.lib : copy_decompress_lzss.c.obj (.text:decompress:lzss:__TI_decompress_lzss)
                  00011f6e    00000072     scheduler_base.obj (.text:_ZNSt3__26vectorIPFvvENS_9allocatorIS2_EEE26__swap_out_circular_bufferERNS_14__split_bufferIS2_RS4_EE)
                  00011fe0    00000070     rts430x_lc_rd_eabi.lib : autoinit.c.obj (.text:__TI_auto_init_nobinit_hold_wdt:__TI_auto_init_nobinit_hold_wdt)
                  00012050    0000006e     scheduler_base.obj (.text:_ZNSt3__214__split_bufferI14stable_elementI4taskERNS_9allocatorIS3_EEEC1EjjS6_)
                  000120be    0000006e     scheduler_base.obj (.text:_ZNSt3__214__split_bufferINS_4pairI4taskhEERNS_9allocatorIS3_EEEC1EjjS6_)
                  0001212c    00000062     scheduler_base.obj (.text:_ZN14base_schedulerIL21scheduling_algorithms0EE8add_taskERK4task)
                  0001218e    00000062     print.obj (.text:_ZN29_INTERNAL_9_print_cpp_rx_fifo4xtoaEmPKm$3)
                  000121f0    0000005e     rts430x_lc_rd_eabi.lib : setjmp.asm.obj (.text)
                  0001224e    0000005a     print.obj (.text:_ZNSt3__212__deque_baseIP4taskNS_9allocatorIS2_EEE3endEv)
                  000122a8    00000052     print.obj (.text:_Z12uart_rx_taskv)
                  000122fa    00000052     scheduler_base.obj (.text:_ZNSt3__214__split_bufferIPFvvERNS_9allocatorIS2_EEEC1EjjS5_)
                  0001234c    00000050     main.obj (.text:_ZN9schedulerIL21scheduling_algorithms0EE4initEv)
                  0001239c    0000004e     scheduler_base.obj (.text:_ZNSt3__214__split_bufferI14stable_elementI4taskERNS_9allocatorIS3_EEED1Ev)
                  000123ea    0000004e     scheduler_base.obj (.text:_ZNSt3__214__split_bufferINS_4pairI4taskhEERNS_9allocatorIS3_EEED1Ev)
                  00012438    0000004a     rts430x_lc_rd_eabi.lib : exit.c.obj (.text:exit)
                  00012482    0000004a                            : fs_cmp.asm.obj (.text)
                  000124cc    00000046                            : dtor_list.c.obj (.text:_Z25__add_destruction_to_listPP20a_needed_destructionPFYvPvES2_S2_)
                  00012512    00000046                            : fs_tou.asm.obj (.text)
                  00012558    00000040                            : hash.cpp.obj (.text:_ZNSt3__213__lower_boundIRNS_6__lessIjjEEPKjjEET0_S6_S6_RKT1_T_)
                  00012598    0000003e                            : dtor_list.c.obj (.text:_Z23__finalize_destructionsPP20a_needed_destructionPv)
                  000125d6    0000003e                            : lsr32.asm.obj (.text:l_lsr_const)
                  00012614    0000003a     scheduler_base.obj (.text:_ZN18abstract_scheduler18schedule_interruptEPFvvE)
                  0001264e    00000036     task.obj (.text:_ZN4taskC1ERKS_)
                  00012684    00000032     functions.obj (.text:_Z3foov)
                  000126b6    00000032     print.obj (.text:_ZNSt3__25dequeIP4taskNS_9allocatorIS2_EEE9pop_frontEv)
                  000126e8    00000030     config.obj (.text:_ZNSt3__212__hash_tableINS_17__hash_value_typeIPFvvE4taskEENS_22__unordered_map_hasherIS3_S5_NS_4hashIS3_EELb1EEENS_21__unordered_map_equalIS3_S5_NS_8equal_toIS3_EELb1EEENS_9allocatorIS5_EEE17__deallocate_nodeEPNS_16__hash_node_baseIPNS_11__hash_nodeIS5_PvEEEE)
                  00012718    0000002c     scheduler_base.obj (.text:_ZNSt3__213__vector_baseI14stable_elementI4taskENS_9allocatorIS3_EEE17__destruct_at_endEPS3_)
                  00012744    0000002c     config.obj (.text:_ZNSt3__213__vector_baseI14stable_elementI4taskENS_9allocatorIS3_EEE5clearEv)
                  00012770    0000002c     print.obj (.text:_ZNSt3__25queueIP4taskNS_5dequeIS2_NS_9allocatorIS2_EEEEED1Ev)
                  0001279c    0000002c     task.obj (.text:__sti___8_task_cpp_009ea43b)
                  000127c8    0000002c     rts430x_lc_rd_eabi.lib : div16s.asm.obj (.text)
                  000127f4    0000002a     print.obj (.text:_ZN11ring_bufferIcEC1Ej)
                  0001281e    0000002a     scheduler_base.obj (.text:_ZNSt3__214__split_bufferIPFvvERNS_9allocatorIS2_EEED1Ev)
                  00012848    0000002a     print.obj (.text:_ZNSt3__214__split_bufferIPP4taskNS_9allocatorIS3_EEED1Ev)
                  00012872    00000024     print.obj (.text:_ZNSt3__26__treeIP4taskNS_4lessIS2_EENS_9allocatorIS2_EEE7destroyEPNS_11__tree_nodeIS2_PvEE)
                  00012896    00000024     rts430x_lc_rd_eabi.lib : new.cpp.obj (.text:_Znwj)
                  000128ba    00000024                            : copy_zero_init.c.obj (.text:decompress:ZI:__TI_zero_init_nomemset:__TI_zero_init_nomemset)
                  000128de    00000024                            : fs_utof.asm.obj (.text)
                  00012902    00000024                            : mult32_f5hw.asm.obj (.text)
                  00012926    00000022                            : dtor_list.c.obj (.text:_ZN33_INTERNAL_11_dtor_list_c_14e673d611__TI_atexitEPFYvPvES0_S0_$30)
                  00012948    00000022     functions.obj (.text:_ZN9schedulerIL21scheduling_algorithms0EE7refreshEv)
                  0001296a    00000022     config.obj (.text:_ZNSt3__212__hash_tableINS_17__hash_value_typeIPFvvE4taskEENS_22__unordered_map_hasherIS3_S5_NS_4hashIS3_EELb1EEENS_21__unordered_map_equalIS3_S5_NS_8equal_toIS3_EELb1EEENS_9allocatorIS5_EEED1Ev)
                  0001298c    0000001e     main.obj (.text:_ZN9schedulerIL21scheduling_algorithms0EE5startEv)
                  000129aa    0000001a     functions.obj (.text:_Z3barv)
                  000129c4    0000001a     print.obj (.text:_ZN11ring_bufferIcED1Ev)
                  000129de    0000001a     task.obj (.text:_ZN4taskD1Ev)
                  000129f8    0000001a     scheduler_base.obj (.text:_ZNSt3__24pairI4taskhED1Ev)
                  00012a12    00000018     print.obj (.text:_ZN9schedulerIL21scheduling_algorithms0EE5blockEv)
                  00012a2a    00000018     functions.obj (.text:_ZN9schedulerIL21scheduling_algorithms0EE5sleepEj)
                  00012a42    00000018     print.obj (.text:_ZNSt3__26__treeIP4taskNS_4lessIS2_EENS_9allocatorIS2_EEEC1ERKS4_)
                  00012a5a    00000018     rts430x_lc_rd_eabi.lib : mult16_f5hw.asm.obj (.text)
                  00012a72    00000016                            : memset.c.obj (.text:memset)
                  00012a88    00000016                            : div16u.asm.obj (.text)
                  00012a9e    00000014     task.obj (.text:_ZNSt3__210unique_ptrIA_jNS_14default_deleteIS1_EEE5resetEDn)
                  00012ab2    00000014     config.obj (.text:__sti___10_config_cpp_os)
                  00012ac6    00000014     rts430x_lc_rd_eabi.lib : memcpy.c.obj (.text:memcpy)
                  00012ada    00000012     print.obj (.text:_ZNSt3__23setIP4taskNS_4lessIS2_EENS_9allocatorIS2_EEED1Ev)
                  00012aec    00000012     rts430x_lc_rd_eabi.lib : copy_decompress_none.c.obj (.text:decompress:none:__TI_decompress_none)
                  00012afe    00000012     main.obj (.text:main)
                  00012b10    00000010     scheduler_base.obj (.text:_ZNKSt3__213__vector_baseI14stable_elementI4taskENS_9allocatorIS3_EEE8capacityEv)
                  00012b20    00000010     rts430x_lc_rd_eabi.lib : asr32.asm.obj (.text:l_asr)
                  00012b30    0000000e     functions.obj (.text:_Z3fibv)
                  00012b3e    0000000e     functions.obj (.text:_Z8printer1v)
                  00012b4c    0000000e     functions.obj (.text:_Z8printer2v)
                  00012b5a    0000000e     functions.obj (.text:_Z8printer3v)
                  00012b68    0000000e     functions.obj (.text:_Z8printer4v)
                  00012b76    0000000e     task.obj (.text:_ZN4task4loadEv)
                  00012b84    0000000c     task.obj (.text:_ZN4task4idleEv)
                  00012b90    0000000a     rts430x_lc_rd_eabi.lib : new.cpp.obj (.text:_ZdlPv)
                  00012b9a    0000000a                            : lsl16.asm.obj (.text)
                  00012ba4    00000008                            : vector.cpp.obj (.text:_ZNKSt3__220__vector_base_commonILb1EE20__throw_length_errorEv)
                  00012bac    00000008     scheduler_base.obj (.text:_ZNSt3__222__compressed_pair_elemIP14stable_elementI4taskELi0ELb0EEC1IDnvEEOT_)
                  00012bb4    00000006     scheduler_base.obj (.text:_ZNKSt3__213__vector_baseI14stable_elementI4taskENS_9allocatorIS3_EEE9__end_capEv)
                  00012bba    00000006     task.obj (.text:_ZNKSt3__214default_deleteIA_jEclIjEENS2_20_EnableIfConvertibleIT_E4typeEPS5_)
                  00012bc0    00000006     scheduler_base.obj (.text:_ZNSt3__213__vector_baseI14stable_elementI4taskENS_9allocatorIS3_EEE7__allocEv)
                  00012bc6    00000006     scheduler_base.obj (.text:_ZNSt3__216allocator_traitsINS_9allocatorI14stable_elementI4taskEEEE10deallocateERS5_PS4_j)
                  00012bcc    00000006     scheduler_base.obj (.text:_ZNSt3__222__compressed_pair_elemIjLi0ELb0EEC2IivEEOT_)
                  00012bd2    00000006     scheduler_base.obj (.text:_ZNSt3__29allocatorI14stable_elementI4taskEE10deallocateEPS3_j)
                  00012bd8    00000006     rts430x_lc_rd_eabi.lib : exit.c.obj (.text:abort)
                  00012bde    00000004     scheduler_base.obj (.text:_ZN9schedulerIL21scheduling_algorithms0EE15restore_contextER4task)
                  00012be2    00000004     rts430x_lc_rd_eabi.lib : vector.cpp.obj (.text:_ZNSt3__220__throw_length_errorEPKc)
                  00012be6    00000004                            : new.cpp.obj (.text:_ZdaPv)
                  00012bea    00000004                            : new.cpp.obj (.text:_Znaj)
                  00012bee    00000004                            : dtor_list.c.obj (.text:__cxa_ia64_exit)
                  00012bf2    00000004                            : pre_init.c.obj (.text:_system_pre_init)
                  00012bf6    00000002     scheduler_base.obj (.text:_ZNSt3__216allocator_traitsINS_9allocatorIPFvvEEEE9__destroyIS3_EEvNS_17integral_constantIbLb1EEERS4_PT_)
                  00012bf8    00000002     scheduler_base.obj (.text:_ZNSt3__217__compressed_pairIP14stable_elementI4taskENS_9allocatorIS3_EEE6secondEv)
                  00012bfa    00000002     scheduler_base.obj (.text:_ZNSt3__217__compressed_pairIPPFvvENS_9allocatorIS2_EEE6secondEv)
                  00012bfc    00000002     task.obj (.text:_ZNSt3__217__compressed_pairIPjNS_14default_deleteIA_jEEE5firstEv)
                  00012bfe    00000002     task.obj (.text:_ZNSt3__217__compressed_pairIPjNS_14default_deleteIA_jEEE6secondEv)
                  00012c00    00000002     scheduler_base.obj (.text:_ZNSt3__27forwardIiEEOT_RNS_16remove_referenceIS1_E4typeE)
                  00012c02    00000002     rts430x_lc_rd_eabi.lib : _lock.c.obj (.text:_nop)
                  00012c04    00000002                            : startup.c.obj (.text:_system_post_cinit)

MODULE SUMMARY

       Module                                   code    ro data   rw data
       ------                                   ----    -------   -------
    .\
       scheduler_base.obj                       5070    272       0      
       print.obj                                1980    56        74     
       config.obj                               568     0         122    
       task.obj                                 322     12        56     
       functions.obj                            204     0         0      
       main.obj                                 128     0         0      
    +--+----------------------------------------+-------+---------+---------+
       Total:                                   8272    340       252    
                                                                         
    C:\Users\krad2\AppData\Local\Temp\
       {5687D235-6BDE-4638-8E99-0B9EBFA95B59}   0       118       4      
    +--+----------------------------------------+-------+---------+---------+
       Total:                                   0       118       4      
                                                                         
    C:\ti\ccsv8\tools\compiler\ti-cgt-msp430_18.1.6.LTS\lib\rts430x_lc_rd_eabi.lib
       hash.cpp.obj                             960     192       0      
       memory.c.obj                             396     0         12     
       fs_add.asm.obj                           306     0         0      
       s_ceilf.c.obj                            218     0         0      
       fs_mpy.asm.obj                           184     0         0      
       dtor_list.c.obj                          170     0         4      
       fs_div.asm.obj                           144     0         0      
       copy_decompress_lzss.c.obj               118     0         0      
       autoinit.c.obj                           112     0         0      
       setjmp.asm.obj                           94      0         0      
       exit.c.obj                               80      0         2      
       fs_cmp.asm.obj                           74      0         0      
       fs_tou.asm.obj                           70      0         0      
       lsr32.asm.obj                            62      0         0      
       new.cpp.obj                              54      0         4      
       div16s.asm.obj                           44      0         0      
       copy_zero_init.c.obj                     36      0         0      
       fs_utof.asm.obj                          36      0         0      
       mult32_f5hw.asm.obj                      36      0         0      
       boot.c.obj                               28      2         0      
       mult16_f5hw.asm.obj                      24      0         0      
       div16u.asm.obj                           22      0         0      
       memset.c.obj                             22      0         0      
       memcpy.c.obj                             20      0         0      
       vector.cpp.obj                           12      7         0      
       copy_decompress_none.c.obj               18      0         0      
       asr32.asm.obj                            16      0         0      
       _lock.c.obj                              2       0         8      
       lsl16.asm.obj                            10      0         0      
       exit_gvars.c.obj                         0       0         8      
       isr_trap.asm.obj                         8       0         0      
       pre_init.c.obj                           4       0         0      
       int41.asm.obj                            0       2         0      
       int42.asm.obj                            0       2         0      
       int43.asm.obj                            0       2         0      
       int44.asm.obj                            0       2         0      
       int45.asm.obj                            0       2         0      
       int47.asm.obj                            0       2         0      
       int48.asm.obj                            0       2         0      
       int49.asm.obj                            0       2         0      
       int50.asm.obj                            0       2         0      
       int51.asm.obj                            0       2         0      
       int52.asm.obj                            0       2         0      
       int53.asm.obj                            0       2         0      
       int54.asm.obj                            0       2         0      
       int55.asm.obj                            0       2         0      
       int56.asm.obj                            0       2         0      
       int58.asm.obj                            0       2         0      
       int59.asm.obj                            0       2         0      
       int60.asm.obj                            0       2         0      
       int61.asm.obj                            0       2         0      
       int62.asm.obj                            0       2         0      
       startup.c.obj                            2       0         0      
    +--+----------------------------------------+-------+---------+---------+
       Total:                                   3382    241       38     
                                                                         
       Heap:                                    0       0         6800   
       Stack:                                   0       0         640    
       Linker Generated:                        0       97        0      
    +--+----------------------------------------+-------+---------+---------+
       Grand Total:                             11654   796       7734   


LINKER GENERATED COPY TABLES

__TI_cinit_table @ 00004860 records: 2, size/record: 8, table size: 16
	.data: load addr=0000480e, load size=0000003f bytes, run addr=00003f66, run size=00000050 bytes, compression=lzss
	.bss: load addr=0000485a, load size=00000006 bytes, run addr=00003e90, run size=000000d6 bytes, compression=zero_init


LINKER GENERATED HANDLER TABLE

__TI_handler_table @ 0000484e records: 3, size/record: 4, table size: 12
	index: 0, handler: __TI_zero_init
	index: 1, handler: __TI_decompress_lzss
	index: 2, handler: __TI_decompress_none


GLOBAL SYMBOLS: SORTED ALPHABETICALLY BY Name 

address   name                                                                                                                                                                                                                                                                                                                                   
-------   ----                                                                                                                                                                                                                                                                                                                                   
00000700  ADC12CTL0                                                                                                                                                                                                                                                                                                                              
00000701  ADC12CTL0_H                                                                                                                                                                                                                                                                                                                            
00000700  ADC12CTL0_L                                                                                                                                                                                                                                                                                                                            
00000702  ADC12CTL1                                                                                                                                                                                                                                                                                                                              
00000703  ADC12CTL1_H                                                                                                                                                                                                                                                                                                                            
00000702  ADC12CTL1_L                                                                                                                                                                                                                                                                                                                            
00000704  ADC12CTL2                                                                                                                                                                                                                                                                                                                              
00000705  ADC12CTL2_H                                                                                                                                                                                                                                                                                                                            
00000704  ADC12CTL2_L                                                                                                                                                                                                                                                                                                                            
0000070c  ADC12IE                                                                                                                                                                                                                                                                                                                                
0000070d  ADC12IE_H                                                                                                                                                                                                                                                                                                                              
0000070c  ADC12IE_L                                                                                                                                                                                                                                                                                                                              
0000070a  ADC12IFG                                                                                                                                                                                                                                                                                                                               
0000070b  ADC12IFG_H                                                                                                                                                                                                                                                                                                                             
0000070a  ADC12IFG_L                                                                                                                                                                                                                                                                                                                             
0000070e  ADC12IV                                                                                                                                                                                                                                                                                                                                
0000070f  ADC12IV_H                                                                                                                                                                                                                                                                                                                              
0000070e  ADC12IV_L                                                                                                                                                                                                                                                                                                                              
00000710  ADC12MCTL0                                                                                                                                                                                                                                                                                                                             
00000711  ADC12MCTL1                                                                                                                                                                                                                                                                                                                             
0000071a  ADC12MCTL10                                                                                                                                                                                                                                                                                                                            
0000071b  ADC12MCTL11                                                                                                                                                                                                                                                                                                                            
0000071c  ADC12MCTL12                                                                                                                                                                                                                                                                                                                            
0000071d  ADC12MCTL13                                                                                                                                                                                                                                                                                                                            
0000071e  ADC12MCTL14                                                                                                                                                                                                                                                                                                                            
0000071f  ADC12MCTL15                                                                                                                                                                                                                                                                                                                            
00000712  ADC12MCTL2                                                                                                                                                                                                                                                                                                                             
00000713  ADC12MCTL3                                                                                                                                                                                                                                                                                                                             
00000714  ADC12MCTL4                                                                                                                                                                                                                                                                                                                             
00000715  ADC12MCTL5                                                                                                                                                                                                                                                                                                                             
00000716  ADC12MCTL6                                                                                                                                                                                                                                                                                                                             
00000717  ADC12MCTL7                                                                                                                                                                                                                                                                                                                             
00000718  ADC12MCTL8                                                                                                                                                                                                                                                                                                                             
00000719  ADC12MCTL9                                                                                                                                                                                                                                                                                                                             
00000720  ADC12MEM0                                                                                                                                                                                                                                                                                                                              
00000721  ADC12MEM0_H                                                                                                                                                                                                                                                                                                                            
00000720  ADC12MEM0_L                                                                                                                                                                                                                                                                                                                            
00000722  ADC12MEM1                                                                                                                                                                                                                                                                                                                              
00000734  ADC12MEM10                                                                                                                                                                                                                                                                                                                             
00000735  ADC12MEM10_H                                                                                                                                                                                                                                                                                                                           
00000734  ADC12MEM10_L                                                                                                                                                                                                                                                                                                                           
00000736  ADC12MEM11                                                                                                                                                                                                                                                                                                                             
00000737  ADC12MEM11_H                                                                                                                                                                                                                                                                                                                           
00000736  ADC12MEM11_L                                                                                                                                                                                                                                                                                                                           
00000738  ADC12MEM12                                                                                                                                                                                                                                                                                                                             
00000739  ADC12MEM12_H                                                                                                                                                                                                                                                                                                                           
00000738  ADC12MEM12_L                                                                                                                                                                                                                                                                                                                           
0000073a  ADC12MEM13                                                                                                                                                                                                                                                                                                                             
0000073b  ADC12MEM13_H                                                                                                                                                                                                                                                                                                                           
0000073a  ADC12MEM13_L                                                                                                                                                                                                                                                                                                                           
0000073c  ADC12MEM14                                                                                                                                                                                                                                                                                                                             
0000073d  ADC12MEM14_H                                                                                                                                                                                                                                                                                                                           
0000073c  ADC12MEM14_L                                                                                                                                                                                                                                                                                                                           
0000073e  ADC12MEM15                                                                                                                                                                                                                                                                                                                             
0000073f  ADC12MEM15_H                                                                                                                                                                                                                                                                                                                           
0000073e  ADC12MEM15_L                                                                                                                                                                                                                                                                                                                           
00000723  ADC12MEM1_H                                                                                                                                                                                                                                                                                                                            
00000722  ADC12MEM1_L                                                                                                                                                                                                                                                                                                                            
00000724  ADC12MEM2                                                                                                                                                                                                                                                                                                                              
00000725  ADC12MEM2_H                                                                                                                                                                                                                                                                                                                            
00000724  ADC12MEM2_L                                                                                                                                                                                                                                                                                                                            
00000726  ADC12MEM3                                                                                                                                                                                                                                                                                                                              
00000727  ADC12MEM3_H                                                                                                                                                                                                                                                                                                                            
00000726  ADC12MEM3_L                                                                                                                                                                                                                                                                                                                            
00000728  ADC12MEM4                                                                                                                                                                                                                                                                                                                              
00000729  ADC12MEM4_H                                                                                                                                                                                                                                                                                                                            
00000728  ADC12MEM4_L                                                                                                                                                                                                                                                                                                                            
0000072a  ADC12MEM5                                                                                                                                                                                                                                                                                                                              
0000072b  ADC12MEM5_H                                                                                                                                                                                                                                                                                                                            
0000072a  ADC12MEM5_L                                                                                                                                                                                                                                                                                                                            
0000072c  ADC12MEM6                                                                                                                                                                                                                                                                                                                              
0000072d  ADC12MEM6_H                                                                                                                                                                                                                                                                                                                            
0000072c  ADC12MEM6_L                                                                                                                                                                                                                                                                                                                            
0000072e  ADC12MEM7                                                                                                                                                                                                                                                                                                                              
0000072f  ADC12MEM7_H                                                                                                                                                                                                                                                                                                                            
0000072e  ADC12MEM7_L                                                                                                                                                                                                                                                                                                                            
00000730  ADC12MEM8                                                                                                                                                                                                                                                                                                                              
00000731  ADC12MEM8_H                                                                                                                                                                                                                                                                                                                            
00000730  ADC12MEM8_L                                                                                                                                                                                                                                                                                                                            
00000732  ADC12MEM9                                                                                                                                                                                                                                                                                                                              
00000733  ADC12MEM9_H                                                                                                                                                                                                                                                                                                                            
00000732  ADC12MEM9_L                                                                                                                                                                                                                                                                                                                            
00012bd8  C$$EXIT                                                                                                                                                                                                                                                                                                                                
000008c0  CBCTL0                                                                                                                                                                                                                                                                                                                                 
000008c1  CBCTL0_H                                                                                                                                                                                                                                                                                                                               
000008c0  CBCTL0_L                                                                                                                                                                                                                                                                                                                               
000008c2  CBCTL1                                                                                                                                                                                                                                                                                                                                 
000008c3  CBCTL1_H                                                                                                                                                                                                                                                                                                                               
000008c2  CBCTL1_L                                                                                                                                                                                                                                                                                                                               
000008c4  CBCTL2                                                                                                                                                                                                                                                                                                                                 
000008c5  CBCTL2_H                                                                                                                                                                                                                                                                                                                               
000008c4  CBCTL2_L                                                                                                                                                                                                                                                                                                                               
000008c6  CBCTL3                                                                                                                                                                                                                                                                                                                                 
000008c7  CBCTL3_H                                                                                                                                                                                                                                                                                                                               
000008c6  CBCTL3_L                                                                                                                                                                                                                                                                                                                               
000008cc  CBINT                                                                                                                                                                                                                                                                                                                                  
000008cd  CBINT_H                                                                                                                                                                                                                                                                                                                                
000008cc  CBINT_L                                                                                                                                                                                                                                                                                                                                
000008ce  CBIV                                                                                                                                                                                                                                                                                                                                   
00000150  CRCDI                                                                                                                                                                                                                                                                                                                                  
00000152  CRCDIRB                                                                                                                                                                                                                                                                                                                                
00000153  CRCDIRB_H                                                                                                                                                                                                                                                                                                                              
00000152  CRCDIRB_L                                                                                                                                                                                                                                                                                                                              
00000151  CRCDI_H                                                                                                                                                                                                                                                                                                                                
00000150  CRCDI_L                                                                                                                                                                                                                                                                                                                                
00000154  CRCINIRES                                                                                                                                                                                                                                                                                                                              
00000155  CRCINIRES_H                                                                                                                                                                                                                                                                                                                            
00000154  CRCINIRES_L                                                                                                                                                                                                                                                                                                                            
00000156  CRCRESR                                                                                                                                                                                                                                                                                                                                
00000157  CRCRESR_H                                                                                                                                                                                                                                                                                                                              
00000156  CRCRESR_L                                                                                                                                                                                                                                                                                                                              
00000510  DMA0CTL                                                                                                                                                                                                                                                                                                                                
00000516  DMA0DA                                                                                                                                                                                                                                                                                                                                 
00000518  DMA0DAH                                                                                                                                                                                                                                                                                                                                
00000516  DMA0DAL                                                                                                                                                                                                                                                                                                                                
00000512  DMA0SA                                                                                                                                                                                                                                                                                                                                 
00000514  DMA0SAH                                                                                                                                                                                                                                                                                                                                
00000512  DMA0SAL                                                                                                                                                                                                                                                                                                                                
0000051a  DMA0SZ                                                                                                                                                                                                                                                                                                                                 
00000520  DMA1CTL                                                                                                                                                                                                                                                                                                                                
00000526  DMA1DA                                                                                                                                                                                                                                                                                                                                 
00000528  DMA1DAH                                                                                                                                                                                                                                                                                                                                
00000526  DMA1DAL                                                                                                                                                                                                                                                                                                                                
00000522  DMA1SA                                                                                                                                                                                                                                                                                                                                 
00000524  DMA1SAH                                                                                                                                                                                                                                                                                                                                
00000522  DMA1SAL                                                                                                                                                                                                                                                                                                                                
0000052a  DMA1SZ                                                                                                                                                                                                                                                                                                                                 
00000530  DMA2CTL                                                                                                                                                                                                                                                                                                                                
00000536  DMA2DA                                                                                                                                                                                                                                                                                                                                 
[...]
0001296a  _ZNSt3__212__hash_tableINS_17__hash_value_typeIPFvvE4taskEENS_22__unordered_map_hasherIS3_S5_NS_4hashIS3_EELb1EEENS_21__unordered_map_equalIS3_S5_NS_8equal_toIS3_EELb1EEENS_9allocatorIS5_EEED1Ev                                                                                                                                     
0001298c  _ZN9schedulerIL21scheduling_algorithms0EE5startEv                                                                                                                                                                                                                                                                                      
000129aa  _Z3barv                                                                                                                                                                                                                                                                                                                                
000129c4  _ZN11ring_bufferIcED1Ev                                                                                                                                                                                                                                                                                                                
000129de  _ZN4taskD1Ev                                                                                                                                                                                                                                                                                                                           
000129f8  _ZNSt3__24pairI4taskhED1Ev                                                                                                                                                                                                                                                                                                             
00012a12  _ZN9schedulerIL21scheduling_algorithms0EE5blockEv                                                                                                                                                                                                                                                                                      
00012a2a  _ZN9schedulerIL21scheduling_algorithms0EE5sleepEj                                                                                                                                                                                                                                                                                      
00012a42  _ZNSt3__26__treeIP4taskNS_4lessIS2_EENS_9allocatorIS2_EEEC1ERKS4_                                                                                                                                                                                                                                                                      
00012a5a  __mspabi_mpyi_f5hw                                                                                                                                                                                                                                                                                                                     
00012a72  memset                                                                                                                                                                                                                                                                                                                                 
00012a88  __mspabi_divu                                                                                                                                                                                                                                                                                                                          
00012a88  __mspabi_remu                                                                                                                                                                                                                                                                                                                          
00012a9e  _ZNSt3__210unique_ptrIA_jNS_14default_deleteIS1_EEE5resetEDn                                                                                                                                                                                                                                                                           
00012ab2  __sti___10_config_cpp_os                                                                                                                                                                                                                                                                                                               
00012ac6  memcpy                                                                                                                                                                                                                                                                                                                                 
00012ada  _ZNSt3__23setIP4taskNS_4lessIS2_EENS_9allocatorIS2_EEED1Ev                                                                                                                                                                                                                                                                             
00012aec  __TI_decompress_none                                                                                                                                                                                                                                                                                                                   
00012afe  main                                                                                                                                                                                                                                                                                                                                   
00012b10  _ZNKSt3__213__vector_baseI14stable_elementI4taskENS_9allocatorIS3_EEE8capacityEv                                                                                                                                                                                                                                                       
00012b20  __mspabi_sral                                                                                                                                                                                                                                                                                                                          
00012b30  _Z3fibv                                                                                                                                                                                                                                                                                                                                
00012b3e  _Z8printer1v                                                                                                                                                                                                                                                                                                                           
00012b4c  _Z8printer2v                                                                                                                                                                                                                                                                                                                           
00012b5a  _Z8printer3v                                                                                                                                                                                                                                                                                                                           
00012b68  _Z8printer4v                                                                                                                                                                                                                                                                                                                           
00012b76  _ZN4task4loadEv                                                                                                                                                                                                                                                                                                                        
00012b84  _ZN4task4idleEv                                                                                                                                                                                                                                                                                                                        
00012b90  _ZdlPv                                                                                                                                                                                                                                                                                                                                 
00012b9a  __mspabi_slli                                                                                                                                                                                                                                                                                                                          
00012ba4  _ZNKSt3__220__vector_base_commonILb1EE20__throw_length_errorEv                                                                                                                                                                                                                                                                         
00012bac  _ZNSt3__222__compressed_pair_elemIP14stable_elementI4taskELi0ELb0EEC1IDnvEEOT_                                                                                                                                                                                                                                                         
00012bb4  _ZNKSt3__213__vector_baseI14stable_elementI4taskENS_9allocatorIS3_EEE9__end_capEv                                                                                                                                                                                                                                                      
00012bba  _ZNKSt3__214default_deleteIA_jEclIjEENS2_20_EnableIfConvertibleIT_E4typeEPS5_                                                                                                                                                                                                                                                          
00012bc0  _ZNSt3__213__vector_baseI14stable_elementI4taskENS_9allocatorIS3_EEE7__allocEv                                                                                                                                                                                                                                                         
00012bc6  _ZNSt3__216allocator_traitsINS_9allocatorI14stable_elementI4taskEEEE10deallocateERS5_PS4_j                                                                                                                                                                                                                                             
00012bcc  _ZNSt3__222__compressed_pair_elemIjLi0ELb0EEC2IivEEOT_                                                                                                                                                                                                                                                                                 
00012bd2  _ZNSt3__29allocatorI14stable_elementI4taskEE10deallocateEPS3_j                                                                                                                                                                                                                                                                         
00012bd8  C$$EXIT                                                                                                                                                                                                                                                                                                                                
00012bd8  _ZSt17__throw_bad_allocv                                                                                                                                                                                                                                                                                                               
00012bd8  abort                                                                                                                                                                                                                                                                                                                                  
00012bde  _ZN9schedulerIL21scheduling_algorithms0EE15restore_contextER4task                                                                                                                                                                                                                                                                      
00012be2  _ZNSt3__220__throw_length_errorEPKc                                                                                                                                                                                                                                                                                                    
00012be6  _ZdaPv                                                                                                                                                                                                                                                                                                                                 
00012bea  _Znaj                                                                                                                                                                                                                                                                                                                                  
00012bee  __cxa_ia64_exit                                                                                                                                                                                                                                                                                                                        
00012bf2  _system_pre_init                                                                                                                                                                                                                                                                                                                       
00012bf6  _ZNSt3__216allocator_traitsINS_9allocatorIPFvvEEEE9__destroyIS3_EEvNS_17integral_constantIbLb1EEERS4_PT_                                                                                                                                                                                                                               
00012bf8  _ZNSt3__217__compressed_pairIP14stable_elementI4taskENS_9allocatorIS3_EEE6secondEv                                                                                                                                                                                                                                                     
00012bfa  _ZNSt3__217__compressed_pairIPPFvvENS_9allocatorIS2_EEE6secondEv                                                                                                                                                                                                                                                                       
00012bfc  _ZNSt3__217__compressed_pairIPjNS_14default_deleteIA_jEEE5firstEv                                                                                                                                                                                                                                                                      
00012bfe  _ZNSt3__217__compressed_pairIPjNS_14default_deleteIA_jEEE6secondEv                                                                                                                                                                                                                                                                     
00012c00  _ZNSt3__27forwardIiEEOT_RNS_16remove_referenceIS1_E4typeE                                                                                                                                                                                                                                                                              
00012c02  _nop                                                                                                                                                                                                                                                                                                                                   
00012c04  _system_post_cinit                                                                                                                                                                                                                                                                                                                     
ffffffff  __TI_pprof_out_hndl                                                                                                                                                                                                                                                                                                                    
ffffffff  __TI_prof_data_size                                                                                                                                                                                                                                                                                                                    
ffffffff  __TI_prof_data_start                                                                                                                                                                                                                                                                                                                   
ffffffff  __c_args__                                                                                                                                                                                                                                                                                                                             

[935 symbols]
