******************************************************************************
                  MSP430 Linker PC v18.1.6                     
******************************************************************************
>> Linked Sun Sep 15 15:27:29 2019

OUTPUT FILE NAME:   <f5529_kernel.out>
ENTRY POINT SYMBOL: "_c_int00_noargs"  address: 000044f6


MEMORY CONFIGURATION

         name            origin    length      used     unused   attr    fill
----------------------  --------  ---------  --------  --------  ----  --------
  SFR                   00000000   00000010  00000000  00000010  RWIX
  PERIPHERALS_8BIT      00000010   000000f0  00000000  000000f0  RWIX
  PERIPHERALS_16BIT     00000100   00000100  00000000  00000100  RWIX
  INFOD                 00001800   00000080  00000000  00000080  RWIX
  INFOC                 00001880   00000080  00000000  00000080  RWIX
  INFOB                 00001900   00000080  00000000  00000080  RWIX
  INFOA                 00001980   00000080  00000000  00000080  RWIX
  USBRAM                00001c00   00000800  00000000  00000800  RWIX
  RAM                   00002400   00002000  00000f9c  00001064  RWIX
  FLASH                 00004400   0000bb80  00000303  0000b87d  RWIX
  INT00                 0000ff80   00000002  00000000  00000002  RWIX
  INT01                 0000ff82   00000002  00000000  00000002  RWIX
  INT02                 0000ff84   00000002  00000000  00000002  RWIX
  INT03                 0000ff86   00000002  00000000  00000002  RWIX
  INT04                 0000ff88   00000002  00000000  00000002  RWIX
  INT05                 0000ff8a   00000002  00000000  00000002  RWIX
  INT06                 0000ff8c   00000002  00000000  00000002  RWIX
  INT07                 0000ff8e   00000002  00000000  00000002  RWIX
  INT08                 0000ff90   00000002  00000000  00000002  RWIX
  INT09                 0000ff92   00000002  00000000  00000002  RWIX
  INT10                 0000ff94   00000002  00000000  00000002  RWIX
  INT11                 0000ff96   00000002  00000000  00000002  RWIX
  INT12                 0000ff98   00000002  00000000  00000002  RWIX
  INT13                 0000ff9a   00000002  00000000  00000002  RWIX
  INT14                 0000ff9c   00000002  00000000  00000002  RWIX
  INT15                 0000ff9e   00000002  00000000  00000002  RWIX
  INT16                 0000ffa0   00000002  00000000  00000002  RWIX
  INT17                 0000ffa2   00000002  00000000  00000002  RWIX
  INT18                 0000ffa4   00000002  00000000  00000002  RWIX
  INT19                 0000ffa6   00000002  00000000  00000002  RWIX
  INT20                 0000ffa8   00000002  00000000  00000002  RWIX
  INT21                 0000ffaa   00000002  00000000  00000002  RWIX
  INT22                 0000ffac   00000002  00000000  00000002  RWIX
  INT23                 0000ffae   00000002  00000000  00000002  RWIX
  INT24                 0000ffb0   00000002  00000000  00000002  RWIX
  INT25                 0000ffb2   00000002  00000000  00000002  RWIX
  INT26                 0000ffb4   00000002  00000000  00000002  RWIX
  INT27                 0000ffb6   00000002  00000000  00000002  RWIX
  INT28                 0000ffb8   00000002  00000000  00000002  RWIX
  INT29                 0000ffba   00000002  00000000  00000002  RWIX
  INT30                 0000ffbc   00000002  00000000  00000002  RWIX
  INT31                 0000ffbe   00000002  00000000  00000002  RWIX
  INT32                 0000ffc0   00000002  00000000  00000002  RWIX
  INT33                 0000ffc2   00000002  00000000  00000002  RWIX
  INT34                 0000ffc4   00000002  00000000  00000002  RWIX
  INT35                 0000ffc6   00000002  00000000  00000002  RWIX
  INT36                 0000ffc8   00000002  00000000  00000002  RWIX
  INT37                 0000ffca   00000002  00000000  00000002  RWIX
  INT38                 0000ffcc   00000002  00000000  00000002  RWIX
  INT39                 0000ffce   00000002  00000000  00000002  RWIX
  INT40                 0000ffd0   00000002  00000000  00000002  RWIX
  INT41                 0000ffd2   00000002  00000002  00000000  RWIX
  INT42                 0000ffd4   00000002  00000002  00000000  RWIX
  INT43                 0000ffd6   00000002  00000002  00000000  RWIX
  INT44                 0000ffd8   00000002  00000002  00000000  RWIX
  INT45                 0000ffda   00000002  00000002  00000000  RWIX
  INT46                 0000ffdc   00000002  00000002  00000000  RWIX
  INT47                 0000ffde   00000002  00000002  00000000  RWIX
  INT48                 0000ffe0   00000002  00000002  00000000  RWIX
  INT49                 0000ffe2   00000002  00000002  00000000  RWIX
  INT50                 0000ffe4   00000002  00000002  00000000  RWIX
  INT51                 0000ffe6   00000002  00000002  00000000  RWIX
  INT52                 0000ffe8   00000002  00000002  00000000  RWIX
  INT53                 0000ffea   00000002  00000002  00000000  RWIX
  INT54                 0000ffec   00000002  00000002  00000000  RWIX
  INT55                 0000ffee   00000002  00000002  00000000  RWIX
  INT56                 0000fff0   00000002  00000002  00000000  RWIX
  INT57                 0000fff2   00000002  00000002  00000000  RWIX
  INT58                 0000fff4   00000002  00000002  00000000  RWIX
  INT59                 0000fff6   00000002  00000002  00000000  RWIX
  INT60                 0000fff8   00000002  00000002  00000000  RWIX
  INT61                 0000fffa   00000002  00000002  00000000  RWIX
  INT62                 0000fffc   00000002  00000002  00000000  RWIX
  RESET                 0000fffe   00000002  00000002  00000000  RWIX
  FLASH2                00010000   00014400  0000235c  000120a4  RWIX


SECTION ALLOCATION MAP

 output                                  attributes/
section   page    origin      length       input sections
--------  ----  ----------  ----------   ----------------
.bss       0    00003080    00000084     UNINITIALIZED
                  00003080    0000004c     task.obj (.bss:_ZN4task9idle_hookE)
                  000030cc    00000026     main.obj (.bss:os)
                  000030f2    0000000a     rts430x_lc_rd_eabi.lib : memory.c.obj (.bss)
                  000030fc    00000004                            : new.cpp.obj (.bss)
                  00003100    00000004     (.common:__dso_handle)

.data      0    00003104    00000018     UNINITIALIZED
                  00003104    00000004     rts430x_lc_rd_eabi.lib : exit_gvars.c.obj (.data:__TI_cleanup_ptr)
                  00003108    00000004                            : exit_gvars.c.obj (.data:__TI_dtors_ptr)
                  0000310c    00000004                            : _lock.c.obj (.data:_lock)
                  00003110    00000004                            : _lock.c.obj (.data:_unlock)
                  00003114    00000004                            : dtor_list.c.obj (.data)
                  00003118    00000002                            : exit.c.obj (.data)
                  0000311a    00000002                            : memory.c.obj (.data)

.sysmem    0    00002400    00000c80     UNINITIALIZED
                  00002400    00000006     rts430x_lc_rd_eabi.lib : memory.c.obj (.sysmem)
                  00002406    00000c7a     --HOLE--

.stack     0    00004180    00000280     UNINITIALIZED
                  00004180    00000004     rts430x_lc_rd_eabi.lib : boot.c.obj (.stack)
                  00004184    0000027c     --HOLE--

.text:_isr 
*          0    00004400    0000011a     
                  00004400    000000b6     print.obj (.text:_isr:_Z11USCI_A1_ISRv)
                  000044b6    00000040     main.obj (.text:_isr:_Z3bobv)
                  000044f6    0000001c     rts430x_lc_rd_eabi.lib : boot.c.obj (.text:_isr:_c_int00_noargs)
                  00004512    00000008                            : isr_trap.asm.obj (.text:_isr:__TI_ISR_TRAP)

.cinit     0    000046d0    00000034     
                  000046d0    00000012     (.cinit..data.load) [load image, compression = lzss]
                  000046e2    0000000c     (__TI_handler_table)
                  000046ee    00000006     (.cinit..bss.load) [load image, compression = zero_init]
                  000046f4    00000010     (__TI_cinit_table)

.binit     0    00004400    00000000     

.init_array 
*          0    0000451a    00000008     
                  0000451a    00000008     <whole-program> (.init_array)

.const     0    00004522    000001ad     
                  00004522    00000060     rts430x_lc_rd_eabi.lib : hash.cpp.obj (.const:_ZN29_INTERNAL_8_hash_cpp_2c2068d2St3__231_GLOBAL__N__8_hash_cpp_2c2068d212small_primesE$4)
                  00004582    00000060                            : hash.cpp.obj (.const:_ZN29_INTERNAL_8_hash_cpp_2c2068d2St3__231_GLOBAL__N__8_hash_cpp_2c2068d27indicesE$4)
                  000045e2    00000044     scheduler.obj (.const:.string:_ZZNSt3__29allocatorINS_4pairI4taskhEEE8allocateEjPKvEs)
                  00004626    00000044     task.obj (.const:.string:_ZZNSt3__29allocatorIP7messageE8allocateEjPKvEs)
                  0000466a    00000044     main.obj (.const:.string:_ZZNSt3__29allocatorIPNS_16__hash_node_baseIPNS_11__hash_nodeINS_17__hash_value_typeIPFvvENS_5queueI7messageNS_5dequeIS7_NS0_IS7_EEEEEEEEPvEEEEE8allocateEjPKvEs)
                  000046ae    0000000e     <whole-program> (.const:.string)
                  000046bc    0000000c     task.obj (.const:$P$T49$2$3)
                  000046c8    00000007     rts430x_lc_rd_eabi.lib : vector.cpp.obj (.const:.string:_ZZNKSt3__220__vector_base_commonILb1EE20__throw_length_errorEvEs)

RTC        0    0000ffd2    00000002     
                  0000ffd2    00000002     rts430x_lc_rd_eabi.lib : int41.asm.obj (.int41)

PORT2      0    0000ffd4    00000002     
                  0000ffd4    00000002     rts430x_lc_rd_eabi.lib : int42.asm.obj (.int42)

TIMER2_A1 
*          0    0000ffd6    00000002     
                  0000ffd6    00000002     rts430x_lc_rd_eabi.lib : int43.asm.obj (.int43)

TIMER2_A0 
*          0    0000ffd8    00000002     
                  0000ffd8    00000002     rts430x_lc_rd_eabi.lib : int44.asm.obj (.int44)

USCI_B1    0    0000ffda    00000002     
                  0000ffda    00000002     rts430x_lc_rd_eabi.lib : int45.asm.obj (.int45)

USCI_A1    0    0000ffdc    00000002     
                  0000ffdc    00000002     <whole-program> (.int46)

PORT1      0    0000ffde    00000002     
                  0000ffde    00000002     rts430x_lc_rd_eabi.lib : int47.asm.obj (.int47)

TIMER1_A1 
*          0    0000ffe0    00000002     
                  0000ffe0    00000002     rts430x_lc_rd_eabi.lib : int48.asm.obj (.int48)

TIMER1_A0 
*          0    0000ffe2    00000002     
                  0000ffe2    00000002     rts430x_lc_rd_eabi.lib : int49.asm.obj (.int49)

DMA        0    0000ffe4    00000002     
                  0000ffe4    00000002     rts430x_lc_rd_eabi.lib : int50.asm.obj (.int50)

USB_UBM    0    0000ffe6    00000002     
                  0000ffe6    00000002     rts430x_lc_rd_eabi.lib : int51.asm.obj (.int51)

TIMER0_A1 
*          0    0000ffe8    00000002     
                  0000ffe8    00000002     rts430x_lc_rd_eabi.lib : int52.asm.obj (.int52)

TIMER0_A0 
*          0    0000ffea    00000002     
                  0000ffea    00000002     rts430x_lc_rd_eabi.lib : int53.asm.obj (.int53)

ADC12      0    0000ffec    00000002     
                  0000ffec    00000002     rts430x_lc_rd_eabi.lib : int54.asm.obj (.int54)

USCI_B0    0    0000ffee    00000002     
                  0000ffee    00000002     rts430x_lc_rd_eabi.lib : int55.asm.obj (.int55)

USCI_A0    0    0000fff0    00000002     
                  0000fff0    00000002     rts430x_lc_rd_eabi.lib : int56.asm.obj (.int56)

WDT        0    0000fff2    00000002     
                  0000fff2    00000002     <whole-program> (.int57)

TIMER0_B1 
*          0    0000fff4    00000002     
                  0000fff4    00000002     rts430x_lc_rd_eabi.lib : int58.asm.obj (.int58)

TIMER0_B0 
*          0    0000fff6    00000002     
                  0000fff6    00000002     rts430x_lc_rd_eabi.lib : int59.asm.obj (.int59)

COMP_B     0    0000fff8    00000002     
                  0000fff8    00000002     rts430x_lc_rd_eabi.lib : int60.asm.obj (.int60)

UNMI       0    0000fffa    00000002     
                  0000fffa    00000002     rts430x_lc_rd_eabi.lib : int61.asm.obj (.int61)

SYSNMI     0    0000fffc    00000002     
                  0000fffc    00000002     rts430x_lc_rd_eabi.lib : int62.asm.obj (.int62)

.reset     0    0000fffe    00000002     
                  0000fffe    00000002     rts430x_lc_rd_eabi.lib : boot.c.obj (.reset)

.text      0    00010000    0000235c     
                  00010000    00000380     rts430x_lc_rd_eabi.lib : hash.cpp.obj (.text:_ZNSt3__212__next_primeEj)
                  00010380    0000036a     main.obj (.text:_ZN9schedulerIL21scheduling_algorithms0EE5startEv)
                  000106ea    0000019c     task.obj (.text:_ZN4taskC1EPFivEjh)
                  00010886    0000015c     scheduler.obj (.text:_ZN14base_schedulerIL21scheduling_algorithms0EEC1ERKSt16initializer_listI4taskE)
                  000109e2    00000132     rts430x_lc_rd_eabi.lib : fs_add.asm.obj (.text)
                  00010b14    0000012a     task.obj (.text:_ZNSt3__212__deque_baseI7messageNS_9allocatorIS1_EEE5clearEv)
                  00010c3e    00000120     task.obj (.text:_ZN4taskC1EOS_)
                  00010d5e    0000011c     main.obj (.text:_ZNSt3__212__hash_tableINS_17__hash_value_typeIPFvvENS_5queueI7messageNS_5dequeIS5_NS_9allocatorIS5_EEEEEEEENS_22__unordered_map_hasherIS3_SB_NS_4hashIS3_EELb1EEENS_21__unordered_map_equalIS3_SB_NS_8equal_toIS3_EELb1EEENS7_ISB_EEE8__rehashEj)
                  00010e7a    00000118     print.obj (.text:_ZNSt3__212__hash_tableINS_17__hash_value_typeIPFvvENS_5queueI7messageNS_5dequeIS5_NS_9allocatorIS5_EEEEEEEENS_22__unordered_map_hasherIS3_SB_NS_4hashIS3_EELb1EEENS_21__unordered_map_equalIS3_SB_NS_8equal_toIS3_EELb1EEENS7_ISB_EEE4findIS3_EENS_15__hash_iteratorIPNS_11__hash_nodeISB_PvEEEERKT_)
                  00010f92    00000100     rts430x_lc_rd_eabi.lib : memory.c.obj (.text:malloc)
                  00011092    000000f8     main.obj (.text:_ZNSt3__212__hash_tableINS_17__hash_value_typeIPFvvENS_5queueI7messageNS_5dequeIS5_NS_9allocatorIS5_EEEEEEEENS_22__unordered_map_hasherIS3_SB_NS_4hashIS3_EELb1EEENS_21__unordered_map_equalIS3_SB_NS_8equal_toIS3_EELb1EEENS7_ISB_EEE6rehashEj)
                  0001118a    000000dc     task.obj (.text:_ZNSt3__25dequeI7messageNS_9allocatorIS1_EEE13shrink_to_fitEv)
                  00011266    000000da     rts430x_lc_rd_eabi.lib : s_ceilf.c.obj (.text:ceilf)
                  00011340    000000c2     main.obj (.text:main)
                  00011402    000000be     scheduler.obj (.text:_ZNSt3__26vectorINS_4pairI4taskhEENS_9allocatorIS3_EEE21__push_back_slow_pathIS3_EEvOT_)
                  000114c0    000000b8     rts430x_lc_rd_eabi.lib : fs_mpy.asm.obj (.text)
                  00011578    000000aa     task.obj (.text:_ZNSt3__214__split_bufferIP7messageNS_9allocatorIS2_EEE13shrink_to_fitEv)
                  00011622    000000a2     main.obj (.text:_ZNSt3__212__hash_tableINS_17__hash_value_typeIPFvvENS_5queueI7messageNS_5dequeIS5_NS_9allocatorIS5_EEEEEEEENS_22__unordered_map_hasherIS3_SB_NS_4hashIS3_EELb1EEENS_21__unordered_map_equalIS3_SB_NS_8equal_toIS3_EELb1EEENS7_ISB_EEE21__construct_node_hashINS_4pairIS3_SA_EEJEEENS_10unique_ptrINS_11__hash_nodeISB_PvEENS_22__hash_node_destructorINS7_ISS_EEEEEEjOT_DpOT0_)
                  000116c4    00000098     scheduler.obj (.text:_ZN14base_schedulerIL21scheduling_algorithms0EE8scheduleEv)
                  0001175c    00000090     main.obj (.text:__sti___8_main_cpp_os)
                  000117ec    00000090     rts430x_lc_rd_eabi.lib : fs_div.asm.obj (.text)
                  0001187c    0000008c                            : memory.c.obj (.text:free)
                  00011908    0000007e     print.obj (.text:_ZN9schedulerIL21scheduling_algorithms0EE13fetch_mailboxEPFvvE)
                  00011986    0000007c     scheduler.obj (.text:_ZNSt3__26vectorINS_4pairI4taskhEENS_9allocatorIS3_EEE26__swap_out_circular_bufferERNS_14__split_bufferIS3_RS5_EE)
                  00011a02    00000076     rts430x_lc_rd_eabi.lib : copy_decompress_lzss.c.obj (.text:decompress:lzss:__TI_decompress_lzss)
                  00011a78    00000070                            : autoinit.c.obj (.text:__TI_auto_init_nobinit_hold_wdt:__TI_auto_init_nobinit_hold_wdt)
                  00011ae8    0000006e     scheduler.obj (.text:_ZNSt3__214__split_bufferINS_4pairI4taskhEERNS_9allocatorIS3_EEEC1EjjS6_)
                  00011b56    0000005e     rts430x_lc_rd_eabi.lib : setjmp.asm.obj (.text)
                  00011bb4    00000058     scheduler.obj (.text:_ZNSt3__214__split_bufferINS_4pairI4taskhEERNS_9allocatorIS3_EEED1Ev)
                  00011c0c    0000004c     task.obj (.text:_ZN4taskC1ERKS_)
                  00011c58    0000004a     main.obj (.text:_ZN9schedulerIL21scheduling_algorithms0EED1Ev)
                  00011ca2    0000004a     scheduler.obj (.text:_ZNSt3__212__hash_tableINS_17__hash_value_typeIPFvvENS_5queueI7messageNS_5dequeIS5_NS_9allocatorIS5_EEEEEEEENS_22__unordered_map_hasherIS3_SB_NS_4hashIS3_EELb1EEENS_21__unordered_map_equalIS3_SB_NS_8equal_toIS3_EELb1EEENS7_ISB_EEE17__deallocate_nodeEPNS_16__hash_node_baseIPNS_11__hash_nodeISB_PvEEEE)
                  00011cec    0000004a     task.obj (.text:_ZNSt3__214__split_bufferIP7messageRNS_9allocatorIS2_EEEC1EjjS5_)
                  00011d36    0000004a     rts430x_lc_rd_eabi.lib : exit.c.obj (.text:exit)
                  00011d80    0000004a                            : fs_cmp.asm.obj (.text)
                  00011dca    00000046                            : dtor_list.c.obj (.text:_Z25__add_destruction_to_listPP20a_needed_destructionPFYvPvES2_S2_)
                  00011e10    00000046                            : fs_tou.asm.obj (.text)
                  00011e56    00000042     task.obj (.text:_ZN4taskD1Ev)
                  00011e98    00000042     scheduler.obj (.text:_ZNSt3__24pairI4taskhED1Ev)
                  00011eda    00000040     rts430x_lc_rd_eabi.lib : hash.cpp.obj (.text:_ZNSt3__213__lower_boundIRNS_6__lessIjjEEPKjjEET0_S6_S6_RKT1_T_)
                  00011f1a    00000040     main.obj (.text:_ZNSt3__214__split_bufferIP7messageNS_9allocatorIS2_EEEC1EOS5_)
                  00011f5a    0000003e     rts430x_lc_rd_eabi.lib : dtor_list.c.obj (.text:_Z23__finalize_destructionsPP20a_needed_destructionPv)
                  00011f98    0000003e     main.obj (.text:_Z3barv)
                  00011fd6    0000003e     rts430x_lc_rd_eabi.lib : lsr32.asm.obj (.text:l_lsr_const)
                  00012014    0000003a     main.obj (.text:_Z3foov)
                  0001204e    0000002c     task.obj (.text:_ZNSt3__212__deque_baseI7messageNS_9allocatorIS1_EEED2Ev)
                  0001207a    0000002c     rts430x_lc_rd_eabi.lib : div16s.asm.obj (.text)
                  000120a6    0000002a     task.obj (.text:_ZNSt3__214__split_bufferIP7messageNS_9allocatorIS2_EEED1Ev)
                  000120d0    0000002a     task.obj (.text:_ZNSt3__214__split_bufferIP7messageRNS_9allocatorIS2_EEE18__construct_at_endINS_13move_iteratorIPS2_EEEENS_9enable_ifIXsr3std3__221__is_forward_iteratorIT_EE5valueEvE4typeESC_SC_)
                  000120fa    0000002a     task.obj (.text:_ZNSt3__214__split_bufferIP7messageRNS_9allocatorIS2_EEED1Ev)
                  00012124    00000024     rts430x_lc_rd_eabi.lib : new.cpp.obj (.text:_Znwj)
                  00012148    00000024                            : copy_zero_init.c.obj (.text:decompress:ZI:__TI_zero_init_nomemset:__TI_zero_init_nomemset)
                  0001216c    00000024                            : fs_utof.asm.obj (.text)
                  00012190    00000024                            : mult32_f5hw.asm.obj (.text)
                  000121b4    00000022                            : dtor_list.c.obj (.text:_ZN33_INTERNAL_11_dtor_list_c_14e673d611__TI_atexitEPFYvPvES0_S0_$7)
                  000121d6    00000022     scheduler.obj (.text:_ZNSt3__212__hash_tableINS_17__hash_value_typeIPFvvENS_5queueI7messageNS_5dequeIS5_NS_9allocatorIS5_EEEEEEEENS_22__unordered_map_hasherIS3_SB_NS_4hashIS3_EELb1EEENS_21__unordered_map_equalIS3_SB_NS_8equal_toIS3_EELb1EEENS7_ISB_EEED1Ev)
                  000121f8    00000022     task.obj (.text:__sti___8_task_cpp_6e4a4a06)
                  0001221a    00000020     main.obj (.text:_Z7printerv)
                  0001223a    0000001e     print.obj (.text:_Z4putsPc)
                  00012258    00000018     rts430x_lc_rd_eabi.lib : mult16_f5hw.asm.obj (.text)
                  00012270    00000016                            : div16u.asm.obj (.text)
                  00012286    00000014     main.obj (.text:_ZN4task4loadEv)
                  0001229a    00000014     rts430x_lc_rd_eabi.lib : memset.c.obj (.text:memset)
                  000122ae    00000012                            : copy_decompress_none.c.obj (.text:decompress:none:__TI_decompress_none)
                  000122c0    00000012                            : memcpy.c.obj (.text:memcpy)
                  000122d2    00000010                            : asr32.asm.obj (.text:l_asr)
                  000122e2    0000000c     task.obj (.text:_ZN4task4idleEv)
                  000122ee    0000000a     rts430x_lc_rd_eabi.lib : new.cpp.obj (.text:_ZdlPv)
                  000122f8    0000000a                            : lsl16.asm.obj (.text)
                  00012302    00000008     main.obj (.text:_ZN9schedulerIL21scheduling_algorithms0EE17leave_kernel_modeEv)
                  0001230a    00000008     rts430x_lc_rd_eabi.lib : vector.cpp.obj (.text:_ZNKSt3__220__vector_base_commonILb1EE20__throw_length_errorEv)
                  00012312    00000008     scheduler.obj (.text:_ZNSt3__216__hash_node_baseIPNS_11__hash_nodeINS_17__hash_value_typeIPFvvENS_5queueI7messageNS_5dequeIS6_NS_9allocatorIS6_EEEEEEEEPvEEEC1Ev)
                  0001231a    00000008     scheduler.obj (.text:_ZNSt3__222__compressed_pair_elemIPPNS_16__hash_node_baseIPNS_11__hash_nodeINS_17__hash_value_typeIPFvvENS_5queueI7messageNS_5dequeIS7_NS_9allocatorIS7_EEEEEEEEPvEEEELi0ELb0EEC1ISJ_vEEOT_)
                  00012322    00000006     task.obj (.text:_ZNKSt3__214default_deleteIA_jEclIjEENS2_20_EnableIfConvertibleIT_E4typeEPS5_)
                  00012328    00000006     scheduler.obj (.text:_ZNSt3__222__compressed_pair_elemINS_25__bucket_list_deallocatorINS_9allocatorIPNS_16__hash_node_baseIPNS_11__hash_nodeINS_17__hash_value_typeIPFvvENS_5queueI7messageNS_5dequeIS9_NS2_IS9_EEEEEEEEPvEEEEEEEELi1ELb0EEC1Ev)
                  0001232e    00000006     task.obj (.text:_ZNSt3__222__compressed_pair_elemIjLi0ELb0EEC2IivEEOT_)
                  00012334    00000006     rts430x_lc_rd_eabi.lib : exit.c.obj (.text:abort)
                  0001233a    00000004                            : vector.cpp.obj (.text:_ZNSt3__220__throw_length_errorEPKc)
                  0001233e    00000004                            : new.cpp.obj (.text:_ZdaPv)
                  00012342    00000004                            : new.cpp.obj (.text:_Znaj)
                  00012346    00000004                            : dtor_list.c.obj (.text:__cxa_ia64_exit)
                  0001234a    00000004                            : pre_init.c.obj (.text:_system_pre_init)
                  0001234e    00000002     task.obj (.text:_ZNSt3__217__compressed_pairIPjNS_14default_deleteIA_jEEE5firstEv)
                  00012350    00000002     task.obj (.text:_ZNSt3__217__compressed_pairIPjNS_14default_deleteIA_jEEE6secondEv)
                  00012352    00000002     task.obj (.text:_ZNSt3__222__compressed_pair_elemIjLi0ELb0EE5__getEv)
                  00012354    00000002     scheduler.obj (.text:_ZNSt3__27forwardIfEEOT_RNS_16remove_referenceIS1_E4typeE)
                  00012356    00000002     task.obj (.text:_ZNSt3__27forwardIiEEOT_RNS_16remove_referenceIS1_E4typeE)
                  00012358    00000002     rts430x_lc_rd_eabi.lib : _lock.c.obj (.text:_nop)
                  0001235a    00000002                            : startup.c.obj (.text:_system_post_cinit)

MODULE SUMMARY

       Module                                   code   ro data   rw data
       ------                                   ----   -------   -------
    .\
       main.obj                                 2288   68        38     
       task.obj                                 1840   80        76     
       scheduler.obj                            1210   68        0      
       print.obj                                618    0         0      
    +--+----------------------------------------+------+---------+---------+
       Total:                                   5956   216       114    
                                                                        
    C:\Users\krad2\AppData\Local\Temp\
       {E4F1024D-0778-4CA1-AB7E-30AA87EC4A25}   0      26        4      
    +--+----------------------------------------+------+---------+---------+
       Total:                                   0      26        4      
                                                                        
    C:\ti\ccsv8\tools\compiler\ti-cgt-msp430_18.1.6.LTS\lib\rts430x_lc_rd_eabi.lib
       hash.cpp.obj                             960    192       0      
       memory.c.obj                             396    0         12     
       fs_add.asm.obj                           306    0         0      
       s_ceilf.c.obj                            218    0         0      
       fs_mpy.asm.obj                           184    0         0      
       dtor_list.c.obj                          170    0         4      
       fs_div.asm.obj                           144    0         0      
       copy_decompress_lzss.c.obj               118    0         0      
       autoinit.c.obj                           112    0         0      
       setjmp.asm.obj                           94     0         0      
       exit.c.obj                               80     0         2      
       fs_cmp.asm.obj                           74     0         0      
       fs_tou.asm.obj                           70     0         0      
       lsr32.asm.obj                            62     0         0      
       new.cpp.obj                              54     0         4      
       div16s.asm.obj                           44     0         0      
       copy_zero_init.c.obj                     36     0         0      
       fs_utof.asm.obj                          36     0         0      
       mult32_f5hw.asm.obj                      36     0         0      
       boot.c.obj                               28     2         0      
       mult16_f5hw.asm.obj                      24     0         0      
       div16u.asm.obj                           22     0         0      
       memset.c.obj                             20     0         0      
       vector.cpp.obj                           12     7         0      
       copy_decompress_none.c.obj               18     0         0      
       memcpy.c.obj                             18     0         0      
       asr32.asm.obj                            16     0         0      
       _lock.c.obj                              2      0         8      
       lsl16.asm.obj                            10     0         0      
       exit_gvars.c.obj                         0      0         8      
       isr_trap.asm.obj                         8      0         0      
       pre_init.c.obj                           4      0         0      
       int41.asm.obj                            0      2         0      
       int42.asm.obj                            0      2         0      
       int43.asm.obj                            0      2         0      
       int44.asm.obj                            0      2         0      
       int45.asm.obj                            0      2         0      
       int47.asm.obj                            0      2         0      
       int48.asm.obj                            0      2         0      
       int49.asm.obj                            0      2         0      
       int50.asm.obj                            0      2         0      
       int51.asm.obj                            0      2         0      
       int52.asm.obj                            0      2         0      
       int53.asm.obj                            0      2         0      
       int54.asm.obj                            0      2         0      
       int55.asm.obj                            0      2         0      
       int56.asm.obj                            0      2         0      
       int58.asm.obj                            0      2         0      
       int59.asm.obj                            0      2         0      
       int60.asm.obj                            0      2         0      
       int61.asm.obj                            0      2         0      
       int62.asm.obj                            0      2         0      
       startup.c.obj                            2      0         0      
    +--+----------------------------------------+------+---------+---------+
       Total:                                   3378   241       38     
                                                                        
       Heap:                                    0      0         3200   
       Stack:                                   0      0         640    
       Linker Generated:                        0      52        0      
    +--+----------------------------------------+------+---------+---------+
       Grand Total:                             9334   535       3996   


LINKER GENERATED COPY TABLES

__TI_cinit_table @ 000046f4 records: 2, size/record: 8, table size: 16
	.data: load addr=000046d0, load size=00000012 bytes, run addr=00003104, run size=00000018 bytes, compression=lzss
	.bss: load addr=000046ee, load size=00000006 bytes, run addr=00003080, run size=00000084 bytes, compression=zero_init


LINKER GENERATED HANDLER TABLE

__TI_handler_table @ 000046e2 records: 3, size/record: 4, table size: 12
	index: 0, handler: __TI_zero_init
	index: 1, handler: __TI_decompress_lzss
	index: 2, handler: __TI_decompress_none


GLOBAL SYMBOLS: SORTED ALPHABETICALLY BY Name 

address   name                                                                                                                                                                                                                                                                                                                                                                           
-------   ----                                                                                                                                                                                                                                                                                                                                                                           
00000700  ADC12CTL0                                                                                                                                                                                                                                                                                                                                                                      
00000701  ADC12CTL0_H                                                                                                                                                                                                                                                                                                                                                                    
00000700  ADC12CTL0_L                                                                                                                                                                                                                                                                                                                                                                    
00000702  ADC12CTL1                                                                                                                                                                                                                                                                                                                                                                      
00000703  ADC12CTL1_H                                                                                                                                                                                                                                                                                                                                                                    
00000702  ADC12CTL1_L                                                                                                                                                                                                                                                                                                                                                                    
00000704  ADC12CTL2                                                                                                                                                                                                                                                                                                                                                                      
00000705  ADC12CTL2_H                                                                                                                                                                                                                                                                                                                                                                    
00000704  ADC12CTL2_L                                                                                                                                                                                                                                                                                                                                                                    
0000070c  ADC12IE                                                                                                                                                                                                                                                                                                                                                                        
0000070d  ADC12IE_H                                                                                                                                                                                                                                                                                                                                                                      
0000070c  ADC12IE_L                                                                                                                                                                                                                                                                                                                                                                      
0000070a  ADC12IFG                                                                                                                                                                                                                                                                                                                                                                       
0000070b  ADC12IFG_H                                                                                                                                                                                                                                                                                                                                                                     
0000070a  ADC12IFG_L                                                                                                                                                                                                                                                                                                                                                                     
0000070e  ADC12IV                                                                                                                                                                                                                                                                                                                                                                        
0000070f  ADC12IV_H                                                                                                                                                                                                                                                                                                                                                                      
0000070e  ADC12IV_L                                                                                                                                                                                                                                                                                                                                                                      
00000710  ADC12MCTL0                                                                                                                                                                                                                                                                                                                                                                     
00000711  ADC12MCTL1                                                                                                                                                                                                                                                                                                                                                                     
0000071a  ADC12MCTL10                                                                                                                                                                                                                                                                                                                                                                    
0000071b  ADC12MCTL11                                                                                                                                                                                                                                                                                                                                                                    
0000071c  ADC12MCTL12                                                                                                                                                                                                                                                                                                                                                                    
0000071d  ADC12MCTL13                                                                                                                                                                                                                                                                                                                                                                    
0000071e  ADC12MCTL14                                                                                                                                                                                                                                                                                                                                                                    
0000071f  ADC12MCTL15                                                                                                                                                                                                                                                                                                                                                                    
00000712  ADC12MCTL2                                                                                                                                                                                                                                                                                                                                                                     
00000713  ADC12MCTL3                                                                                                                                                                                                                                                                                                                                                                     
00000714  ADC12MCTL4                                                                                                                                                                                                                                                                                                                                                                     
00000715  ADC12MCTL5                                                                                                                                                                                                                                                                                                                                                                     
00000716  ADC12MCTL6                                                                                                                                                                                                                                                                                                                                                                     
00000717  ADC12MCTL7                                                                                                                                                                                                                                                                                                                                                                     
00000718  ADC12MCTL8                                                                                                                                                                                                                                                                                                                                                                     
00000719  ADC12MCTL9                                                                                                                                                                                                                                                                                                                                                                     
00000720  ADC12MEM0                                                                                                                                                                                                                                                                                                                                                                      
00000721  ADC12MEM0_H                                                                                                                                                                                                                                                                                                                                                                    
00000720  ADC12MEM0_L                                                                                                                                                                                                                                                                                                                                                                    
00000722  ADC12MEM1                                                                                                                                                                                                                                                                                                                                                                      
00000734  ADC12MEM10                                                                                                                                                                                                                                                                                                                                                                     
00000735  ADC12MEM10_H                                                                                                                                                                                                                                                                                                                                                                   
00000734  ADC12MEM10_L                                                                                                                                                                                                                                                                                                                                                                   
00000736  ADC12MEM11                                                                                                                                                                                                                                                                                                                                                                     
00000737  ADC12MEM11_H                                                                                                                                                                                                                                                                                                                                                                   
00000736  ADC12MEM11_L                                                                                                                                                                                                                                                                                                                                                                   
00000738  ADC12MEM12                                                                                                                                                                                                                                                                                                                                                                     
00000739  ADC12MEM12_H                                                                                                                                                                                                                                                                                                                                                                   
00000738  ADC12MEM12_L                                                                                                                                                                                                                                                                                                                                                                   
0000073a  ADC12MEM13                                                                                                                                                                                                                                                                                                                                                                     
0000073b  ADC12MEM13_H                                                                                                                                                                                                                                                                                                                                                                   
0000073a  ADC12MEM13_L                                                                                                                                                                                                                                                                                                                                                                   
0000073c  ADC12MEM14                                                                                                                                                                                                                                                                                                                                                                     
0000073d  ADC12MEM14_H                                                                                                                                                                                                                                                                                                                                                                   
0000073c  ADC12MEM14_L                                                                                                                                                                                                                                                                                                                                                                   
0000073e  ADC12MEM15                                                                                                                                                                                                                                                                                                                                                                     
0000073f  ADC12MEM15_H                                                                                                                                                                                                                                                                                                                                                                   
0000073e  ADC12MEM15_L                                                                                                                                                                                                                                                                                                                                                                   
00000723  ADC12MEM1_H                                                                                                                                                                                                                                                                                                                                                                    
00000722  ADC12MEM1_L                                                                                                                                                                                                                                                                                                                                                                    
00000724  ADC12MEM2                                                                                                                                                                                                                                                                                                                                                                      
00000725  ADC12MEM2_H                                                                                                                                                                                                                                                                                                                                                                    
00000724  ADC12MEM2_L                                                                                                                                                                                                                                                                                                                                                                    
00000726  ADC12MEM3                                                                                                                                                                                                                                                                                                                                                                      
00000727  ADC12MEM3_H                                                                                                                                                                                                                                                                                                                                                                    
00000726  ADC12MEM3_L                                                                                                                                                                                                                                                                                                                                                                    
00000728  ADC12MEM4                                                                                                                                                                                                                                                                                                                                                                      
00000729  ADC12MEM4_H                                                                                                                                                                                                                                                                                                                                                                    
00000728  ADC12MEM4_L                                                                                                                                                                                                                                                                                                                                                                    
0000072a  ADC12MEM5                                                                                                                                                                                                                                                                                                                                                                      
0000072b  ADC12MEM5_H                                                                                                                                                                                                                                                                                                                                                                    
0000072a  ADC12MEM5_L                                                                                                                                                                                                                                                                                                                                                                    
0000072c  ADC12MEM6                                                                                                                                                                                                                                                                                                                                                                      
0000072d  ADC12MEM6_H                                                                                                                                                                                                                                                                                                                                                                    
0000072c  ADC12MEM6_L                                                                                                                                                                                                                                                                                                                                                                    
0000072e  ADC12MEM7                                                                                                                                                                                                                                                                                                                                                                      
0000072f  ADC12MEM7_H                                                                                                                                                                                                                                                                                                                                                                    
0000072e  ADC12MEM7_L                                                                                                                                                                                                                                                                                                                                                                    
00000730  ADC12MEM8                                                                                                                                                                                                                                                                                                                                                                      
00000731  ADC12MEM8_H                                                                                                                                                                                                                                                                                                                                                                    
00000730  ADC12MEM8_L                                                                                                                                                                                                                                                                                                                                                                    
00000732  ADC12MEM9                                                                                                                                                                                                                                                                                                                                                                      
00000733  ADC12MEM9_H                                                                                                                                                                                                                                                                                                                                                                    
00000732  ADC12MEM9_L                                                                                                                                                                                                                                                                                                                                                                    
00012334  C$$EXIT                                                                                                                                                                                                                                                                                                                                                                        
000008c0  CBCTL0                                                                                                                                                                                                                                                                                                                                                                         
000008c1  CBCTL0_H                                                                                                                                                                                                                                                                                                                                                                       
000008c0  CBCTL0_L                                                                                                                                                                                                                                                                                                                                                                       
000008c2  CBCTL1                                                                                                                                                                                                                                                                                                                                                                         
000008c3  CBCTL1_H                                                                                                                                                                                                                                                                                                                                                                       
000008c2  CBCTL1_L                                                                                                                                                                                                                                                                                                                                                                       
000008c4  CBCTL2                                                                                                                                                                                                                                                                                                                                                                         
000008c5  CBCTL2_H                                                                                                                                                                                                                                                                                                                                                                       
000008c4  CBCTL2_L                                                                                                                                                                                                                                                                                                                                                                       
000008c6  CBCTL3                                                                                                                                                                                                                                                                                                                                                                         
000008c7  CBCTL3_H                                                                                                                                                                                                                                                                                                                                                                       
000008c6  CBCTL3_L                                                                                                                                                                                                                                                                                                                                                                       
000008cc  CBINT                                                                                                                                                                                                                                                                                                                                                                          
000008cd  CBINT_H                                                                                                                                                                                                                                                                                                                                                                        
000008cc  CBINT_L                                                                                                                                                                                                                                                                                                                                                                        
000008ce  CBIV                                                                                                                                                                                                                                                                                                                                                                           
00000150  CRCDI                                                                                                                                                                                                                                                                                                                                                                          
00000152  CRCDIRB                                                                                                                                                                                                                                                                                                                                                                        
00000153  CRCDIRB_H                                                                                                                                                                                                                                                                                                                                                                      
00000152  CRCDIRB_L                                                                                                                                                                                                                                                                                                                                                                      
00000151  CRCDI_H                                                                                                                                                                                                                                                                                                                                                                        
00000150  CRCDI_L                                                                                                                                                                                                                                                                                                                                                                        
00000154  CRCINIRES                                                                                                                                                                                                                                                                                                                                                                      
00000155  CRCINIRES_H                                                                                                                                                                                                                                                                                                                                                                    
00000154  CRCINIRES_L                                                                                                                                                                                                                                                                                                                                                                    
00000156  CRCRESR                                                                                                                                                                                                                                                                                                                                                                        
00000157  CRCRESR_H                                                                                                                                                                                                                                                                                                                                                                      
00000156  CRCRESR_L                                                                                                                                                                                                                                                                                                                                                                      
00000510  DMA0CTL                                                                                                                                                                                                                                                                                                                                                                        
00000516  DMA0DA                                                                                                                                                                                                                                                                                                                                                                         
00000518  DMA0DAH                                                                                                                                                                                                                                                                                                                                                                        
00000516  DMA0DAL                                                                                                                                                                                                                                                                                                                                                                        
00000512  DMA0SA                                                                                                                                                                                                                                                                                                                                                                         
00000514  DMA0SAH                                                                                                                                                                                                                                                                                                                                                                        
00000512  DMA0SAL                                                                                                                                                                                                                                                                                                                                                                        
0000051a  DMA0SZ                                                                                                                                                                                                                                                                                                                                                                         
00000520  DMA1CTL                                                                                                                                                                                                                                                                                                                                                                        
00000526  DMA1DA                                                                                                                                                                                                                                                                                                                                                                         
00000528  DMA1DAH                                                                                                                                                                                                                                                                                                                                                                        
00000526  DMA1DAL                                                                                                                                                                                                                                                                                                                                                                        
00000522  DMA1SA                                                                                                                                                                                                                                                                                                                                                                         
00000524  DMA1SAH                                                                                                                                                                                                                                                                                                                                                                        
00000522  DMA1SAL                                                                                                                                                                                                                                                                                                                                                                        
0000052a  DMA1SZ                                                                                                                                                                                                                                                                                                                                                                         
00000530  DMA2CTL                                                                                                                                                                                                                                                                                                                                                                        
[...]
0001204e  _ZNSt3__212__deque_baseI7messageNS_9allocatorIS1_EEED2Ev                                                                                                                                                                                                                                                                                                                       
0001207a  __mspabi_divi                                                                                                                                                                                                                                                                                                                                                                  
0001207a  __mspabi_remi                                                                                                                                                                                                                                                                                                                                                                  
000120a6  _ZNSt3__214__split_bufferIP7messageNS_9allocatorIS2_EEED1Ev                                                                                                                                                                                                                                                                                                                    
000120d0  _ZNSt3__214__split_bufferIP7messageRNS_9allocatorIS2_EEE18__construct_at_endINS_13move_iteratorIPS2_EEEENS_9enable_ifIXsr3std3__221__is_forward_iteratorIT_EE5valueEvE4typeESC_SC_                                                                                                                                                                                             
000120fa  _ZNSt3__214__split_bufferIP7messageRNS_9allocatorIS2_EEED1Ev                                                                                                                                                                                                                                                                                                                   
00012124  _Znwj                                                                                                                                                                                                                                                                                                                                                                          
00012148  __TI_zero_init_nomemset                                                                                                                                                                                                                                                                                                                                                        
0001216c  __mspabi_fltuf                                                                                                                                                                                                                                                                                                                                                                 
00012190  __mspabi_mpyl_f5hw                                                                                                                                                                                                                                                                                                                                                             
000121b4  __cxa_atexit                                                                                                                                                                                                                                                                                                                                                                   
000121d6  _ZNSt3__212__hash_tableINS_17__hash_value_typeIPFvvENS_5queueI7messageNS_5dequeIS5_NS_9allocatorIS5_EEEEEEEENS_22__unordered_map_hasherIS3_SB_NS_4hashIS3_EELb1EEENS_21__unordered_map_equalIS3_SB_NS_8equal_toIS3_EELb1EEENS7_ISB_EEED1Ev                                                                                                                                     
000121f8  __sti___8_task_cpp_6e4a4a06                                                                                                                                                                                                                                                                                                                                                    
0001221a  _Z7printerv                                                                                                                                                                                                                                                                                                                                                                    
0001223a  _Z4putsPc                                                                                                                                                                                                                                                                                                                                                                      
00012258  __mspabi_mpyi_f5hw                                                                                                                                                                                                                                                                                                                                                             
00012270  __mspabi_divu                                                                                                                                                                                                                                                                                                                                                                  
00012270  __mspabi_remu                                                                                                                                                                                                                                                                                                                                                                  
00012286  _ZN4task4loadEv                                                                                                                                                                                                                                                                                                                                                                
0001229a  memset                                                                                                                                                                                                                                                                                                                                                                         
000122ae  __TI_decompress_none                                                                                                                                                                                                                                                                                                                                                           
000122c0  memcpy                                                                                                                                                                                                                                                                                                                                                                         
000122d2  __mspabi_sral                                                                                                                                                                                                                                                                                                                                                                  
000122e2  _ZN4task4idleEv                                                                                                                                                                                                                                                                                                                                                                
000122ee  _ZdlPv                                                                                                                                                                                                                                                                                                                                                                         
000122f8  __mspabi_slli                                                                                                                                                                                                                                                                                                                                                                  
00012302  _ZN9schedulerIL21scheduling_algorithms0EE17leave_kernel_modeEv                                                                                                                                                                                                                                                                                                                 
0001230a  _ZNKSt3__220__vector_base_commonILb1EE20__throw_length_errorEv                                                                                                                                                                                                                                                                                                                 
00012312  _ZNSt3__216__hash_node_baseIPNS_11__hash_nodeINS_17__hash_value_typeIPFvvENS_5queueI7messageNS_5dequeIS6_NS_9allocatorIS6_EEEEEEEEPvEEEC1Ev                                                                                                                                                                                                                                    
0001231a  _ZNSt3__222__compressed_pair_elemIPPNS_16__hash_node_baseIPNS_11__hash_nodeINS_17__hash_value_typeIPFvvENS_5queueI7messageNS_5dequeIS7_NS_9allocatorIS7_EEEEEEEEPvEEEELi0ELb0EEC1ISJ_vEEOT_                                                                                                                                                                                    
00012322  _ZNKSt3__214default_deleteIA_jEclIjEENS2_20_EnableIfConvertibleIT_E4typeEPS5_                                                                                                                                                                                                                                                                                                  
00012328  _ZNSt3__222__compressed_pair_elemINS_25__bucket_list_deallocatorINS_9allocatorIPNS_16__hash_node_baseIPNS_11__hash_nodeINS_17__hash_value_typeIPFvvENS_5queueI7messageNS_5dequeIS9_NS2_IS9_EEEEEEEEPvEEEEEEEELi1ELb0EEC1Ev                                                                                                                                                     
0001232e  _ZNSt3__222__compressed_pair_elemIjLi0ELb0EEC2IivEEOT_                                                                                                                                                                                                                                                                                                                         
00012334  C$$EXIT                                                                                                                                                                                                                                                                                                                                                                        
00012334  _ZSt17__throw_bad_allocv                                                                                                                                                                                                                                                                                                                                                       
00012334  abort                                                                                                                                                                                                                                                                                                                                                                          
0001233a  _ZNSt3__220__throw_length_errorEPKc                                                                                                                                                                                                                                                                                                                                            
0001233e  _ZdaPv                                                                                                                                                                                                                                                                                                                                                                         
00012342  _Znaj                                                                                                                                                                                                                                                                                                                                                                          
00012346  __cxa_ia64_exit                                                                                                                                                                                                                                                                                                                                                                
0001234a  _system_pre_init                                                                                                                                                                                                                                                                                                                                                               
0001234e  _ZNSt3__217__compressed_pairIPjNS_14default_deleteIA_jEEE5firstEv                                                                                                                                                                                                                                                                                                              
00012350  _ZNSt3__217__compressed_pairIPjNS_14default_deleteIA_jEEE6secondEv                                                                                                                                                                                                                                                                                                             
00012352  _ZNSt3__222__compressed_pair_elemIjLi0ELb0EE5__getEv                                                                                                                                                                                                                                                                                                                           
00012354  _ZNSt3__27forwardIfEEOT_RNS_16remove_referenceIS1_E4typeE                                                                                                                                                                                                                                                                                                                      
00012356  _ZNSt3__27forwardIiEEOT_RNS_16remove_referenceIS1_E4typeE                                                                                                                                                                                                                                                                                                                      
00012358  _nop                                                                                                                                                                                                                                                                                                                                                                           
0001235a  _system_post_cinit                                                                                                                                                                                                                                                                                                                                                             
ffffffff  __TI_pprof_out_hndl                                                                                                                                                                                                                                                                                                                                                            
ffffffff  __TI_prof_data_size                                                                                                                                                                                                                                                                                                                                                            
ffffffff  __TI_prof_data_start                                                                                                                                                                                                                                                                                                                                                           
ffffffff  __c_args__                                                                                                                                                                                                                                                                                                                                                                     

[894 symbols]
