<?xml version="1.0" encoding="ISO-8859-1" ?>
<link_info>
   <banner>MSP430 Linker PC v18.1.6.LTS</banner>
   <copyright>Copyright (c) 2003-2018 Texas Instruments Incorporated</copyright>
   <link_time>0x5da40cc0</link_time>
   <link_errors>0x0</link_errors>
   <output_file>f5529_kernel.out</output_file>
   <entry_point>
      <name>_c_int00_noargs</name>
      <address>0x6062</address>
   </entry_point>
   <input_file_list>
      <input_file id="fl-2">
         <path>.\</path>
         <kind>object</kind>
         <file>config.obj</file>
         <name>config.obj</name>
      </input_file>
      <input_file id="fl-4">
         <path>.\</path>
         <kind>object</kind>
         <file>functions.obj</file>
         <name>functions.obj</name>
      </input_file>
      <input_file id="fl-5">
         <path>.\</path>
         <kind>object</kind>
         <file>handler.obj</file>
         <name>handler.obj</name>
      </input_file>
      <input_file id="fl-6">
         <path>.\</path>
         <kind>object</kind>
         <file>main.obj</file>
         <name>main.obj</name>
      </input_file>
      <input_file id="fl-7">
         <path>.\</path>
         <kind>object</kind>
         <file>print.obj</file>
         <name>print.obj</name>
      </input_file>
      <input_file id="fl-8">
         <path>.\</path>
         <kind>object</kind>
         <file>ring_buffer.obj</file>
         <name>ring_buffer.obj</name>
      </input_file>
      <input_file id="fl-9">
         <path>.\</path>
         <kind>object</kind>
         <file>scheduler.obj</file>
         <name>scheduler.obj</name>
      </input_file>
      <input_file id="fl-a">
         <path>.\</path>
         <kind>object</kind>
         <file>scheduler_base.obj</file>
         <name>scheduler_base.obj</name>
      </input_file>
      <input_file id="fl-b">
         <path>.\</path>
         <kind>object</kind>
         <file>task.obj</file>
         <name>task.obj</name>
      </input_file>
      <input_file id="fl-2c">
         <path>C:\ti\ccsv8\tools\compiler\ti-cgt-msp430_18.1.6.LTS\lib\</path>
         <kind>archive</kind>
         <file>rts430_eabi.lib</file>
         <name>hash.cpp.obj</name>
      </input_file>
      <input_file id="fl-2e">
         <path>C:\ti\ccsv8\tools\compiler\ti-cgt-msp430_18.1.6.LTS\lib\</path>
         <kind>archive</kind>
         <file>rts430_eabi.lib</file>
         <name>string.cpp.obj</name>
      </input_file>
      <input_file id="fl-2f">
         <path>C:\ti\ccsv8\tools\compiler\ti-cgt-msp430_18.1.6.LTS\lib\</path>
         <kind>archive</kind>
         <file>rts430_eabi.lib</file>
         <name>vector.cpp.obj</name>
      </input_file>
      <input_file id="fl-30">
         <path>C:\ti\ccsv8\tools\compiler\ti-cgt-msp430_18.1.6.LTS\lib\</path>
         <kind>archive</kind>
         <file>rts430_eabi.lib</file>
         <name>s_ceilf.c.obj</name>
      </input_file>
      <input_file id="fl-31">
         <path>C:\ti\ccsv8\tools\compiler\ti-cgt-msp430_18.1.6.LTS\lib\</path>
         <kind>archive</kind>
         <file>rts430_eabi.lib</file>
         <name>wcslen.c.obj</name>
      </input_file>
      <input_file id="fl-32">
         <path>C:\ti\ccsv8\tools\compiler\ti-cgt-msp430_18.1.6.LTS\lib\</path>
         <kind>archive</kind>
         <file>rts430_eabi.lib</file>
         <name>wmemchr.c.obj</name>
      </input_file>
      <input_file id="fl-33">
         <path>C:\ti\ccsv8\tools\compiler\ti-cgt-msp430_18.1.6.LTS\lib\</path>
         <kind>archive</kind>
         <file>rts430_eabi.lib</file>
         <name>wmemcmp.c.obj</name>
      </input_file>
      <input_file id="fl-34">
         <path>C:\ti\ccsv8\tools\compiler\ti-cgt-msp430_18.1.6.LTS\lib\</path>
         <kind>archive</kind>
         <file>rts430_eabi.lib</file>
         <name>wmemmove.c.obj</name>
      </input_file>
      <input_file id="fl-35">
         <path>C:\ti\ccsv8\tools\compiler\ti-cgt-msp430_18.1.6.LTS\lib\</path>
         <kind>archive</kind>
         <file>rts430_eabi.lib</file>
         <name>wmemset.c.obj</name>
      </input_file>
      <input_file id="fl-36">
         <path>C:\ti\ccsv8\tools\compiler\ti-cgt-msp430_18.1.6.LTS\lib\</path>
         <kind>archive</kind>
         <file>rts430_eabi.lib</file>
         <name>wcstof.c.obj</name>
      </input_file>
      <input_file id="fl-37">
         <path>C:\ti\ccsv8\tools\compiler\ti-cgt-msp430_18.1.6.LTS\lib\</path>
         <kind>archive</kind>
         <file>rts430_eabi.lib</file>
         <name>wcstod.c.obj</name>
      </input_file>
      <input_file id="fl-38">
         <path>C:\ti\ccsv8\tools\compiler\ti-cgt-msp430_18.1.6.LTS\lib\</path>
         <kind>archive</kind>
         <file>rts430_eabi.lib</file>
         <name>wcstold.c.obj</name>
      </input_file>
      <input_file id="fl-39">
         <path>C:\ti\ccsv8\tools\compiler\ti-cgt-msp430_18.1.6.LTS\lib\</path>
         <kind>archive</kind>
         <file>rts430_eabi.lib</file>
         <name>wcstol.c.obj</name>
      </input_file>
      <input_file id="fl-3a">
         <path>C:\ti\ccsv8\tools\compiler\ti-cgt-msp430_18.1.6.LTS\lib\</path>
         <kind>archive</kind>
         <file>rts430_eabi.lib</file>
         <name>wcstoul.c.obj</name>
      </input_file>
      <input_file id="fl-3b">
         <path>C:\ti\ccsv8\tools\compiler\ti-cgt-msp430_18.1.6.LTS\lib\</path>
         <kind>archive</kind>
         <file>rts430_eabi.lib</file>
         <name>wcstoll.c.obj</name>
      </input_file>
      <input_file id="fl-3c">
         <path>C:\ti\ccsv8\tools\compiler\ti-cgt-msp430_18.1.6.LTS\lib\</path>
         <kind>archive</kind>
         <file>rts430_eabi.lib</file>
         <name>wcstoull.c.obj</name>
      </input_file>
      <input_file id="fl-3d">
         <path>C:\ti\ccsv8\tools\compiler\ti-cgt-msp430_18.1.6.LTS\lib\</path>
         <kind>archive</kind>
         <file>rts430_eabi.lib</file>
         <name>swprintf.c.obj</name>
      </input_file>
      <input_file id="fl-3e">
         <path>C:\ti\ccsv8\tools\compiler\ti-cgt-msp430_18.1.6.LTS\lib\</path>
         <kind>archive</kind>
         <file>rts430_eabi.lib</file>
         <name>wmemcpy.c.obj</name>
      </input_file>
      <input_file id="fl-3f">
         <path>C:\ti\ccsv8\tools\compiler\ti-cgt-msp430_18.1.6.LTS\lib\</path>
         <kind>archive</kind>
         <file>rts430_eabi.lib</file>
         <name>none_mb.c.obj</name>
      </input_file>
      <input_file id="fl-40">
         <path>C:\ti\ccsv8\tools\compiler\ti-cgt-msp430_18.1.6.LTS\lib\</path>
         <kind>archive</kind>
         <file>rts430_eabi.lib</file>
         <name>vswprintf.c.obj</name>
      </input_file>
      <input_file id="fl-41">
         <path>C:\ti\ccsv8\tools\compiler\ti-cgt-msp430_18.1.6.LTS\lib\</path>
         <kind>archive</kind>
         <file>rts430_eabi.lib</file>
         <name>locale_stdlib.c.obj</name>
      </input_file>
      <input_file id="fl-42">
         <path>C:\ti\ccsv8\tools\compiler\ti-cgt-msp430_18.1.6.LTS\lib\</path>
         <kind>archive</kind>
         <file>rts430_eabi.lib</file>
         <name>locale_wchar.c.obj</name>
      </input_file>
      <input_file id="fl-43">
         <path>C:\ti\ccsv8\tools\compiler\ti-cgt-msp430_18.1.6.LTS\lib\</path>
         <kind>archive</kind>
         <file>rts430_eabi.lib</file>
         <name>dtor_list.c.obj</name>
      </input_file>
      <input_file id="fl-73">
         <path>C:\ti\ccsv8\tools\compiler\ti-cgt-msp430_18.1.6.LTS\lib\</path>
         <kind>archive</kind>
         <file>rts430_eabi.lib</file>
         <name>copy_zero_init.c.obj</name>
      </input_file>
      <input_file id="fl-74">
         <path>C:\ti\ccsv8\tools\compiler\ti-cgt-msp430_18.1.6.LTS\lib\</path>
         <kind>archive</kind>
         <file>rts430_eabi.lib</file>
         <name>exit_gvars.c.obj</name>
      </input_file>
      <input_file id="fl-75">
         <path>C:\ti\ccsv8\tools\compiler\ti-cgt-msp430_18.1.6.LTS\lib\</path>
         <kind>archive</kind>
         <file>rts430_eabi.lib</file>
         <name>cpy_tbl.c.obj</name>
      </input_file>
      <input_file id="fl-76">
         <path>C:\ti\ccsv8\tools\compiler\ti-cgt-msp430_18.1.6.LTS\lib\</path>
         <kind>archive</kind>
         <file>rts430_eabi.lib</file>
         <name>mpu_init.c.obj</name>
      </input_file>
      <input_file id="fl-77">
         <path>C:\ti\ccsv8\tools\compiler\ti-cgt-msp430_18.1.6.LTS\lib\</path>
         <kind>archive</kind>
         <file>rts430_eabi.lib</file>
         <name>lsr64.c.obj</name>
      </input_file>
      <input_file id="fl-78">
         <path>C:\ti\ccsv8\tools\compiler\ti-cgt-msp430_18.1.6.LTS\lib\</path>
         <kind>archive</kind>
         <file>rts430_eabi.lib</file>
         <name>div64u.c.obj</name>
      </input_file>
      <input_file id="fl-79">
         <path>C:\ti\ccsv8\tools\compiler\ti-cgt-msp430_18.1.6.LTS\lib\</path>
         <kind>archive</kind>
         <file>rts430_eabi.lib</file>
         <name>rem64u.c.obj</name>
      </input_file>
      <input_file id="fl-7a">
         <path>C:\ti\ccsv8\tools\compiler\ti-cgt-msp430_18.1.6.LTS\lib\</path>
         <kind>archive</kind>
         <file>rts430_eabi.lib</file>
         <name>pre_init.c.obj</name>
      </input_file>
      <input_file id="fl-7c">
         <path>C:\ti\ccsv8\tools\compiler\ti-cgt-msp430_18.1.6.LTS\lib\</path>
         <kind>archive</kind>
         <file>rts430_eabi.lib</file>
         <name>copy_decompress_none.c.obj</name>
      </input_file>
      <input_file id="fl-7d">
         <path>C:\ti\ccsv8\tools\compiler\ti-cgt-msp430_18.1.6.LTS\lib\</path>
         <kind>archive</kind>
         <file>rts430_eabi.lib</file>
         <name>copy_decompress_lzss.c.obj</name>
      </input_file>
      <input_file id="fl-7e">
         <path>C:\ti\ccsv8\tools\compiler\ti-cgt-msp430_18.1.6.LTS\lib\</path>
         <kind>archive</kind>
         <file>rts430_eabi.lib</file>
         <name>cvtfd.c.obj</name>
      </input_file>
      <input_file id="fl-80">
         <path>C:\ti\ccsv8\tools\compiler\ti-cgt-msp430_18.1.6.LTS\lib\</path>
         <kind>archive</kind>
         <file>rts430_eabi.lib</file>
         <name>memory.c.obj</name>
      </input_file>
      <input_file id="fl-81">
         <path>C:\ti\ccsv8\tools\compiler\ti-cgt-msp430_18.1.6.LTS\lib\</path>
         <kind>archive</kind>
         <file>rts430_eabi.lib</file>
         <name>_lock.c.obj</name>
      </input_file>
      <input_file id="fl-83">
         <path>C:\ti\ccsv8\tools\compiler\ti-cgt-msp430_18.1.6.LTS\lib\</path>
         <kind>archive</kind>
         <file>rts430_eabi.lib</file>
         <name>atof.c.obj</name>
      </input_file>
      <input_file id="fl-84">
         <path>C:\ti\ccsv8\tools\compiler\ti-cgt-msp430_18.1.6.LTS\lib\</path>
         <kind>archive</kind>
         <file>rts430_eabi.lib</file>
         <name>atoi.c.obj</name>
      </input_file>
      <input_file id="fl-85">
         <path>C:\ti\ccsv8\tools\compiler\ti-cgt-msp430_18.1.6.LTS\lib\</path>
         <kind>archive</kind>
         <file>rts430_eabi.lib</file>
         <name>atol.c.obj</name>
      </input_file>
      <input_file id="fl-86">
         <path>C:\ti\ccsv8\tools\compiler\ti-cgt-msp430_18.1.6.LTS\lib\</path>
         <kind>archive</kind>
         <file>rts430_eabi.lib</file>
         <name>atoll.c.obj</name>
      </input_file>
      <input_file id="fl-87">
         <path>C:\ti\ccsv8\tools\compiler\ti-cgt-msp430_18.1.6.LTS\lib\</path>
         <kind>archive</kind>
         <file>rts430_eabi.lib</file>
         <name>ctype.c.obj</name>
      </input_file>
      <input_file id="fl-88">
         <path>C:\ti\ccsv8\tools\compiler\ti-cgt-msp430_18.1.6.LTS\lib\</path>
         <kind>archive</kind>
         <file>rts430_eabi.lib</file>
         <name>defs.c.obj</name>
      </input_file>
      <input_file id="fl-89">
         <path>C:\ti\ccsv8\tools\compiler\ti-cgt-msp430_18.1.6.LTS\lib\</path>
         <kind>archive</kind>
         <file>rts430_eabi.lib</file>
         <name>fprintf.c.obj</name>
      </input_file>
      <input_file id="fl-8a">
         <path>C:\ti\ccsv8\tools\compiler\ti-cgt-msp430_18.1.6.LTS\lib\</path>
         <kind>archive</kind>
         <file>rts430_eabi.lib</file>
         <name>fputc.c.obj</name>
      </input_file>
      <input_file id="fl-8b">
         <path>C:\ti\ccsv8\tools\compiler\ti-cgt-msp430_18.1.6.LTS\lib\</path>
         <kind>archive</kind>
         <file>rts430_eabi.lib</file>
         <name>fputs.c.obj</name>
      </input_file>
      <input_file id="fl-8c">
         <path>C:\ti\ccsv8\tools\compiler\ti-cgt-msp430_18.1.6.LTS\lib\</path>
         <kind>archive</kind>
         <file>rts430_eabi.lib</file>
         <name>memchr.c.obj</name>
      </input_file>
      <input_file id="fl-8d">
         <path>C:\ti\ccsv8\tools\compiler\ti-cgt-msp430_18.1.6.LTS\lib\</path>
         <kind>archive</kind>
         <file>rts430_eabi.lib</file>
         <name>memcmp.c.obj</name>
      </input_file>
      <input_file id="fl-8e">
         <path>C:\ti\ccsv8\tools\compiler\ti-cgt-msp430_18.1.6.LTS\lib\</path>
         <kind>archive</kind>
         <file>rts430_eabi.lib</file>
         <name>memcpy.c.obj</name>
      </input_file>
      <input_file id="fl-8f">
         <path>C:\ti\ccsv8\tools\compiler\ti-cgt-msp430_18.1.6.LTS\lib\</path>
         <kind>archive</kind>
         <file>rts430_eabi.lib</file>
         <name>memmov.c.obj</name>
      </input_file>
      <input_file id="fl-90">
         <path>C:\ti\ccsv8\tools\compiler\ti-cgt-msp430_18.1.6.LTS\lib\</path>
         <kind>archive</kind>
         <file>rts430_eabi.lib</file>
         <name>memset.c.obj</name>
      </input_file>
      <input_file id="fl-91">
         <path>C:\ti\ccsv8\tools\compiler\ti-cgt-msp430_18.1.6.LTS\lib\</path>
         <kind>archive</kind>
         <file>rts430_eabi.lib</file>
         <name>snprintf.c.obj</name>
      </input_file>
      <input_file id="fl-92">
         <path>C:\ti\ccsv8\tools\compiler\ti-cgt-msp430_18.1.6.LTS\lib\</path>
         <kind>archive</kind>
         <file>rts430_eabi.lib</file>
         <name>strlen.c.obj</name>
      </input_file>
      <input_file id="fl-93">
         <path>C:\ti\ccsv8\tools\compiler\ti-cgt-msp430_18.1.6.LTS\lib\</path>
         <kind>archive</kind>
         <file>rts430_eabi.lib</file>
         <name>strtod.c.obj</name>
      </input_file>
      <input_file id="fl-94">
         <path>C:\ti\ccsv8\tools\compiler\ti-cgt-msp430_18.1.6.LTS\lib\</path>
         <kind>archive</kind>
         <file>rts430_eabi.lib</file>
         <name>strtof.c.obj</name>
      </input_file>
      <input_file id="fl-95">
         <path>C:\ti\ccsv8\tools\compiler\ti-cgt-msp430_18.1.6.LTS\lib\</path>
         <kind>archive</kind>
         <file>rts430_eabi.lib</file>
         <name>strtol.c.obj</name>
      </input_file>
      <input_file id="fl-96">
         <path>C:\ti\ccsv8\tools\compiler\ti-cgt-msp430_18.1.6.LTS\lib\</path>
         <kind>archive</kind>
         <file>rts430_eabi.lib</file>
         <name>strtoll.c.obj</name>
      </input_file>
      <input_file id="fl-97">
         <path>C:\ti\ccsv8\tools\compiler\ti-cgt-msp430_18.1.6.LTS\lib\</path>
         <kind>archive</kind>
         <file>rts430_eabi.lib</file>
         <name>strtoul.c.obj</name>
      </input_file>
      <input_file id="fl-98">
         <path>C:\ti\ccsv8\tools\compiler\ti-cgt-msp430_18.1.6.LTS\lib\</path>
         <kind>archive</kind>
         <file>rts430_eabi.lib</file>
         <name>strtoull.c.obj</name>
      </input_file>
      <input_file id="fl-99">
         <path>C:\ti\ccsv8\tools\compiler\ti-cgt-msp430_18.1.6.LTS\lib\</path>
         <kind>archive</kind>
         <file>rts430_eabi.lib</file>
         <name>toupper.c.obj</name>
      </input_file>
      <input_file id="fl-9a">
         <path>C:\ti\ccsv8\tools\compiler\ti-cgt-msp430_18.1.6.LTS\lib\</path>
         <kind>archive</kind>
         <file>rts430_eabi.lib</file>
         <name>vsnprintf.c.obj</name>
      </input_file>
      <input_file id="fl-9b">
         <path>C:\ti\ccsv8\tools\compiler\ti-cgt-msp430_18.1.6.LTS\lib\</path>
         <kind>archive</kind>
         <file>rts430_eabi.lib</file>
         <name>wctype.c.obj</name>
      </input_file>
      <input_file id="fl-9c">
         <path>C:\ti\ccsv8\tools\compiler\ti-cgt-msp430_18.1.6.LTS\lib\</path>
         <kind>archive</kind>
         <file>rts430_eabi.lib</file>
         <name>write.c.obj</name>
      </input_file>
      <input_file id="fl-9d">
         <path>C:\ti\ccsv8\tools\compiler\ti-cgt-msp430_18.1.6.LTS\lib\</path>
         <kind>archive</kind>
         <file>rts430_eabi.lib</file>
         <name>errno.c.obj</name>
      </input_file>
      <input_file id="fl-9e">
         <path>C:\ti\ccsv8\tools\compiler\ti-cgt-msp430_18.1.6.LTS\lib\</path>
         <kind>archive</kind>
         <file>rts430_eabi.lib</file>
         <name>abs.c.obj</name>
      </input_file>
      <input_file id="fl-9f">
         <path>C:\ti\ccsv8\tools\compiler\ti-cgt-msp430_18.1.6.LTS\lib\</path>
         <kind>archive</kind>
         <file>rts430_eabi.lib</file>
         <name>s_scalbn.c.obj</name>
      </input_file>
      <input_file id="fl-a0">
         <path>C:\ti\ccsv8\tools\compiler\ti-cgt-msp430_18.1.6.LTS\lib\</path>
         <kind>archive</kind>
         <file>rts430_eabi.lib</file>
         <name>s_scalbnf.c.obj</name>
      </input_file>
      <input_file id="fl-a1">
         <path>C:\ti\ccsv8\tools\compiler\ti-cgt-msp430_18.1.6.LTS\lib\</path>
         <kind>archive</kind>
         <file>rts430_eabi.lib</file>
         <name>fgetwc.c.obj</name>
      </input_file>
      <input_file id="fl-a2">
         <path>C:\ti\ccsv8\tools\compiler\ti-cgt-msp430_18.1.6.LTS\lib\</path>
         <kind>archive</kind>
         <file>rts430_eabi.lib</file>
         <name>fputws.c.obj</name>
      </input_file>
      <input_file id="fl-a3">
         <path>C:\ti\ccsv8\tools\compiler\ti-cgt-msp430_18.1.6.LTS\lib\</path>
         <kind>archive</kind>
         <file>rts430_eabi.lib</file>
         <name>fgetws.c.obj</name>
      </input_file>
      <input_file id="fl-a4">
         <path>C:\ti\ccsv8\tools\compiler\ti-cgt-msp430_18.1.6.LTS\lib\</path>
         <kind>archive</kind>
         <file>rts430_eabi.lib</file>
         <name>wcscoll.c.obj</name>
      </input_file>
      <input_file id="fl-a5">
         <path>C:\ti\ccsv8\tools\compiler\ti-cgt-msp430_18.1.6.LTS\lib\</path>
         <kind>archive</kind>
         <file>rts430_eabi.lib</file>
         <name>wcsxfrm.c.obj</name>
      </input_file>
      <input_file id="fl-a6">
         <path>C:\ti\ccsv8\tools\compiler\ti-cgt-msp430_18.1.6.LTS\lib\</path>
         <kind>archive</kind>
         <file>rts430_eabi.lib</file>
         <name>vfwprintf.c.obj</name>
      </input_file>
      <input_file id="fl-a7">
         <path>C:\ti\ccsv8\tools\compiler\ti-cgt-msp430_18.1.6.LTS\lib\</path>
         <kind>archive</kind>
         <file>rts430_eabi.lib</file>
         <name>vfwscanf.c.obj</name>
      </input_file>
      <input_file id="fl-a8">
         <path>C:\ti\ccsv8\tools\compiler\ti-cgt-msp430_18.1.6.LTS\lib\</path>
         <kind>archive</kind>
         <file>rts430_eabi.lib</file>
         <name>s_copysignf.c.obj</name>
      </input_file>
      <input_file id="fl-a9">
         <path>C:\ti\ccsv8\tools\compiler\ti-cgt-msp430_18.1.6.LTS\lib\</path>
         <kind>archive</kind>
         <file>rts430_eabi.lib</file>
         <name>s_copysign.c.obj</name>
      </input_file>
      <input_file id="fl-ac">
         <path>C:\ti\ccsv8\tools\compiler\ti-cgt-msp430_18.1.6.LTS\lib\</path>
         <kind>archive</kind>
         <file>rts430_eabi.lib</file>
         <name>lsl64.c.obj</name>
      </input_file>
      <input_file id="fl-ad">
         <path>C:\ti\ccsv8\tools\compiler\ti-cgt-msp430_18.1.6.LTS\lib\</path>
         <kind>archive</kind>
         <file>rts430_eabi.lib</file>
         <name>addd.c.obj</name>
      </input_file>
      <input_file id="fl-ae">
         <path>C:\ti\ccsv8\tools\compiler\ti-cgt-msp430_18.1.6.LTS\lib\</path>
         <kind>archive</kind>
         <file>rts430_eabi.lib</file>
         <name>cmpd.c.obj</name>
      </input_file>
      <input_file id="fl-af">
         <path>C:\ti\ccsv8\tools\compiler\ti-cgt-msp430_18.1.6.LTS\lib\</path>
         <kind>archive</kind>
         <file>rts430_eabi.lib</file>
         <name>divd.c.obj</name>
      </input_file>
      <input_file id="fl-b0">
         <path>C:\ti\ccsv8\tools\compiler\ti-cgt-msp430_18.1.6.LTS\lib\</path>
         <kind>archive</kind>
         <file>rts430_eabi.lib</file>
         <name>frcaddd.c.obj</name>
      </input_file>
      <input_file id="fl-b1">
         <path>C:\ti\ccsv8\tools\compiler\ti-cgt-msp430_18.1.6.LTS\lib\</path>
         <kind>archive</kind>
         <file>rts430_eabi.lib</file>
         <name>frcdivd.c.obj</name>
      </input_file>
      <input_file id="fl-b2">
         <path>C:\ti\ccsv8\tools\compiler\ti-cgt-msp430_18.1.6.LTS\lib\</path>
         <kind>archive</kind>
         <file>rts430_eabi.lib</file>
         <name>mpyd.c.obj</name>
      </input_file>
      <input_file id="fl-b3">
         <path>C:\ti\ccsv8\tools\compiler\ti-cgt-msp430_18.1.6.LTS\lib\</path>
         <kind>archive</kind>
         <file>rts430_eabi.lib</file>
         <name>negd.c.obj</name>
      </input_file>
      <input_file id="fl-b4">
         <path>C:\ti\ccsv8\tools\compiler\ti-cgt-msp430_18.1.6.LTS\lib\</path>
         <kind>archive</kind>
         <file>rts430_eabi.lib</file>
         <name>renormd.c.obj</name>
      </input_file>
      <input_file id="fl-b5">
         <path>C:\ti\ccsv8\tools\compiler\ti-cgt-msp430_18.1.6.LTS\lib\</path>
         <kind>archive</kind>
         <file>rts430_eabi.lib</file>
         <name>_io_perm.c.obj</name>
      </input_file>
      <input_file id="fl-b6">
         <path>C:\ti\ccsv8\tools\compiler\ti-cgt-msp430_18.1.6.LTS\lib\</path>
         <kind>archive</kind>
         <file>rts430_eabi.lib</file>
         <name>_printfi_min.c.obj</name>
      </input_file>
      <input_file id="fl-b7">
         <path>C:\ti\ccsv8\tools\compiler\ti-cgt-msp430_18.1.6.LTS\lib\</path>
         <kind>archive</kind>
         <file>rts430_eabi.lib</file>
         <name>fflush.c.obj</name>
      </input_file>
      <input_file id="fl-b8">
         <path>C:\ti\ccsv8\tools\compiler\ti-cgt-msp430_18.1.6.LTS\lib\</path>
         <kind>archive</kind>
         <file>rts430_eabi.lib</file>
         <name>fgetc.c.obj</name>
      </input_file>
      <input_file id="fl-b9">
         <path>C:\ti\ccsv8\tools\compiler\ti-cgt-msp430_18.1.6.LTS\lib\</path>
         <kind>archive</kind>
         <file>rts430_eabi.lib</file>
         <name>fgets.c.obj</name>
      </input_file>
      <input_file id="fl-ba">
         <path>C:\ti\ccsv8\tools\compiler\ti-cgt-msp430_18.1.6.LTS\lib\</path>
         <kind>archive</kind>
         <file>rts430_eabi.lib</file>
         <name>fscanf.c.obj</name>
      </input_file>
      <input_file id="fl-bb">
         <path>C:\ti\ccsv8\tools\compiler\ti-cgt-msp430_18.1.6.LTS\lib\</path>
         <kind>archive</kind>
         <file>rts430_eabi.lib</file>
         <name>fseek.c.obj</name>
      </input_file>
      <input_file id="fl-bc">
         <path>C:\ti\ccsv8\tools\compiler\ti-cgt-msp430_18.1.6.LTS\lib\</path>
         <kind>archive</kind>
         <file>rts430_eabi.lib</file>
         <name>isspace.c.obj</name>
      </input_file>
      <input_file id="fl-bd">
         <path>C:\ti\ccsv8\tools\compiler\ti-cgt-msp430_18.1.6.LTS\lib\</path>
         <kind>archive</kind>
         <file>rts430_eabi.lib</file>
         <name>lseek.c.obj</name>
      </input_file>
      <input_file id="fl-be">
         <path>C:\ti\ccsv8\tools\compiler\ti-cgt-msp430_18.1.6.LTS\lib\</path>
         <kind>archive</kind>
         <file>rts430_eabi.lib</file>
         <name>memccpy.c.obj</name>
      </input_file>
      <input_file id="fl-bf">
         <path>C:\ti\ccsv8\tools\compiler\ti-cgt-msp430_18.1.6.LTS\lib\</path>
         <kind>archive</kind>
         <file>rts430_eabi.lib</file>
         <name>read.c.obj</name>
      </input_file>
      <input_file id="fl-c0">
         <path>C:\ti\ccsv8\tools\compiler\ti-cgt-msp430_18.1.6.LTS\lib\</path>
         <kind>archive</kind>
         <file>rts430_eabi.lib</file>
         <name>setvbuf.c.obj</name>
      </input_file>
      <input_file id="fl-c1">
         <path>C:\ti\ccsv8\tools\compiler\ti-cgt-msp430_18.1.6.LTS\lib\</path>
         <kind>archive</kind>
         <file>rts430_eabi.lib</file>
         <name>strcmp.c.obj</name>
      </input_file>
      <input_file id="fl-c2">
         <path>C:\ti\ccsv8\tools\compiler\ti-cgt-msp430_18.1.6.LTS\lib\</path>
         <kind>archive</kind>
         <file>rts430_eabi.lib</file>
         <name>strcpy.c.obj</name>
      </input_file>
      <input_file id="fl-c3">
         <path>C:\ti\ccsv8\tools\compiler\ti-cgt-msp430_18.1.6.LTS\lib\</path>
         <kind>archive</kind>
         <file>rts430_eabi.lib</file>
         <name>hostclose.c.obj</name>
      </input_file>
      <input_file id="fl-c4">
         <path>C:\ti\ccsv8\tools\compiler\ti-cgt-msp430_18.1.6.LTS\lib\</path>
         <kind>archive</kind>
         <file>rts430_eabi.lib</file>
         <name>hostlseek.c.obj</name>
      </input_file>
      <input_file id="fl-c5">
         <path>C:\ti\ccsv8\tools\compiler\ti-cgt-msp430_18.1.6.LTS\lib\</path>
         <kind>archive</kind>
         <file>rts430_eabi.lib</file>
         <name>hostopen.c.obj</name>
      </input_file>
      <input_file id="fl-c6">
         <path>C:\ti\ccsv8\tools\compiler\ti-cgt-msp430_18.1.6.LTS\lib\</path>
         <kind>archive</kind>
         <file>rts430_eabi.lib</file>
         <name>hostread.c.obj</name>
      </input_file>
      <input_file id="fl-c7">
         <path>C:\ti\ccsv8\tools\compiler\ti-cgt-msp430_18.1.6.LTS\lib\</path>
         <kind>archive</kind>
         <file>rts430_eabi.lib</file>
         <name>hostrename.c.obj</name>
      </input_file>
      <input_file id="fl-c8">
         <path>C:\ti\ccsv8\tools\compiler\ti-cgt-msp430_18.1.6.LTS\lib\</path>
         <kind>archive</kind>
         <file>rts430_eabi.lib</file>
         <name>hostunlink.c.obj</name>
      </input_file>
      <input_file id="fl-c9">
         <path>C:\ti\ccsv8\tools\compiler\ti-cgt-msp430_18.1.6.LTS\lib\</path>
         <kind>archive</kind>
         <file>rts430_eabi.lib</file>
         <name>hostwrite.c.obj</name>
      </input_file>
      <input_file id="fl-cb">
         <path>C:\ti\ccsv8\tools\compiler\ti-cgt-msp430_18.1.6.LTS\lib\</path>
         <kind>archive</kind>
         <file>rts430_eabi.lib</file>
         <name>ungetc.c.obj</name>
      </input_file>
      <input_file id="fl-cc">
         <path>C:\ti\ccsv8\tools\compiler\ti-cgt-msp430_18.1.6.LTS\lib\</path>
         <kind>archive</kind>
         <file>rts430_eabi.lib</file>
         <name>vfprintf.c.obj</name>
      </input_file>
      <input_file id="fl-cd">
         <path>C:\ti\ccsv8\tools\compiler\ti-cgt-msp430_18.1.6.LTS\lib\</path>
         <kind>archive</kind>
         <file>rts430_eabi.lib</file>
         <name>frcmpyd.c.obj</name>
      </input_file>
      <input_file id="fl-ce">
         <path>C:\ti\ccsv8\tools\compiler\ti-cgt-msp430_18.1.6.LTS\lib\</path>
         <kind>archive</kind>
         <file>rts430_eabi.lib</file>
         <name>_bufread.c.obj</name>
      </input_file>
      <input_file id="fl-cf">
         <path>C:\ti\ccsv8\tools\compiler\ti-cgt-msp430_18.1.6.LTS\lib\</path>
         <kind>archive</kind>
         <file>rts430_eabi.lib</file>
         <name>_scanfi_min.c.obj</name>
      </input_file>
      <input_file id="fl-d0">
         <path>C:\ti\ccsv8\tools\compiler\ti-cgt-msp430_18.1.6.LTS\lib\</path>
         <kind>archive</kind>
         <file>rts430_eabi.lib</file>
         <name>fopen.c.obj</name>
      </input_file>
      <input_file id="fl-d1">
         <path>C:\ti\ccsv8\tools\compiler\ti-cgt-msp430_18.1.6.LTS\lib\</path>
         <kind>archive</kind>
         <file>rts430_eabi.lib</file>
         <name>isxdigit.c.obj</name>
      </input_file>
      <input_file id="fl-d2">
         <path>C:\ti\ccsv8\tools\compiler\ti-cgt-msp430_18.1.6.LTS\lib\</path>
         <kind>archive</kind>
         <file>rts430_eabi.lib</file>
         <name>open.c.obj</name>
      </input_file>
      <input_file id="fl-d3">
         <path>C:\ti\ccsv8\tools\compiler\ti-cgt-msp430_18.1.6.LTS\lib\</path>
         <kind>archive</kind>
         <file>rts430_eabi.lib</file>
         <name>strchr.c.obj</name>
      </input_file>
      <input_file id="fl-d4">
         <path>C:\ti\ccsv8\tools\compiler\ti-cgt-msp430_18.1.6.LTS\lib\</path>
         <kind>archive</kind>
         <file>rts430_eabi.lib</file>
         <name>fclose.c.obj</name>
      </input_file>
      <input_file id="fl-d5">
         <path>C:\ti\ccsv8\tools\compiler\ti-cgt-msp430_18.1.6.LTS\lib\</path>
         <kind>archive</kind>
         <file>rts430_eabi.lib</file>
         <name>getdevice.c.obj</name>
      </input_file>
      <input_file id="fl-d6">
         <path>C:\ti\ccsv8\tools\compiler\ti-cgt-msp430_18.1.6.LTS\lib\</path>
         <kind>archive</kind>
         <file>rts430_eabi.lib</file>
         <name>remove.c.obj</name>
      </input_file>
      <input_file id="fl-d7">
         <path>C:\ti\ccsv8\tools\compiler\ti-cgt-msp430_18.1.6.LTS\lib\</path>
         <kind>archive</kind>
         <file>rts430_eabi.lib</file>
         <name>strncpy.c.obj</name>
      </input_file>
      <input_file id="fl-d8">
         <path>C:\ti\ccsv8\tools\compiler\ti-cgt-msp430_18.1.6.LTS\lib\</path>
         <kind>archive</kind>
         <file>rts430_eabi.lib</file>
         <name>unlink.c.obj</name>
      </input_file>
      <input_file id="fl-d9">
         <path>C:\ti\ccsv8\tools\compiler\ti-cgt-msp430_18.1.6.LTS\lib\</path>
         <kind>archive</kind>
         <file>rts430_eabi.lib</file>
         <name>close.c.obj</name>
      </input_file>
      <input_file id="fl-db">
         <path>C:\Users\krad2\AppData\Local\Temp\</path>
         <kind>object</kind>
         <file>{837E3DCC-E7F3-4EC6-AEE1-2C11FD4FE61A}</file>
         <name>{837E3DCC-E7F3-4EC6-AEE1-2C11FD4FE61A}</name>
      </input_file>
      <input_file id="fl-3">
         <path>.\</path>
         <kind>object</kind>
         <file>ctx_swtch.obj</file>
         <name>ctx_swtch.obj</name>
      </input_file>
      <input_file id="fl-11">
         <kind>object</kind>
         <file>&lt;internal&gt;</file>
         <name>&lt;internal&gt;</name>
      </input_file>
      <input_file id="fl-2d">
         <path>C:\ti\ccsv8\tools\compiler\ti-cgt-msp430_18.1.6.LTS\lib\</path>
         <kind>archive</kind>
         <file>rts430_eabi.lib</file>
         <name>new.cpp.obj</name>
      </input_file>
      <input_file id="fl-44">
         <path>C:\ti\ccsv8\tools\compiler\ti-cgt-msp430_18.1.6.LTS\lib\</path>
         <kind>archive</kind>
         <file>rts430_eabi.lib</file>
         <name>asr16.asm.obj</name>
      </input_file>
      <input_file id="fl-45">
         <path>C:\ti\ccsv8\tools\compiler\ti-cgt-msp430_18.1.6.LTS\lib\</path>
         <kind>archive</kind>
         <file>rts430_eabi.lib</file>
         <name>asr32.asm.obj</name>
      </input_file>
      <input_file id="fl-46">
         <path>C:\ti\ccsv8\tools\compiler\ti-cgt-msp430_18.1.6.LTS\lib\</path>
         <kind>archive</kind>
         <file>rts430_eabi.lib</file>
         <name>div16s.asm.obj</name>
      </input_file>
      <input_file id="fl-47">
         <path>C:\ti\ccsv8\tools\compiler\ti-cgt-msp430_18.1.6.LTS\lib\</path>
         <kind>archive</kind>
         <file>rts430_eabi.lib</file>
         <name>div16u.asm.obj</name>
      </input_file>
      <input_file id="fl-48">
         <path>C:\ti\ccsv8\tools\compiler\ti-cgt-msp430_18.1.6.LTS\lib\</path>
         <kind>archive</kind>
         <file>rts430_eabi.lib</file>
         <name>div32u.asm.obj</name>
      </input_file>
      <input_file id="fl-49">
         <path>C:\ti\ccsv8\tools\compiler\ti-cgt-msp430_18.1.6.LTS\lib\</path>
         <kind>archive</kind>
         <file>rts430_eabi.lib</file>
         <name>epilog.asm.obj</name>
      </input_file>
      <input_file id="fl-4a">
         <path>C:\ti\ccsv8\tools\compiler\ti-cgt-msp430_18.1.6.LTS\lib\</path>
         <kind>archive</kind>
         <file>rts430_eabi.lib</file>
         <name>fs_add.asm.obj</name>
      </input_file>
      <input_file id="fl-4b">
         <path>C:\ti\ccsv8\tools\compiler\ti-cgt-msp430_18.1.6.LTS\lib\</path>
         <kind>archive</kind>
         <file>rts430_eabi.lib</file>
         <name>fs_cmp.asm.obj</name>
      </input_file>
      <input_file id="fl-4c">
         <path>C:\ti\ccsv8\tools\compiler\ti-cgt-msp430_18.1.6.LTS\lib\</path>
         <kind>archive</kind>
         <file>rts430_eabi.lib</file>
         <name>fs_div.asm.obj</name>
      </input_file>
      <input_file id="fl-4d">
         <path>C:\ti\ccsv8\tools\compiler\ti-cgt-msp430_18.1.6.LTS\lib\</path>
         <kind>archive</kind>
         <file>rts430_eabi.lib</file>
         <name>fs_mpy.asm.obj</name>
      </input_file>
      <input_file id="fl-4e">
         <path>C:\ti\ccsv8\tools\compiler\ti-cgt-msp430_18.1.6.LTS\lib\</path>
         <kind>archive</kind>
         <file>rts430_eabi.lib</file>
         <name>fs_tou.asm.obj</name>
      </input_file>
      <input_file id="fl-4f">
         <path>C:\ti\ccsv8\tools\compiler\ti-cgt-msp430_18.1.6.LTS\lib\</path>
         <kind>archive</kind>
         <file>rts430_eabi.lib</file>
         <name>fs_utof.asm.obj</name>
      </input_file>
      <input_file id="fl-50">
         <path>C:\ti\ccsv8\tools\compiler\ti-cgt-msp430_18.1.6.LTS\lib\</path>
         <kind>archive</kind>
         <file>rts430_eabi.lib</file>
         <name>int41.asm.obj</name>
      </input_file>
      <input_file id="fl-51">
         <path>C:\ti\ccsv8\tools\compiler\ti-cgt-msp430_18.1.6.LTS\lib\</path>
         <kind>archive</kind>
         <file>rts430_eabi.lib</file>
         <name>int42.asm.obj</name>
      </input_file>
      <input_file id="fl-52">
         <path>C:\ti\ccsv8\tools\compiler\ti-cgt-msp430_18.1.6.LTS\lib\</path>
         <kind>archive</kind>
         <file>rts430_eabi.lib</file>
         <name>int43.asm.obj</name>
      </input_file>
      <input_file id="fl-53">
         <path>C:\ti\ccsv8\tools\compiler\ti-cgt-msp430_18.1.6.LTS\lib\</path>
         <kind>archive</kind>
         <file>rts430_eabi.lib</file>
         <name>int44.asm.obj</name>
      </input_file>
      <input_file id="fl-54">
         <path>C:\ti\ccsv8\tools\compiler\ti-cgt-msp430_18.1.6.LTS\lib\</path>
         <kind>archive</kind>
         <file>rts430_eabi.lib</file>
         <name>int45.asm.obj</name>
      </input_file>
      <input_file id="fl-55">
         <path>C:\ti\ccsv8\tools\compiler\ti-cgt-msp430_18.1.6.LTS\lib\</path>
         <kind>archive</kind>
         <file>rts430_eabi.lib</file>
         <name>int47.asm.obj</name>
      </input_file>
      <input_file id="fl-56">
         <path>C:\ti\ccsv8\tools\compiler\ti-cgt-msp430_18.1.6.LTS\lib\</path>
         <kind>archive</kind>
         <file>rts430_eabi.lib</file>
         <name>int48.asm.obj</name>
      </input_file>
      <input_file id="fl-57">
         <path>C:\ti\ccsv8\tools\compiler\ti-cgt-msp430_18.1.6.LTS\lib\</path>
         <kind>archive</kind>
         <file>rts430_eabi.lib</file>
         <name>int49.asm.obj</name>
      </input_file>
      <input_file id="fl-58">
         <path>C:\ti\ccsv8\tools\compiler\ti-cgt-msp430_18.1.6.LTS\lib\</path>
         <kind>archive</kind>
         <file>rts430_eabi.lib</file>
         <name>int50.asm.obj</name>
      </input_file>
      <input_file id="fl-59">
         <path>C:\ti\ccsv8\tools\compiler\ti-cgt-msp430_18.1.6.LTS\lib\</path>
         <kind>archive</kind>
         <file>rts430_eabi.lib</file>
         <name>int51.asm.obj</name>
      </input_file>
      <input_file id="fl-5a">
         <path>C:\ti\ccsv8\tools\compiler\ti-cgt-msp430_18.1.6.LTS\lib\</path>
         <kind>archive</kind>
         <file>rts430_eabi.lib</file>
         <name>int52.asm.obj</name>
      </input_file>
      <input_file id="fl-5b">
         <path>C:\ti\ccsv8\tools\compiler\ti-cgt-msp430_18.1.6.LTS\lib\</path>
         <kind>archive</kind>
         <file>rts430_eabi.lib</file>
         <name>int53.asm.obj</name>
      </input_file>
      <input_file id="fl-5c">
         <path>C:\ti\ccsv8\tools\compiler\ti-cgt-msp430_18.1.6.LTS\lib\</path>
         <kind>archive</kind>
         <file>rts430_eabi.lib</file>
         <name>int54.asm.obj</name>
      </input_file>
      <input_file id="fl-5d">
         <path>C:\ti\ccsv8\tools\compiler\ti-cgt-msp430_18.1.6.LTS\lib\</path>
         <kind>archive</kind>
         <file>rts430_eabi.lib</file>
         <name>int55.asm.obj</name>
      </input_file>
      <input_file id="fl-5e">
         <path>C:\ti\ccsv8\tools\compiler\ti-cgt-msp430_18.1.6.LTS\lib\</path>
         <kind>archive</kind>
         <file>rts430_eabi.lib</file>
         <name>int56.asm.obj</name>
      </input_file>
      <input_file id="fl-5f">
         <path>C:\ti\ccsv8\tools\compiler\ti-cgt-msp430_18.1.6.LTS\lib\</path>
         <kind>archive</kind>
         <file>rts430_eabi.lib</file>
         <name>int58.asm.obj</name>
      </input_file>
      <input_file id="fl-60">
         <path>C:\ti\ccsv8\tools\compiler\ti-cgt-msp430_18.1.6.LTS\lib\</path>
         <kind>archive</kind>
         <file>rts430_eabi.lib</file>
         <name>int59.asm.obj</name>
      </input_file>
      <input_file id="fl-61">
         <path>C:\ti\ccsv8\tools\compiler\ti-cgt-msp430_18.1.6.LTS\lib\</path>
         <kind>archive</kind>
         <file>rts430_eabi.lib</file>
         <name>int60.asm.obj</name>
      </input_file>
      <input_file id="fl-62">
         <path>C:\ti\ccsv8\tools\compiler\ti-cgt-msp430_18.1.6.LTS\lib\</path>
         <kind>archive</kind>
         <file>rts430_eabi.lib</file>
         <name>int61.asm.obj</name>
      </input_file>
      <input_file id="fl-63">
         <path>C:\ti\ccsv8\tools\compiler\ti-cgt-msp430_18.1.6.LTS\lib\</path>
         <kind>archive</kind>
         <file>rts430_eabi.lib</file>
         <name>int62.asm.obj</name>
      </input_file>
      <input_file id="fl-64">
         <path>C:\ti\ccsv8\tools\compiler\ti-cgt-msp430_18.1.6.LTS\lib\</path>
         <kind>archive</kind>
         <file>rts430_eabi.lib</file>
         <name>isr_trap.asm.obj</name>
      </input_file>
      <input_file id="fl-65">
         <path>C:\ti\ccsv8\tools\compiler\ti-cgt-msp430_18.1.6.LTS\lib\</path>
         <kind>archive</kind>
         <file>rts430_eabi.lib</file>
         <name>lsl16.asm.obj</name>
      </input_file>
      <input_file id="fl-66">
         <path>C:\ti\ccsv8\tools\compiler\ti-cgt-msp430_18.1.6.LTS\lib\</path>
         <kind>archive</kind>
         <file>rts430_eabi.lib</file>
         <name>lsl32.asm.obj</name>
      </input_file>
      <input_file id="fl-67">
         <path>C:\ti\ccsv8\tools\compiler\ti-cgt-msp430_18.1.6.LTS\lib\</path>
         <kind>archive</kind>
         <file>rts430_eabi.lib</file>
         <name>lsr16.asm.obj</name>
      </input_file>
      <input_file id="fl-68">
         <path>C:\ti\ccsv8\tools\compiler\ti-cgt-msp430_18.1.6.LTS\lib\</path>
         <kind>archive</kind>
         <file>rts430_eabi.lib</file>
         <name>lsr32.asm.obj</name>
      </input_file>
      <input_file id="fl-69">
         <path>C:\ti\ccsv8\tools\compiler\ti-cgt-msp430_18.1.6.LTS\lib\</path>
         <kind>archive</kind>
         <file>rts430_eabi.lib</file>
         <name>mult16.asm.obj</name>
      </input_file>
      <input_file id="fl-6a">
         <path>C:\ti\ccsv8\tools\compiler\ti-cgt-msp430_18.1.6.LTS\lib\</path>
         <kind>archive</kind>
         <file>rts430_eabi.lib</file>
         <name>mult16_f5hw.asm.obj</name>
      </input_file>
      <input_file id="fl-6b">
         <path>C:\ti\ccsv8\tools\compiler\ti-cgt-msp430_18.1.6.LTS\lib\</path>
         <kind>archive</kind>
         <file>rts430_eabi.lib</file>
         <name>mult1632_f5hw.asm.obj</name>
      </input_file>
      <input_file id="fl-6c">
         <path>C:\ti\ccsv8\tools\compiler\ti-cgt-msp430_18.1.6.LTS\lib\</path>
         <kind>archive</kind>
         <file>rts430_eabi.lib</file>
         <name>mult32.asm.obj</name>
      </input_file>
      <input_file id="fl-6d">
         <path>C:\ti\ccsv8\tools\compiler\ti-cgt-msp430_18.1.6.LTS\lib\</path>
         <kind>archive</kind>
         <file>rts430_eabi.lib</file>
         <name>mult32_f5hw.asm.obj</name>
      </input_file>
      <input_file id="fl-6e">
         <path>C:\ti\ccsv8\tools\compiler\ti-cgt-msp430_18.1.6.LTS\lib\</path>
         <kind>archive</kind>
         <file>rts430_eabi.lib</file>
         <name>mult3264_f5hw.asm.obj</name>
      </input_file>
      <input_file id="fl-6f">
         <path>C:\ti\ccsv8\tools\compiler\ti-cgt-msp430_18.1.6.LTS\lib\</path>
         <kind>archive</kind>
         <file>rts430_eabi.lib</file>
         <name>mult64.asm.obj</name>
      </input_file>
      <input_file id="fl-70">
         <path>C:\ti\ccsv8\tools\compiler\ti-cgt-msp430_18.1.6.LTS\lib\</path>
         <kind>archive</kind>
         <file>rts430_eabi.lib</file>
         <name>mult64_f5hw.asm.obj</name>
      </input_file>
      <input_file id="fl-71">
         <path>C:\ti\ccsv8\tools\compiler\ti-cgt-msp430_18.1.6.LTS\lib\</path>
         <kind>archive</kind>
         <file>rts430_eabi.lib</file>
         <name>boot.c.obj</name>
      </input_file>
      <input_file id="fl-72">
         <path>C:\ti\ccsv8\tools\compiler\ti-cgt-msp430_18.1.6.LTS\lib\</path>
         <kind>archive</kind>
         <file>rts430_eabi.lib</file>
         <name>autoinit.c.obj</name>
      </input_file>
      <input_file id="fl-7b">
         <path>C:\ti\ccsv8\tools\compiler\ti-cgt-msp430_18.1.6.LTS\lib\</path>
         <kind>archive</kind>
         <file>rts430_eabi.lib</file>
         <name>startup.c.obj</name>
      </input_file>
      <input_file id="fl-7f">
         <path>C:\ti\ccsv8\tools\compiler\ti-cgt-msp430_18.1.6.LTS\lib\</path>
         <kind>archive</kind>
         <file>rts430_eabi.lib</file>
         <name>exit.c.obj</name>
      </input_file>
      <input_file id="fl-82">
         <path>C:\ti\ccsv8\tools\compiler\ti-cgt-msp430_18.1.6.LTS\lib\</path>
         <kind>archive</kind>
         <file>rts430_eabi.lib</file>
         <name>args_main.c.obj</name>
      </input_file>
      <input_file id="fl-aa">
         <path>C:\ti\ccsv8\tools\compiler\ti-cgt-msp430_18.1.6.LTS\lib\</path>
         <kind>archive</kind>
         <file>rts430_eabi.lib</file>
         <name>fs_neg.asm.obj</name>
      </input_file>
      <input_file id="fl-ab">
         <path>C:\ti\ccsv8\tools\compiler\ti-cgt-msp430_18.1.6.LTS\lib\</path>
         <kind>archive</kind>
         <file>rts430_eabi.lib</file>
         <name>mult1632.asm.obj</name>
      </input_file>
      <input_file id="fl-ca">
         <path>C:\ti\ccsv8\tools\compiler\ti-cgt-msp430_18.1.6.LTS\lib\</path>
         <kind>archive</kind>
         <file>rts430_eabi.lib</file>
         <name>trgmsg.c.obj</name>
      </input_file>
      <input_file id="fl-dc">
         <path>C:\ti\ccsv8\tools\compiler\ti-cgt-msp430_18.1.6.LTS\lib\</path>
         <kind>archive</kind>
         <file>rts430_eabi.lib</file>
         <name>div64u.c.obj</name>
      </input_file>
      <input_file id="fl-dd">
         <path>C:\ti\ccsv8\tools\compiler\ti-cgt-msp430_18.1.6.LTS\lib\</path>
         <kind>archive</kind>
         <file>rts430_eabi.lib</file>
         <name>rem64u.c.obj</name>
      </input_file>
      <input_file id="fl-de">
         <path>C:\ti\ccsv8\tools\compiler\ti-cgt-msp430_18.1.6.LTS\lib\</path>
         <kind>archive</kind>
         <file>rts430_eabi.lib</file>
         <name>addd.c.obj</name>
      </input_file>
      <input_file id="fl-df">
         <path>C:\ti\ccsv8\tools\compiler\ti-cgt-msp430_18.1.6.LTS\lib\</path>
         <kind>archive</kind>
         <file>rts430_eabi.lib</file>
         <name>cmpd.c.obj</name>
      </input_file>
      <input_file id="fl-e0">
         <path>C:\ti\ccsv8\tools\compiler\ti-cgt-msp430_18.1.6.LTS\lib\</path>
         <kind>archive</kind>
         <file>rts430_eabi.lib</file>
         <name>divd.c.obj</name>
      </input_file>
      <input_file id="fl-e1">
         <path>C:\ti\ccsv8\tools\compiler\ti-cgt-msp430_18.1.6.LTS\lib\</path>
         <kind>archive</kind>
         <file>rts430_eabi.lib</file>
         <name>frcaddd.c.obj</name>
      </input_file>
      <input_file id="fl-e2">
         <path>C:\ti\ccsv8\tools\compiler\ti-cgt-msp430_18.1.6.LTS\lib\</path>
         <kind>archive</kind>
         <file>rts430_eabi.lib</file>
         <name>frcdivd.c.obj</name>
      </input_file>
      <input_file id="fl-e3">
         <path>C:\ti\ccsv8\tools\compiler\ti-cgt-msp430_18.1.6.LTS\lib\</path>
         <kind>archive</kind>
         <file>rts430_eabi.lib</file>
         <name>mpyd.c.obj</name>
      </input_file>
      <input_file id="fl-e4">
         <path>C:\ti\ccsv8\tools\compiler\ti-cgt-msp430_18.1.6.LTS\lib\</path>
         <kind>archive</kind>
         <file>rts430_eabi.lib</file>
         <name>negd.c.obj</name>
      </input_file>
      <input_file id="fl-e5">
         <path>C:\ti\ccsv8\tools\compiler\ti-cgt-msp430_18.1.6.LTS\lib\</path>
         <kind>archive</kind>
         <file>rts430_eabi.lib</file>
         <name>renormd.c.obj</name>
      </input_file>
      <input_file id="fl-e6">
         <path>C:\ti\ccsv8\tools\compiler\ti-cgt-msp430_18.1.6.LTS\lib\</path>
         <kind>archive</kind>
         <file>rts430_eabi.lib</file>
         <name>_printfi_min.c.obj</name>
      </input_file>
      <input_file id="fl-e7">
         <path>C:\ti\ccsv8\tools\compiler\ti-cgt-msp430_18.1.6.LTS\lib\</path>
         <kind>archive</kind>
         <file>rts430_eabi.lib</file>
         <name>memccpy.c.obj</name>
      </input_file>
      <input_file id="fl-e8">
         <path>C:\ti\ccsv8\tools\compiler\ti-cgt-msp430_18.1.6.LTS\lib\</path>
         <kind>archive</kind>
         <file>rts430_eabi.lib</file>
         <name>abs.c.obj</name>
      </input_file>
      <input_file id="fl-e9">
         <path>C:\ti\ccsv8\tools\compiler\ti-cgt-msp430_18.1.6.LTS\lib\</path>
         <kind>archive</kind>
         <file>rts430_eabi.lib</file>
         <name>lsl64.c.obj</name>
      </input_file>
      <input_file id="fl-ea">
         <path>C:\ti\ccsv8\tools\compiler\ti-cgt-msp430_18.1.6.LTS\lib\</path>
         <kind>archive</kind>
         <file>rts430_eabi.lib</file>
         <name>lsr64.c.obj</name>
      </input_file>
      <input_file id="fl-eb">
         <path>C:\ti\ccsv8\tools\compiler\ti-cgt-msp430_18.1.6.LTS\lib\</path>
         <kind>archive</kind>
         <file>rts430_eabi.lib</file>
         <name>frcmpyd.c.obj</name>
      </input_file>
   </input_file_list>
   <object_component_list>
      <object_component id="oc-80c">
         <name>.bss</name>
         <uninitialized>true</uninitialized>
         <run_address>0x291a</run_address>
         <size>0x2</size>
         <input_file_ref idref="fl-2d"/>
      </object_component>
      <object_component id="oc-560">
         <name>.bss:os</name>
         <uninitialized>true</uninitialized>
         <run_address>0x28b0</run_address>
         <size>0x2c</size>
         <input_file_ref idref="fl-2"/>
      </object_component>
      <object_component id="oc-55c">
         <name>.bss:rx_fifo</name>
         <uninitialized>true</uninitialized>
         <run_address>0x2900</run_address>
         <size>0xa</size>
         <input_file_ref idref="fl-7"/>
      </object_component>
      <object_component id="oc-559">
         <name>.bss:tx_fifo</name>
         <uninitialized>true</uninitialized>
         <run_address>0x290a</run_address>
         <size>0xa</size>
         <input_file_ref idref="fl-7"/>
      </object_component>
      <object_component id="oc-5ba">
         <name>.bss:_ZN4task9idle_hookE</name>
         <uninitialized>true</uninitialized>
         <run_address>0x28dc</run_address>
         <size>0x24</size>
         <input_file_ref idref="fl-b"/>
      </object_component>
      <object_component id="oc-7d4">
         <name>.bss</name>
         <uninitialized>true</uninitialized>
         <run_address>0x2914</run_address>
         <size>0x6</size>
         <input_file_ref idref="fl-80"/>
      </object_component>
      <object_component id="oc-5b2">
         <name>.common:__dso_handle</name>
         <uninitialized>true</uninitialized>
         <run_address>0x291c</run_address>
         <size>0x2</size>
      </object_component>
      <object_component id="oc-79f">
         <name>.data</name>
         <load_address>0x292c</load_address>
         <run_address>0x292c</run_address>
         <size>0x2</size>
         <input_file_ref idref="fl-7f"/>
      </object_component>
      <object_component id="oc-789">
         <name>.data:_ZZ6rand32vE5state</name>
         <load_address>0x291e</load_address>
         <run_address>0x291e</run_address>
         <size>0x4</size>
         <input_file_ref idref="fl-a"/>
      </object_component>
      <object_component id="oc-701">
         <name>.data</name>
         <load_address>0x2930</load_address>
         <run_address>0x2930</run_address>
         <size>0x2</size>
         <input_file_ref idref="fl-b"/>
      </object_component>
      <object_component id="oc-6dc">
         <name>.data:_lock</name>
         <load_address>0x2926</load_address>
         <run_address>0x2926</run_address>
         <size>0x2</size>
         <input_file_ref idref="fl-81"/>
      </object_component>
      <object_component id="oc-6f1">
         <name>.data:_unlock</name>
         <load_address>0x2928</load_address>
         <run_address>0x2928</run_address>
         <size>0x2</size>
         <input_file_ref idref="fl-81"/>
      </object_component>
      <object_component id="oc-6ee">
         <name>.data</name>
         <load_address>0x292a</load_address>
         <run_address>0x292a</run_address>
         <size>0x2</size>
         <input_file_ref idref="fl-43"/>
      </object_component>
      <object_component id="oc-6eb">
         <name>.data:__TI_dtors_ptr</name>
         <load_address>0x2924</load_address>
         <run_address>0x2924</run_address>
         <size>0x2</size>
         <input_file_ref idref="fl-74"/>
      </object_component>
      <object_component id="oc-7a2">
         <name>.data:__TI_cleanup_ptr</name>
         <load_address>0x2922</load_address>
         <run_address>0x2922</run_address>
         <size>0x2</size>
         <input_file_ref idref="fl-74"/>
      </object_component>
      <object_component id="oc-7d1">
         <name>.data</name>
         <load_address>0x292e</load_address>
         <run_address>0x292e</run_address>
         <size>0x2</size>
         <input_file_ref idref="fl-80"/>
      </object_component>
      <object_component id="oc-36b">
         <name>.sysmem</name>
         <uninitialized>true</uninitialized>
         <run_address>0x2400</run_address>
         <size>0x4</size>
         <input_file_ref idref="fl-80"/>
      </object_component>
      <object_component id="oc-952">
         <name>.sysmem</name>
         <uninitialized>true</uninitialized>
         <run_address>0x2400</run_address>
         <size>0x0</size>
      </object_component>
      <object_component id="oc-36f">
         <name>.stack</name>
         <uninitialized>true</uninitialized>
         <run_address>0x4388</run_address>
         <size>0x2</size>
         <input_file_ref idref="fl-71"/>
      </object_component>
      <object_component id="oc-951">
         <name>.stack</name>
         <uninitialized>true</uninitialized>
         <run_address>0x4388</run_address>
         <size>0x0</size>
      </object_component>
      <object_component id="oc-573">
         <name>.text:_ZN14base_schedulerIL21scheduling_algorithms1EE8scheduleEv</name>
         <load_address>0x4400</load_address>
         <run_address>0x4400</run_address>
         <size>0x228</size>
         <input_file_ref idref="fl-a"/>
      </object_component>
      <object_component id="oc-568">
         <name>.text:_ZN18abstract_scheduler18service_interruptsEv</name>
         <load_address>0x4628</load_address>
         <run_address>0x4628</run_address>
         <size>0x174</size>
         <input_file_ref idref="fl-a"/>
      </object_component>
      <object_component id="oc-617">
         <name>.text:_ZNSt3__211__sift_downIRNS_4lessI14stable_elementI4taskEEENS_11__wrap_iterIPS4_EEEEvT0_SA_T_NS_15iterator_traitsISA_E15difference_typeESA_</name>
         <load_address>0x479c</load_address>
         <run_address>0x479c</run_address>
         <size>0x142</size>
         <input_file_ref idref="fl-a"/>
      </object_component>
      <object_component id="oc-8a9">
         <name>.text:_Z11uart_printfPcz</name>
         <load_address>0x48de</load_address>
         <run_address>0x48de</run_address>
         <size>0x136</size>
         <input_file_ref idref="fl-7"/>
      </object_component>
      <object_component id="oc-6df">
         <name>.text:malloc</name>
         <load_address>0x4a14</load_address>
         <run_address>0x4a14</run_address>
         <size>0xec</size>
         <input_file_ref idref="fl-80"/>
      </object_component>
      <object_component id="oc-39c">
         <name>.text:_Z11USCI_A1_ISRv</name>
         <load_address>0x4b00</load_address>
         <run_address>0x4b00</run_address>
         <size>0xe6</size>
         <input_file_ref idref="fl-7"/>
      </object_component>
      <object_component id="oc-625">
         <name>.text:_ZNSt3__212__hash_tableINS_17__hash_value_typeIPFvvE4taskEENS_22__unordered_map_hasherIS3_S5_NS_4hashIS3_EELb1EEENS_21__unordered_map_equalIS3_S5_NS_8equal_toIS3_EELb1EEENS_9allocatorIS5_EEE4findIS3_EENS_15__hash_iteratorIPNS_11__hash_nodeIS5_PvEEEERKT_</name>
         <load_address>0x4be6</load_address>
         <run_address>0x4be6</run_address>
         <size>0xe6</size>
         <input_file_ref idref="fl-a"/>
      </object_component>
      <object_component id="oc-75d">
         <name>.text:_ZNSt3__29__sift_upIRNS_4lessI14stable_elementI4taskEEENS_11__wrap_iterIPS4_EEEEvT0_SA_T_NS_15iterator_traitsISA_E15difference_typeE</name>
         <load_address>0x4ccc</load_address>
         <run_address>0x4ccc</run_address>
         <size>0xc6</size>
         <input_file_ref idref="fl-a"/>
      </object_component>
      <object_component id="oc-579">
         <name>.text:_ZN14base_schedulerIL21scheduling_algorithms1EE7cleanupERK4task</name>
         <load_address>0x4d92</load_address>
         <run_address>0x4d92</run_address>
         <size>0xb6</size>
         <input_file_ref idref="fl-a"/>
      </object_component>
      <object_component id="oc-756">
         <name>.text:_ZNSt3__26vectorI14stable_elementI4taskENS_9allocatorIS3_EEE24__emplace_back_slow_pathIJS2_jEEEvDpOT_</name>
         <load_address>0x4e48</load_address>
         <run_address>0x4e48</run_address>
         <size>0xb6</size>
         <input_file_ref idref="fl-a"/>
      </object_component>
      <object_component id="oc-68f">
         <name>.text:_ZN9schedulerIL21scheduling_algorithms1EE4initEv</name>
         <load_address>0x4efe</load_address>
         <run_address>0x4efe</run_address>
         <size>0xae</size>
         <input_file_ref idref="fl-6"/>
      </object_component>
      <object_component id="oc-5d1">
         <name>.text:_ZN9schedulerIL21scheduling_algorithms1EEC1Ev</name>
         <load_address>0x4fac</load_address>
         <run_address>0x4fac</run_address>
         <size>0xac</size>
         <input_file_ref idref="fl-2"/>
      </object_component>
      <object_component id="oc-797">
         <name>.text:_ZNSt3__26vectorI4taskNS_9allocatorIS1_EEE24__emplace_back_slow_pathIJKS1_EEEvDpOT_</name>
         <load_address>0x5058</load_address>
         <run_address>0x5058</run_address>
         <size>0xaa</size>
         <input_file_ref idref="fl-a"/>
      </object_component>
      <object_component id="oc-62c">
         <name>.text:_ZN21stable_priority_queueI4taskNSt3__26vectorI14stable_elementIS0_ENS1_9allocatorIS4_EEEENS1_4lessIS4_EEE7emplaceIJRS0_EEEvDpOT_</name>
         <load_address>0x5102</load_address>
         <run_address>0x5102</run_address>
         <size>0xa6</size>
         <input_file_ref idref="fl-a"/>
      </object_component>
      <object_component id="oc-5c3">
         <name>.text:_ZN4taskC1EPFivEjhb</name>
         <load_address>0x51a8</load_address>
         <run_address>0x51a8</run_address>
         <size>0xa0</size>
         <input_file_ref idref="fl-b"/>
      </object_component>
      <object_component id="oc-655">
         <name>.text:_ZNSt3__26vectorIjNS_9allocatorIjEEE21__push_back_slow_pathIRKjEEvOT_</name>
         <load_address>0x5248</load_address>
         <run_address>0x5248</run_address>
         <size>0x9c</size>
         <input_file_ref idref="fl-a"/>
      </object_component>
      <object_component id="oc-7e4">
         <name>.text:_ZN18abstract_schedulerC1Ev</name>
         <load_address>0x52e4</load_address>
         <run_address>0x52e4</run_address>
         <size>0x9a</size>
         <input_file_ref idref="fl-a"/>
      </object_component>
      <object_component id="oc-5d8">
         <name>.text:_ZN9schedulerIL21scheduling_algorithms1EED1Ev</name>
         <load_address>0x537e</load_address>
         <run_address>0x537e</run_address>
         <size>0x8c</size>
         <input_file_ref idref="fl-2"/>
      </object_component>
      <object_component id="oc-7fe">
         <name>.text:_ZNSt3__26vectorI14stable_elementI4taskENS_9allocatorIS3_EEE26__swap_out_circular_bufferERNS_14__split_bufferIS3_RS5_EE</name>
         <load_address>0x540a</load_address>
         <run_address>0x540a</run_address>
         <size>0x88</size>
         <input_file_ref idref="fl-a"/>
      </object_component>
      <object_component id="oc-84a">
         <name>.text:_ZNSt3__26vectorI4taskNS_9allocatorIS1_EEE26__swap_out_circular_bufferERNS_14__split_bufferIS1_RS3_EE</name>
         <load_address>0x5492</load_address>
         <run_address>0x5492</run_address>
         <size>0x7e</size>
         <input_file_ref idref="fl-a"/>
      </object_component>
      <object_component id="oc-77f">
         <name>.text:free</name>
         <load_address>0x5510</load_address>
         <run_address>0x5510</run_address>
         <size>0x7e</size>
         <input_file_ref idref="fl-80"/>
      </object_component>
      <object_component id="oc-6d">
         <name>.text:decompress:lzss:__TI_decompress_lzss</name>
         <load_address>0x558e</load_address>
         <run_address>0x558e</run_address>
         <size>0x7c</size>
         <input_file_ref idref="fl-7d"/>
      </object_component>
      <object_component id="oc-3a2">
         <name>.text:_ZN18abstract_scheduler7preemptEv</name>
         <load_address>0x560a</load_address>
         <run_address>0x560a</run_address>
         <size>0x78</size>
         <input_file_ref idref="fl-a"/>
      </object_component>
      <object_component id="oc-6c1">
         <name>.text:__TI_auto_init_nobinit_hold_wdt:__TI_auto_init_nobinit_hold_wdt</name>
         <load_address>0x5682</load_address>
         <run_address>0x5682</run_address>
         <size>0x72</size>
         <input_file_ref idref="fl-72"/>
      </object_component>
      <object_component id="oc-60b">
         <name>.text:_ZN4taskaSERKS_</name>
         <load_address>0x56f4</load_address>
         <run_address>0x56f4</run_address>
         <size>0x6e</size>
         <input_file_ref idref="fl-b"/>
      </object_component>
      <object_component id="oc-7f7">
         <name>.text:_ZNSt3__214__split_bufferI14stable_elementI4taskERNS_9allocatorIS3_EEEC1EjjS6_</name>
         <load_address>0x5762</load_address>
         <run_address>0x5762</run_address>
         <size>0x6c</size>
         <input_file_ref idref="fl-a"/>
      </object_component>
      <object_component id="oc-843">
         <name>.text:_ZNSt3__214__split_bufferI4taskRNS_9allocatorIS1_EEEC1EjjS4_</name>
         <load_address>0x57ce</load_address>
         <run_address>0x57ce</run_address>
         <size>0x6c</size>
         <input_file_ref idref="fl-a"/>
      </object_component>
      <object_component id="oc-8c5">
         <name>.text:_ZN29_INTERNAL_9_print_cpp_rx_fifo4xtoaEmPKm$4</name>
         <load_address>0x583a</load_address>
         <run_address>0x583a</run_address>
         <size>0x66</size>
         <input_file_ref idref="fl-7"/>
      </object_component>
      <object_component id="oc-641">
         <name>.text:_ZNSt3__26vectorIjNS_9allocatorIjEEE26__swap_out_circular_bufferERNS_14__split_bufferIjRS2_EE</name>
         <load_address>0x58a0</load_address>
         <run_address>0x58a0</run_address>
         <size>0x62</size>
         <input_file_ref idref="fl-a"/>
      </object_component>
      <object_component id="oc-662">
         <name>.text:l_lsr_const</name>
         <load_address>0x5902</load_address>
         <run_address>0x5902</run_address>
         <size>0x5c</size>
         <input_file_ref idref="fl-68"/>
      </object_component>
      <object_component id="oc-67f">
         <name>.text:_ZNSt3__29remove_ifINS_11__wrap_iterIP4taskEEZN14base_schedulerIL21scheduling_algorithms1EE7cleanupERKS2_EUlS9_E_EET_SB_SB_T0_</name>
         <load_address>0x595e</load_address>
         <run_address>0x595e</run_address>
         <size>0x54</size>
         <input_file_ref idref="fl-a"/>
      </object_component>
      <object_component id="oc-805">
         <name>.text:_ZNSt3__214__split_bufferI14stable_elementI4taskERNS_9allocatorIS3_EEED1Ev</name>
         <load_address>0x59b2</load_address>
         <run_address>0x59b2</run_address>
         <size>0x52</size>
         <input_file_ref idref="fl-a"/>
      </object_component>
      <object_component id="oc-563">
         <name>.text</name>
         <load_address>0x5a04</load_address>
         <run_address>0x5a04</run_address>
         <size>0x52</size>
         <input_file_ref idref="fl-3"/>
      </object_component>
      <object_component id="oc-63a">
         <name>.text:_ZNSt3__214__split_bufferIjRNS_9allocatorIjEEEC1EjjS3_</name>
         <load_address>0x5a56</load_address>
         <run_address>0x5a56</run_address>
         <size>0x50</size>
         <input_file_ref idref="fl-a"/>
      </object_component>
      <object_component id="oc-5b3">
         <name>.text:_ZN33_INTERNAL_11_dtor_list_c_14e673d611__TI_atexitEPFYvPvES0_S0_$31</name>
         <load_address>0x5aa6</load_address>
         <run_address>0x5aa6</run_address>
         <size>0x4c</size>
         <input_file_ref idref="fl-43"/>
      </object_component>
      <object_component id="oc-851">
         <name>.text:_ZNSt3__214__split_bufferI4taskRNS_9allocatorIS1_EEED1Ev</name>
         <load_address>0x5af2</load_address>
         <run_address>0x5af2</run_address>
         <size>0x4c</size>
         <input_file_ref idref="fl-a"/>
      </object_component>
      <object_component id="oc-378">
         <name>.text</name>
         <load_address>0x5b3e</load_address>
         <run_address>0x5b3e</run_address>
         <size>0x4c</size>
         <input_file_ref idref="fl-67"/>
      </object_component>
      <object_component id="oc-605">
         <name>.text:_ZN4taskC1ERKS_</name>
         <load_address>0x5b8a</load_address>
         <run_address>0x5b8a</run_address>
         <size>0x48</size>
         <input_file_ref idref="fl-b"/>
      </object_component>
      <object_component id="oc-712">
         <name>.text:_ZNSt3__212__hash_tableINS_17__hash_value_typeIPFvvE4taskEENS_22__unordered_map_hasherIS3_S5_NS_4hashIS3_EELb1EEENS_21__unordered_map_equalIS3_S5_NS_8equal_toIS3_EELb1EEENS_9allocatorIS5_EEED1Ev</name>
         <load_address>0x5bd2</load_address>
         <run_address>0x5bd2</run_address>
         <size>0x44</size>
         <input_file_ref idref="fl-2"/>
      </object_component>
      <object_component id="oc-69d">
         <name>.text:exit</name>
         <load_address>0x5c16</load_address>
         <run_address>0x5c16</run_address>
         <size>0x44</size>
         <input_file_ref idref="fl-7f"/>
      </object_component>
      <object_component id="oc-78e">
         <name>.text:l_lsl_const</name>
         <load_address>0x5c5a</load_address>
         <run_address>0x5c5a</run_address>
         <size>0x3e</size>
         <input_file_ref idref="fl-66"/>
      </object_component>
      <object_component id="oc-81d">
         <name>.text:_Z3barv</name>
         <load_address>0x5c98</load_address>
         <run_address>0x5c98</run_address>
         <size>0x3c</size>
         <input_file_ref idref="fl-4"/>
      </object_component>
      <object_component id="oc-817">
         <name>.text:_Z3foov</name>
         <load_address>0x5cd4</load_address>
         <run_address>0x5cd4</run_address>
         <size>0x36</size>
         <input_file_ref idref="fl-4"/>
      </object_component>
      <object_component id="oc-672">
         <name>.text:_Z6rand32v</name>
         <load_address>0x5d0a</load_address>
         <run_address>0x5d0a</run_address>
         <size>0x36</size>
         <input_file_ref idref="fl-a"/>
      </object_component>
      <object_component id="oc-3e6">
         <name>.text:__sti___9_print_cpp_rx_fifo</name>
         <load_address>0x5d40</load_address>
         <run_address>0x5d40</run_address>
         <size>0x36</size>
         <input_file_ref idref="fl-7"/>
      </object_component>
      <object_component id="oc-719">
         <name>.text:_ZNSt3__213__vector_baseI14stable_elementI4taskENS_9allocatorIS3_EEE17__destruct_at_endEPS3_</name>
         <load_address>0x5d76</load_address>
         <run_address>0x5d76</run_address>
         <size>0x2e</size>
         <input_file_ref idref="fl-a"/>
      </object_component>
      <object_component id="oc-735">
         <name>.text:_ZNSt3__213__vector_baseI14stable_elementI4taskENS_9allocatorIS3_EEE5clearEv</name>
         <load_address>0x5da4</load_address>
         <run_address>0x5da4</run_address>
         <size>0x2e</size>
         <input_file_ref idref="fl-2"/>
      </object_component>
      <object_component id="oc-588">
         <name>.text:main</name>
         <load_address>0x5dd2</load_address>
         <run_address>0x5dd2</run_address>
         <size>0x2e</size>
         <input_file_ref idref="fl-6"/>
      </object_component>
      <object_component id="oc-87d">
         <name>.text:_ZN11ring_bufferIPFvvEEC1Ej</name>
         <load_address>0x5e00</load_address>
         <run_address>0x5e00</run_address>
         <size>0x2c</size>
         <input_file_ref idref="fl-a"/>
      </object_component>
      <object_component id="oc-3ec">
         <name>.text:__sti___8_task_cpp_009ea43b</name>
         <load_address>0x5e2c</load_address>
         <run_address>0x5e2c</run_address>
         <size>0x2c</size>
         <input_file_ref idref="fl-b"/>
      </object_component>
      <object_component id="oc-8cb">
         <name>.text</name>
         <load_address>0x5e58</load_address>
         <run_address>0x5e58</run_address>
         <size>0x2c</size>
         <input_file_ref idref="fl-44"/>
      </object_component>
      <object_component id="oc-56e">
         <name>.text</name>
         <load_address>0x5e84</load_address>
         <run_address>0x5e84</run_address>
         <size>0x2c</size>
         <input_file_ref idref="fl-46"/>
      </object_component>
      <object_component id="oc-373">
         <name>.text</name>
         <load_address>0x5eb0</load_address>
         <run_address>0x5eb0</run_address>
         <size>0x2c</size>
         <input_file_ref idref="fl-65"/>
      </object_component>
      <object_component id="oc-5a4">
         <name>.text:_ZN11ring_bufferIcEC1Ej</name>
         <load_address>0x5edc</load_address>
         <run_address>0x5edc</run_address>
         <size>0x2a</size>
         <input_file_ref idref="fl-7"/>
      </object_component>
      <object_component id="oc-648">
         <name>.text:_ZNSt3__214__split_bufferIjRNS_9allocatorIjEEED1Ev</name>
         <load_address>0x5f06</load_address>
         <run_address>0x5f06</run_address>
         <size>0x28</size>
         <input_file_ref idref="fl-a"/>
      </object_component>
      <object_component id="oc-771">
         <name>.text:_Znwj</name>
         <load_address>0x5f2e</load_address>
         <run_address>0x5f2e</run_address>
         <size>0x24</size>
         <input_file_ref idref="fl-2d"/>
      </object_component>
      <object_component id="oc-6e5">
         <name>.text:__cxa_ia64_exit</name>
         <load_address>0x5f52</load_address>
         <run_address>0x5f52</run_address>
         <size>0x24</size>
         <input_file_ref idref="fl-43"/>
      </object_component>
      <object_component id="oc-705">
         <name>.text:_ZN14base_schedulerIL21scheduling_algorithms1EEC1Ev</name>
         <load_address>0x5f76</load_address>
         <run_address>0x5f76</run_address>
         <size>0x22</size>
         <input_file_ref idref="fl-a"/>
      </object_component>
      <object_component id="oc-667">
         <name>.text</name>
         <load_address>0x5f98</load_address>
         <run_address>0x5f98</run_address>
         <size>0x20</size>
         <input_file_ref idref="fl-6d"/>
      </object_component>
      <object_component id="oc-8af">
         <name>.text:_ZN9schedulerIL21scheduling_algorithms1EE5sleepEj</name>
         <load_address>0x5fb8</load_address>
         <run_address>0x5fb8</run_address>
         <size>0x1e</size>
         <input_file_ref idref="fl-4"/>
      </object_component>
      <object_component id="oc-83b">
         <name>.text:_Z3fibv</name>
         <load_address>0x5fd6</load_address>
         <run_address>0x5fd6</run_address>
         <size>0x1c</size>
         <input_file_ref idref="fl-4"/>
      </object_component>
      <object_component id="oc-823">
         <name>.text:_Z8printer1v</name>
         <load_address>0x5ff2</load_address>
         <run_address>0x5ff2</run_address>
         <size>0x1c</size>
         <input_file_ref idref="fl-4"/>
      </object_component>
      <object_component id="oc-829">
         <name>.text:_Z8printer2v</name>
         <load_address>0x600e</load_address>
         <run_address>0x600e</run_address>
         <size>0x1c</size>
         <input_file_ref idref="fl-4"/>
      </object_component>
      <object_component id="oc-82f">
         <name>.text:_Z8printer3v</name>
         <load_address>0x602a</load_address>
         <run_address>0x602a</run_address>
         <size>0x1c</size>
         <input_file_ref idref="fl-4"/>
      </object_component>
      <object_component id="oc-835">
         <name>.text:_Z8printer4v</name>
         <load_address>0x6046</load_address>
         <run_address>0x6046</run_address>
         <size>0x1c</size>
         <input_file_ref idref="fl-4"/>
      </object_component>
      <object_component id="oc-3ba">
         <name>.text:_c_int00_noargs</name>
         <load_address>0x6062</load_address>
         <run_address>0x6062</run_address>
         <size>0x1c</size>
         <input_file_ref idref="fl-71"/>
      </object_component>
      <object_component id="oc-8d0">
         <name>.text:_ZN29_INTERNAL_9_print_cpp_rx_fifo4puthEj$4</name>
         <load_address>0x607e</load_address>
         <run_address>0x607e</run_address>
         <size>0x1a</size>
         <input_file_ref idref="fl-7"/>
      </object_component>
      <object_component id="oc-5ab">
         <name>.text:_ZN11ring_bufferIcED1Ev</name>
         <load_address>0x6098</load_address>
         <run_address>0x6098</run_address>
         <size>0x18</size>
         <input_file_ref idref="fl-7"/>
      </object_component>
      <object_component id="oc-5c9">
         <name>.text:_ZN4taskD1Ev</name>
         <load_address>0x60b0</load_address>
         <run_address>0x60b0</run_address>
         <size>0x18</size>
         <input_file_ref idref="fl-b"/>
      </object_component>
      <object_component id="oc-70b">
         <name>.text:_ZNSt3__210unique_ptrIA_jNS_14default_deleteIS1_EEED1Ev</name>
         <load_address>0x60c8</load_address>
         <run_address>0x60c8</run_address>
         <size>0x18</size>
         <input_file_ref idref="fl-b"/>
      </object_component>
      <object_component id="oc-634">
         <name>.text</name>
         <load_address>0x60e0</load_address>
         <run_address>0x60e0</run_address>
         <size>0x16</size>
         <input_file_ref idref="fl-47"/>
      </object_component>
      <object_component id="oc-3f2">
         <name>.text:__sti___10_config_cpp_os</name>
         <load_address>0x60f6</load_address>
         <run_address>0x60f6</run_address>
         <size>0x14</size>
         <input_file_ref idref="fl-2"/>
      </object_component>
      <object_component id="oc-3a8">
         <name>.text:decompress:ZI:__TI_zero_init_nomemset:__TI_zero_init_nomemset</name>
         <load_address>0x610a</load_address>
         <run_address>0x610a</run_address>
         <size>0x14</size>
         <input_file_ref idref="fl-73"/>
      </object_component>
      <object_component id="oc-6f8">
         <name>.text:memset</name>
         <load_address>0x611e</load_address>
         <run_address>0x611e</run_address>
         <size>0x14</size>
         <input_file_ref idref="fl-90"/>
      </object_component>
      <object_component id="oc-679">
         <name>.text</name>
         <load_address>0x6132</load_address>
         <run_address>0x6132</run_address>
         <size>0x14</size>
         <input_file_ref idref="fl-6a"/>
      </object_component>
      <object_component id="oc-61e">
         <name>.text:_ZNSt3__210unique_ptrIA_jNS_14default_deleteIS1_EEE5resetEDn</name>
         <load_address>0x6146</load_address>
         <run_address>0x6146</run_address>
         <size>0x12</size>
         <input_file_ref idref="fl-b"/>
      </object_component>
      <object_component id="oc-73">
         <name>.text:decompress:none:__TI_decompress_none</name>
         <load_address>0x6158</load_address>
         <run_address>0x6158</run_address>
         <size>0x12</size>
         <input_file_ref idref="fl-7c"/>
      </object_component>
      <object_component id="oc-66d">
         <name>.text:l_lsr</name>
         <load_address>0x616a</load_address>
         <run_address>0x616a</run_address>
         <size>0x12</size>
         <input_file_ref idref="fl-68"/>
      </object_component>
      <object_component id="oc-38d">
         <name>.text:memcpy</name>
         <load_address>0x617c</load_address>
         <run_address>0x617c</run_address>
         <size>0x12</size>
         <input_file_ref idref="fl-8e"/>
      </object_component>
      <object_component id="oc-64f">
         <name>.text:_ZNK4task15get_stack_usageEv</name>
         <load_address>0x618e</load_address>
         <run_address>0x618e</run_address>
         <size>0x10</size>
         <input_file_ref idref="fl-b"/>
      </object_component>
      <object_component id="oc-743">
         <name>.text:_ZNKSt3__213__vector_baseI14stable_elementI4taskENS_9allocatorIS3_EEE8capacityEv</name>
         <load_address>0x619e</load_address>
         <run_address>0x619e</run_address>
         <size>0x10</size>
         <input_file_ref idref="fl-a"/>
      </object_component>
      <object_component id="oc-37d">
         <name>.text</name>
         <load_address>0x61ae</load_address>
         <run_address>0x61ae</run_address>
         <size>0x10</size>
         <input_file_ref idref="fl-49"/>
      </object_component>
      <object_component id="oc-5bd">
         <name>.text:_ZN4task4idleEv</name>
         <load_address>0x61be</load_address>
         <run_address>0x61be</run_address>
         <size>0xa</size>
         <input_file_ref idref="fl-b"/>
      </object_component>
      <object_component id="oc-8a1">
         <name>.text:_ZN9schedulerIL21scheduling_algorithms1EE16get_thread_stateEv</name>
         <load_address>0x61c8</load_address>
         <run_address>0x61c8</run_address>
         <size>0xa</size>
         <input_file_ref idref="fl-4"/>
      </object_component>
      <object_component id="oc-65c">
         <name>.text:_ZdlPv</name>
         <load_address>0x61d2</load_address>
         <run_address>0x61d2</run_address>
         <size>0xa</size>
         <input_file_ref idref="fl-2d"/>
      </object_component>
      <object_component id="oc-778">
         <name>.text:_ZNKSt3__220__vector_base_commonILb1EE20__throw_length_errorEv</name>
         <load_address>0x61dc</load_address>
         <run_address>0x61dc</run_address>
         <size>0x8</size>
         <input_file_ref idref="fl-2f"/>
      </object_component>
      <object_component id="oc-898">
         <name>.text:_ZNKSt3__214default_deleteIA_jEclIjEENS2_20_EnableIfConvertibleIT_E4typeEPS5_</name>
         <load_address>0x61e4</load_address>
         <run_address>0x61e4</run_address>
         <size>0x6</size>
         <input_file_ref idref="fl-b"/>
      </object_component>
      <object_component id="oc-74a">
         <name>.text:_ZNSt3__216allocator_traitsINS_9allocatorI14stable_elementI4taskEEEE10deallocateERS5_PS4_j</name>
         <load_address>0x61ea</load_address>
         <run_address>0x61ea</run_address>
         <size>0x6</size>
         <input_file_ref idref="fl-a"/>
      </object_component>
      <object_component id="oc-72e">
         <name>.text:_ZNSt3__29allocatorI14stable_elementI4taskEE10deallocateEPS3_j</name>
         <load_address>0x61f0</load_address>
         <run_address>0x61f0</run_address>
         <size>0x6</size>
         <input_file_ref idref="fl-a"/>
      </object_component>
      <object_component id="oc-697">
         <name>.text:abort</name>
         <load_address>0x61f6</load_address>
         <run_address>0x61f6</run_address>
         <size>0x6</size>
         <input_file_ref idref="fl-7f"/>
      </object_component>
      <object_component id="oc-727">
         <name>.text:_ZNKSt3__213__vector_baseI14stable_elementI4taskENS_9allocatorIS3_EEE9__end_capEv</name>
         <load_address>0x61fc</load_address>
         <run_address>0x61fc</run_address>
         <size>0x4</size>
         <input_file_ref idref="fl-a"/>
      </object_component>
      <object_component id="oc-73c">
         <name>.text:_ZNSt3__213__vector_baseI14stable_elementI4taskENS_9allocatorIS3_EEE7__allocEv</name>
         <load_address>0x6200</load_address>
         <run_address>0x6200</run_address>
         <size>0x4</size>
         <input_file_ref idref="fl-a"/>
      </object_component>
      <object_component id="oc-76a">
         <name>.text:_ZNSt3__220__throw_length_errorEPKc</name>
         <load_address>0x6204</load_address>
         <run_address>0x6204</run_address>
         <size>0x4</size>
         <input_file_ref idref="fl-2f"/>
      </object_component>
      <object_component id="oc-611">
         <name>.text:_ZdaPv</name>
         <load_address>0x6208</load_address>
         <run_address>0x6208</run_address>
         <size>0x4</size>
         <input_file_ref idref="fl-2d"/>
      </object_component>
      <object_component id="oc-6d6">
         <name>.text:_Znaj</name>
         <load_address>0x620c</load_address>
         <run_address>0x620c</run_address>
         <size>0x4</size>
         <input_file_ref idref="fl-2d"/>
      </object_component>
      <object_component id="oc-582">
         <name>.text:_system_pre_init</name>
         <load_address>0x6210</load_address>
         <run_address>0x6210</run_address>
         <size>0x4</size>
         <input_file_ref idref="fl-7a"/>
      </object_component>
      <object_component id="oc-720">
         <name>.text:_ZNSt3__217__compressed_pairIP14stable_elementI4taskENS_9allocatorIS3_EEE6secondEv</name>
         <load_address>0x6214</load_address>
         <run_address>0x6214</run_address>
         <size>0x2</size>
         <input_file_ref idref="fl-a"/>
[...]
      </symbol>
      <symbol id="sm-943">
         <name>_ZdlPv</name>
         <value>0x61d2</value>
         <object_component_ref idref="oc-65c"/>
      </symbol>
      <symbol id="sm-944">
         <name>_ZdaPv</name>
         <value>0x6208</value>
         <object_component_ref idref="oc-611"/>
      </symbol>
      <symbol id="sm-94c">
         <name>__mspabi_srai</name>
         <value>0x5e58</value>
         <object_component_ref idref="oc-8cb"/>
      </symbol>
      <symbol id="sm-94d">
         <name>__mspabi_srai_8</name>
         <value>0x5e72</value>
         <object_component_ref idref="oc-8cb"/>
      </symbol>
      <symbol id="sm-94e">
         <name>__mspabi_srai_9</name>
         <value>0x5e70</value>
         <object_component_ref idref="oc-8cb"/>
      </symbol>
      <symbol id="sm-94f">
         <name>__mspabi_srai_6</name>
         <value>0x5e76</value>
         <object_component_ref idref="oc-8cb"/>
      </symbol>
      <symbol id="sm-950">
         <name>__mspabi_srai_7</name>
         <value>0x5e74</value>
         <object_component_ref idref="oc-8cb"/>
      </symbol>
      <symbol id="sm-951">
         <name>__mspabi_srai_4</name>
         <value>0x5e7a</value>
         <object_component_ref idref="oc-8cb"/>
      </symbol>
      <symbol id="sm-952">
         <name>__mspabi_srai_5</name>
         <value>0x5e78</value>
         <object_component_ref idref="oc-8cb"/>
      </symbol>
      <symbol id="sm-953">
         <name>__mspabi_srai_2</name>
         <value>0x5e7e</value>
         <object_component_ref idref="oc-8cb"/>
      </symbol>
      <symbol id="sm-954">
         <name>__mspabi_srai_3</name>
         <value>0x5e7c</value>
         <object_component_ref idref="oc-8cb"/>
      </symbol>
      <symbol id="sm-955">
         <name>__mspabi_srai_1</name>
         <value>0x5e80</value>
         <object_component_ref idref="oc-8cb"/>
      </symbol>
      <symbol id="sm-956">
         <name>__mspabi_srai_15</name>
         <value>0x5e64</value>
         <object_component_ref idref="oc-8cb"/>
      </symbol>
      <symbol id="sm-957">
         <name>__mspabi_srai_14</name>
         <value>0x5e66</value>
         <object_component_ref idref="oc-8cb"/>
      </symbol>
      <symbol id="sm-958">
         <name>__mspabi_srai_13</name>
         <value>0x5e68</value>
         <object_component_ref idref="oc-8cb"/>
      </symbol>
      <symbol id="sm-959">
         <name>__mspabi_srai_12</name>
         <value>0x5e6a</value>
         <object_component_ref idref="oc-8cb"/>
      </symbol>
      <symbol id="sm-95a">
         <name>__mspabi_srai_11</name>
         <value>0x5e6c</value>
         <object_component_ref idref="oc-8cb"/>
      </symbol>
      <symbol id="sm-95b">
         <name>__mspabi_srai_10</name>
         <value>0x5e6e</value>
         <object_component_ref idref="oc-8cb"/>
      </symbol>
      <symbol id="sm-968">
         <name>__mspabi_remi</name>
         <value>0x5e84</value>
         <object_component_ref idref="oc-56e"/>
      </symbol>
      <symbol id="sm-969">
         <name>__mspabi_divi</name>
         <value>0x5e84</value>
         <object_component_ref idref="oc-56e"/>
      </symbol>
      <symbol id="sm-973">
         <name>__mspabi_remu</name>
         <value>0x60e0</value>
         <object_component_ref idref="oc-634"/>
      </symbol>
      <symbol id="sm-974">
         <name>__mspabi_divu</name>
         <value>0x60e0</value>
         <object_component_ref idref="oc-634"/>
      </symbol>
      <symbol id="sm-97e">
         <name>__mspabi_func_epilog_2</name>
         <value>0x61b8</value>
         <object_component_ref idref="oc-37d"/>
      </symbol>
      <symbol id="sm-97f">
         <name>__mspabi_func_epilog_3</name>
         <value>0x61b6</value>
         <object_component_ref idref="oc-37d"/>
      </symbol>
      <symbol id="sm-980">
         <name>__mspabi_func_epilog_1</name>
         <value>0x61ba</value>
         <object_component_ref idref="oc-37d"/>
      </symbol>
      <symbol id="sm-981">
         <name>__mspabi_func_epilog_6</name>
         <value>0x61b0</value>
         <object_component_ref idref="oc-37d"/>
      </symbol>
      <symbol id="sm-982">
         <name>__mspabi_func_epilog_7</name>
         <value>0x61ae</value>
         <object_component_ref idref="oc-37d"/>
      </symbol>
      <symbol id="sm-983">
         <name>__mspabi_func_epilog_4</name>
         <value>0x61b4</value>
         <object_component_ref idref="oc-37d"/>
      </symbol>
      <symbol id="sm-984">
         <name>__mspabi_func_epilog_5</name>
         <value>0x61b2</value>
         <object_component_ref idref="oc-37d"/>
      </symbol>
      <symbol id="sm-98d">
         <name>__TI_int41</name>
         <value>0xffd2</value>
         <object_component_ref idref="oc-79"/>
      </symbol>
      <symbol id="sm-990">
         <name>__TI_int42</name>
         <value>0xffd4</value>
         <object_component_ref idref="oc-7a"/>
      </symbol>
      <symbol id="sm-993">
         <name>__TI_int43</name>
         <value>0xffd6</value>
         <object_component_ref idref="oc-7b"/>
      </symbol>
      <symbol id="sm-996">
         <name>__TI_int44</name>
         <value>0xffd8</value>
         <object_component_ref idref="oc-7c"/>
      </symbol>
      <symbol id="sm-999">
         <name>__TI_int45</name>
         <value>0xffda</value>
         <object_component_ref idref="oc-7d"/>
      </symbol>
      <symbol id="sm-99c">
         <name>__TI_int47</name>
         <value>0xffde</value>
         <object_component_ref idref="oc-7f"/>
      </symbol>
      <symbol id="sm-99f">
         <name>__TI_int48</name>
         <value>0xffe0</value>
         <object_component_ref idref="oc-80"/>
      </symbol>
      <symbol id="sm-9a2">
         <name>__TI_int49</name>
         <value>0xffe2</value>
         <object_component_ref idref="oc-81"/>
      </symbol>
      <symbol id="sm-9a5">
         <name>__TI_int50</name>
         <value>0xffe4</value>
         <object_component_ref idref="oc-82"/>
      </symbol>
      <symbol id="sm-9a8">
         <name>__TI_int51</name>
         <value>0xffe6</value>
         <object_component_ref idref="oc-83"/>
      </symbol>
      <symbol id="sm-9ab">
         <name>__TI_int52</name>
         <value>0xffe8</value>
         <object_component_ref idref="oc-84"/>
      </symbol>
      <symbol id="sm-9ae">
         <name>__TI_int53</name>
         <value>0xffea</value>
         <object_component_ref idref="oc-85"/>
      </symbol>
      <symbol id="sm-9b1">
         <name>__TI_int54</name>
         <value>0xffec</value>
         <object_component_ref idref="oc-86"/>
      </symbol>
      <symbol id="sm-9b4">
         <name>__TI_int55</name>
         <value>0xffee</value>
         <object_component_ref idref="oc-87"/>
      </symbol>
      <symbol id="sm-9b7">
         <name>__TI_int56</name>
         <value>0xfff0</value>
         <object_component_ref idref="oc-88"/>
      </symbol>
      <symbol id="sm-9ba">
         <name>__TI_int58</name>
         <value>0xfff4</value>
         <object_component_ref idref="oc-8a"/>
      </symbol>
      <symbol id="sm-9bd">
         <name>__TI_int59</name>
         <value>0xfff6</value>
         <object_component_ref idref="oc-8b"/>
      </symbol>
      <symbol id="sm-9c0">
         <name>__TI_int60</name>
         <value>0xfff8</value>
         <object_component_ref idref="oc-8c"/>
      </symbol>
      <symbol id="sm-9c3">
         <name>__TI_int61</name>
         <value>0xfffa</value>
         <object_component_ref idref="oc-8d"/>
      </symbol>
      <symbol id="sm-9c6">
         <name>__TI_int62</name>
         <value>0xfffc</value>
         <object_component_ref idref="oc-8e"/>
      </symbol>
      <symbol id="sm-9ce">
         <name>__TI_ISR_TRAP</name>
         <value>0x6440</value>
         <object_component_ref idref="oc-397"/>
      </symbol>
      <symbol id="sm-9d6">
         <name>__mspabi_slli</name>
         <value>0x5eb0</value>
         <object_component_ref idref="oc-373"/>
      </symbol>
      <symbol id="sm-9d7">
         <name>__mspabi_slli_9</name>
         <value>0x5ec8</value>
         <object_component_ref idref="oc-373"/>
      </symbol>
      <symbol id="sm-9d8">
         <name>__mspabi_slli_8</name>
         <value>0x5eca</value>
         <object_component_ref idref="oc-373"/>
      </symbol>
      <symbol id="sm-9d9">
         <name>__mspabi_slli_7</name>
         <value>0x5ecc</value>
         <object_component_ref idref="oc-373"/>
      </symbol>
      <symbol id="sm-9da">
         <name>__mspabi_slli_6</name>
         <value>0x5ece</value>
         <object_component_ref idref="oc-373"/>
      </symbol>
      <symbol id="sm-9db">
         <name>__mspabi_slli_5</name>
         <value>0x5ed0</value>
         <object_component_ref idref="oc-373"/>
      </symbol>
      <symbol id="sm-9dc">
         <name>__mspabi_slli_4</name>
         <value>0x5ed2</value>
         <object_component_ref idref="oc-373"/>
      </symbol>
      <symbol id="sm-9dd">
         <name>__mspabi_slli_3</name>
         <value>0x5ed4</value>
         <object_component_ref idref="oc-373"/>
      </symbol>
      <symbol id="sm-9de">
         <name>__mspabi_slli_2</name>
         <value>0x5ed6</value>
         <object_component_ref idref="oc-373"/>
      </symbol>
      <symbol id="sm-9df">
         <name>__mspabi_slli_1</name>
         <value>0x5ed8</value>
         <object_component_ref idref="oc-373"/>
      </symbol>
      <symbol id="sm-9e0">
         <name>__mspabi_slli_15</name>
         <value>0x5ebc</value>
         <object_component_ref idref="oc-373"/>
      </symbol>
      <symbol id="sm-9e1">
         <name>__mspabi_slli_14</name>
         <value>0x5ebe</value>
         <object_component_ref idref="oc-373"/>
      </symbol>
      <symbol id="sm-9e2">
         <name>__mspabi_slli_13</name>
         <value>0x5ec0</value>
         <object_component_ref idref="oc-373"/>
      </symbol>
      <symbol id="sm-9e3">
         <name>__mspabi_slli_12</name>
         <value>0x5ec2</value>
         <object_component_ref idref="oc-373"/>
      </symbol>
      <symbol id="sm-9e4">
         <name>__mspabi_slli_11</name>
         <value>0x5ec4</value>
         <object_component_ref idref="oc-373"/>
      </symbol>
      <symbol id="sm-9e5">
         <name>__mspabi_slli_10</name>
         <value>0x5ec6</value>
         <object_component_ref idref="oc-373"/>
      </symbol>
      <symbol id="sm-9ed">
         <name>__mspabi_slll_9</name>
         <value>0x5c72</value>
         <object_component_ref idref="oc-78e"/>
      </symbol>
      <symbol id="sm-9ee">
         <name>__mspabi_slll_8</name>
         <value>0x5c76</value>
         <object_component_ref idref="oc-78e"/>
      </symbol>
      <symbol id="sm-9ef">
         <name>__mspabi_slll_7</name>
         <value>0x5c7a</value>
         <object_component_ref idref="oc-78e"/>
      </symbol>
      <symbol id="sm-9f0">
         <name>__mspabi_slll_6</name>
         <value>0x5c7e</value>
         <object_component_ref idref="oc-78e"/>
      </symbol>
      <symbol id="sm-9f1">
         <name>__mspabi_slll_5</name>
         <value>0x5c82</value>
         <object_component_ref idref="oc-78e"/>
      </symbol>
      <symbol id="sm-9f2">
         <name>__mspabi_slll_4</name>
         <value>0x5c86</value>
         <object_component_ref idref="oc-78e"/>
      </symbol>
      <symbol id="sm-9f3">
         <name>__mspabi_slll_3</name>
         <value>0x5c8a</value>
         <object_component_ref idref="oc-78e"/>
      </symbol>
      <symbol id="sm-9f4">
         <name>__mspabi_slll_2</name>
         <value>0x5c8e</value>
         <object_component_ref idref="oc-78e"/>
      </symbol>
      <symbol id="sm-9f5">
         <name>__mspabi_slll_1</name>
         <value>0x5c92</value>
         <object_component_ref idref="oc-78e"/>
      </symbol>
      <symbol id="sm-9f6">
         <name>__mspabi_slll_15</name>
         <value>0x5c5a</value>
         <object_component_ref idref="oc-78e"/>
      </symbol>
      <symbol id="sm-9f7">
         <name>__mspabi_slll_14</name>
         <value>0x5c5e</value>
         <object_component_ref idref="oc-78e"/>
      </symbol>
      <symbol id="sm-9f8">
         <name>__mspabi_slll_13</name>
         <value>0x5c62</value>
         <object_component_ref idref="oc-78e"/>
      </symbol>
      <symbol id="sm-9f9">
         <name>__mspabi_slll_12</name>
         <value>0x5c66</value>
         <object_component_ref idref="oc-78e"/>
      </symbol>
      <symbol id="sm-9fa">
         <name>__mspabi_slll_11</name>
         <value>0x5c6a</value>
         <object_component_ref idref="oc-78e"/>
      </symbol>
      <symbol id="sm-9fb">
         <name>__mspabi_slll_10</name>
         <value>0x5c6e</value>
         <object_component_ref idref="oc-78e"/>
      </symbol>
      <symbol id="sm-a03">
         <name>__mspabi_srli_8</name>
         <value>0x5b68</value>
         <object_component_ref idref="oc-378"/>
      </symbol>
      <symbol id="sm-a04">
         <name>__mspabi_srli_9</name>
         <value>0x5b64</value>
         <object_component_ref idref="oc-378"/>
      </symbol>
      <symbol id="sm-a05">
         <name>__mspabi_srli_6</name>
         <value>0x5b70</value>
         <object_component_ref idref="oc-378"/>
      </symbol>
      <symbol id="sm-a06">
         <name>__mspabi_srli_7</name>
         <value>0x5b6c</value>
         <object_component_ref idref="oc-378"/>
      </symbol>
      <symbol id="sm-a07">
         <name>__mspabi_srli_4</name>
         <value>0x5b78</value>
         <object_component_ref idref="oc-378"/>
      </symbol>
      <symbol id="sm-a08">
         <name>__mspabi_srli_5</name>
         <value>0x5b74</value>
         <object_component_ref idref="oc-378"/>
      </symbol>
      <symbol id="sm-a09">
         <name>__mspabi_srli_2</name>
         <value>0x5b80</value>
         <object_component_ref idref="oc-378"/>
      </symbol>
      <symbol id="sm-a0a">
         <name>__mspabi_srli_3</name>
         <value>0x5b7c</value>
         <object_component_ref idref="oc-378"/>
      </symbol>
      <symbol id="sm-a0b">
         <name>__mspabi_srli_1</name>
         <value>0x5b84</value>
         <object_component_ref idref="oc-378"/>
      </symbol>
      <symbol id="sm-a0c">
         <name>__mspabi_srli</name>
         <value>0x5b3e</value>
         <object_component_ref idref="oc-378"/>
      </symbol>
      <symbol id="sm-a0d">
         <name>__mspabi_srli_15</name>
         <value>0x5b4c</value>
         <object_component_ref idref="oc-378"/>
      </symbol>
      <symbol id="sm-a0e">
         <name>__mspabi_srli_14</name>
         <value>0x5b50</value>
         <object_component_ref idref="oc-378"/>
      </symbol>
      <symbol id="sm-a0f">
         <name>__mspabi_srli_13</name>
         <value>0x5b54</value>
         <object_component_ref idref="oc-378"/>
      </symbol>
      <symbol id="sm-a10">
         <name>__mspabi_srli_12</name>
         <value>0x5b58</value>
         <object_component_ref idref="oc-378"/>
      </symbol>
      <symbol id="sm-a11">
         <name>__mspabi_srli_11</name>
         <value>0x5b5c</value>
         <object_component_ref idref="oc-378"/>
      </symbol>
      <symbol id="sm-a12">
         <name>__mspabi_srli_10</name>
         <value>0x5b60</value>
         <object_component_ref idref="oc-378"/>
      </symbol>
      <symbol id="sm-a22">
         <name>__mspabi_srll_8</name>
         <value>0x592c</value>
         <object_component_ref idref="oc-662"/>
      </symbol>
      <symbol id="sm-a23">
         <name>__mspabi_srll_9</name>
         <value>0x5926</value>
         <object_component_ref idref="oc-662"/>
      </symbol>
      <symbol id="sm-a24">
         <name>__mspabi_srll_6</name>
         <value>0x5938</value>
         <object_component_ref idref="oc-662"/>
      </symbol>
      <symbol id="sm-a25">
         <name>__mspabi_srll_7</name>
         <value>0x5932</value>
         <object_component_ref idref="oc-662"/>
      </symbol>
      <symbol id="sm-a26">
         <name>__mspabi_srll_4</name>
         <value>0x5944</value>
         <object_component_ref idref="oc-662"/>
      </symbol>
      <symbol id="sm-a27">
         <name>__mspabi_srll_5</name>
         <value>0x593e</value>
         <object_component_ref idref="oc-662"/>
      </symbol>
      <symbol id="sm-a28">
         <name>__mspabi_srll_2</name>
         <value>0x5950</value>
         <object_component_ref idref="oc-662"/>
      </symbol>
      <symbol id="sm-a29">
         <name>__mspabi_srll_3</name>
         <value>0x594a</value>
         <object_component_ref idref="oc-662"/>
      </symbol>
      <symbol id="sm-a2a">
         <name>__mspabi_srll_1</name>
         <value>0x5956</value>
         <object_component_ref idref="oc-662"/>
      </symbol>
      <symbol id="sm-a2b">
         <name>__mspabi_srll_15</name>
         <value>0x5902</value>
         <object_component_ref idref="oc-662"/>
      </symbol>
      <symbol id="sm-a2c">
         <name>__mspabi_srll_14</name>
         <value>0x5908</value>
         <object_component_ref idref="oc-662"/>
      </symbol>
      <symbol id="sm-a2d">
         <name>__mspabi_srll_13</name>
         <value>0x590e</value>
         <object_component_ref idref="oc-662"/>
      </symbol>
      <symbol id="sm-a2e">
         <name>__mspabi_srll_12</name>
         <value>0x5914</value>
         <object_component_ref idref="oc-662"/>
      </symbol>
      <symbol id="sm-a2f">
         <name>__mspabi_srll_11</name>
         <value>0x591a</value>
         <object_component_ref idref="oc-662"/>
      </symbol>
      <symbol id="sm-a30">
         <name>__mspabi_srll_10</name>
         <value>0x5920</value>
         <object_component_ref idref="oc-662"/>
      </symbol>
      <symbol id="sm-a31">
         <name>__mspabi_srll</name>
         <value>0x616a</value>
         <object_component_ref idref="oc-66d"/>
      </symbol>
      <symbol id="sm-a3a">
         <name>__mspabi_mpyi_f5hw</name>
         <value>0x6132</value>
         <object_component_ref idref="oc-679"/>
      </symbol>
      <symbol id="sm-a44">
         <name>__mspabi_mpyl_f5hw</name>
         <value>0x5f98</value>
         <object_component_ref idref="oc-667"/>
      </symbol>
      <symbol id="sm-a57">
         <name>_stack</name>
         <value>0x4388</value>
         <object_component_ref idref="oc-36f"/>
      </symbol>
      <symbol id="sm-a58">
         <name>_c_int00_noargs</name>
         <value>0x6062</value>
         <object_component_ref idref="oc-3ba"/>
      </symbol>
      <symbol id="sm-a59">
         <name>_reset_vector</name>
         <value>0xfffe</value>
         <object_component_ref idref="oc-372"/>
      </symbol>
      <symbol id="sm-a7e">
         <name>__TI_auto_init_nobinit_hold_wdt</name>
         <value>0x5682</value>
         <object_component_ref idref="oc-6c1"/>
      </symbol>
      <symbol id="sm-a87">
         <name>_system_post_cinit</name>
         <value>0x6220</value>
         <object_component_ref idref="oc-7a7"/>
      </symbol>
      <symbol id="sm-aa4">
         <name>C$$EXIT</name>
         <value>0x61f6</value>
         <object_component_ref idref="oc-697"/>
      </symbol>
      <symbol id="sm-aa5">
         <name>abort</name>
         <value>0x61f6</value>
         <object_component_ref idref="oc-697"/>
      </symbol>
      <symbol id="sm-aa6">
         <name>__TI_enable_exit_profile_output</name>
         <value>0x292c</value>
         <object_component_ref idref="oc-79f"/>
      </symbol>
      <symbol id="sm-aa7">
         <name>exit</name>
         <value>0x5c16</value>
         <object_component_ref idref="oc-69d"/>
      </symbol>
      <symbol id="sm-abd">
         <name>_ZSt17__throw_bad_allocv</name>
         <value>0x61f6</value>
      </symbol>
   </symbol_table>
   <title>Link successful</title>
</link_info>
