******************************************************************************
                  MSP430 Linker PC v18.1.5                     
******************************************************************************
>> Linked Sun Apr  7 13:58:46 2019

OUTPUT FILE NAME:   <sched.out>
ENTRY POINT SYMBOL: "_c_int00_noargs"  address: 0000cc7a


MEMORY CONFIGURATION

         name            origin    length      used     unused   attr    fill
----------------------  --------  ---------  --------  --------  ----  --------
  SFR                   00000000   00000010  00000000  00000010  RWIX
  PERIPHERALS_8BIT      00000010   000000f0  00000000  000000f0  RWIX
  PERIPHERALS_16BIT     00000100   00000100  00000000  00000100  RWIX
  RAM                   00000200   00000200  000001f4  0000000c  RWIX
  INFOD                 00001000   00000040  00000000  00000040  RWIX
  INFOC                 00001040   00000040  00000000  00000040  RWIX
  INFOB                 00001080   00000040  00000000  00000040  RWIX
  INFOA                 000010c0   00000040  00000000  00000040  RWIX
  FLASH                 0000c000   00003fde  00000d66  00003278  RWIX
  BSLSIGNATURE          0000ffde   00000002  00000002  00000000  RWIX  ffff 
  INT00                 0000ffe0   00000002  00000002  00000000  RWIX
  INT01                 0000ffe2   00000002  00000000  00000002  RWIX
  INT02                 0000ffe4   00000002  00000002  00000000  RWIX
  INT03                 0000ffe6   00000002  00000002  00000000  RWIX
  INT04                 0000ffe8   00000002  00000000  00000002  RWIX
  INT05                 0000ffea   00000002  00000002  00000000  RWIX
  INT06                 0000ffec   00000002  00000002  00000000  RWIX
  INT07                 0000ffee   00000002  00000002  00000000  RWIX
  INT08                 0000fff0   00000002  00000002  00000000  RWIX
  INT09                 0000fff2   00000002  00000002  00000000  RWIX
  INT10                 0000fff4   00000002  00000002  00000000  RWIX
  INT11                 0000fff6   00000002  00000002  00000000  RWIX
  INT12                 0000fff8   00000002  00000002  00000000  RWIX
  INT13                 0000fffa   00000002  00000002  00000000  RWIX
  INT14                 0000fffc   00000002  00000002  00000000  RWIX
  RESET                 0000fffe   00000002  00000002  00000000  RWIX


SECTION ALLOCATION MAP

 output                                  attributes/
section   page    origin      length       input sections
--------  ----  ----------  ----------   ----------------
.data      0    00000380    0000001c     UNINITIALIZED
                  00000380    0000000c     main.obj (.data)
                  0000038c    00000008     SystemClock.obj (.data)
                  00000394    00000004     Scheduler.obj (.data)
                  00000398    00000002     Scheduler.obj (.data:_ZZ4randILj16EEN11MinSizeTypeIXT_ELb0EE4typeEvE5state)
                  0000039a    00000002     rts430_eabi.lib : memory.c.obj (.data)

.bss       0    0000039c    00000008     UNINITIALIZED
                  0000039c    00000006     rts430_eabi.lib : memory.c.obj (.bss)
                  000003a2    00000002                     : new.cpp.obj (.bss)

.sysmem    0    00000200    00000180     UNINITIALIZED
                  00000200    00000004     rts430_eabi.lib : memory.c.obj (.sysmem)
                  00000204    0000017c     --HOLE--

.stack     0    000003b0    00000050     UNINITIALIZED
                  000003b0    00000002     rts430_eabi.lib : boot.c.obj (.stack)
                  000003b2    0000004e     --HOLE--

.text      0    0000c000    00000d48     
                  0000c000    000004de     main.obj (.text:main)
                  0000c4de    000001ca     Scheduler.obj (.text:_ZN9Scheduler7lotteryEPS_)
                  0000c6a8    00000192     Task.obj (.text:_ZN9TaskQueue7addTaskEPFvvEjj)
                  0000c83a    00000104     Scheduler.obj (.text:_ZN9Scheduler7preemptEv)
                  0000c93e    000000ca     rts430_eabi.lib : memory.c.obj (.text:malloc)
                  0000ca08    0000007c                     : copy_decompress_lzss.c.obj (.text:decompress:lzss:__TI_decompress_lzss)
                  0000ca84    00000072                     : memory.c.obj (.text:free)
                  0000caf6    00000068     SystemClock.obj (.text:_ZN11SystemClock16StartSystemClockEj)
                  0000cb5e    0000004c     rts430_eabi.lib : lsr16.asm.obj (.text)
                  0000cbaa    00000042                     : autoinit.c.obj (.text:__TI_auto_init_nobinit_nopinit:__TI_auto_init_nobinit_nopinit)
                  0000cbec    0000003e     Scheduler.obj (.text:_ZN9SchedulerC1ER9TaskQueuePFP4TaskPS_E)
                  0000cc2a    0000002c     rts430_eabi.lib : lsl16.asm.obj (.text)
                  0000cc56    00000024                     : new.cpp.obj (.text:_Znwj)
                  0000cc7a    0000001c                     : boot.c.obj (.text:_c_int00_noargs)
                  0000cc96    00000014                     : copy_zero_init.c.obj (.text:decompress:ZI:__TI_zero_init_nomemset:__TI_zero_init_nomemset)
                  0000ccaa    00000012                     : copy_decompress_none.c.obj (.text:decompress:none:__TI_decompress_none)
                  0000ccbc    00000010                     : lsl32.asm.obj (.text:l_lsl)
                  0000cccc    00000010                     : memcpy.c.obj (.text:memcpy)
                  0000ccdc    00000010                     : epilog.asm.obj (.text)
                  0000ccec    0000000c     main.obj (.text:_Z3barv)
                  0000ccf8    0000000c     main.obj (.text:_Z3bazv)
                  0000cd04    0000000c     main.obj (.text:_Z3foov)
                  0000cd10    0000000a     Scheduler.obj (.text:_ZN9Scheduler5startEj)
                  0000cd1a    0000000a     rts430_eabi.lib : new.cpp.obj (.text:_ZdlPv)
                  0000cd24    00000008     Task.obj (.text:_ZN4Task4idleEv)
                  0000cd2c    00000008     rts430_eabi.lib : isr_trap.asm.obj (.text:_isr:__TI_ISR_TRAP)
                  0000cd34    00000006                     : exit.c.obj (.text:abort)
                  0000cd3a    00000004                     : new.cpp.obj (.text:_ZdlPvj)
                  0000cd3e    00000004                     : new.cpp.obj (.text:_Znaj)
                  0000cd42    00000004                     : pre_init.c.obj (.text:_system_pre_init)
                  0000cd46    00000002                     : startup.c.obj (.text:_system_post_cinit)

.cinit     0    0000cd48    0000001e     
                  0000cd48    0000000b     (.cinit..data.load) [load image, compression = lzss]
                  0000cd53    00000001     --HOLE-- [fill = 0]
                  0000cd54    00000006     (__TI_handler_table)
                  0000cd5a    00000004     (.cinit..bss.load) [load image, compression = zero_init]
                  0000cd5e    00000008     (__TI_cinit_table)

.binit     0    0000c000    00000000     

.init_array 
*          0    0000c000    00000000     UNINITIALIZED

TRAPINT    0    0000ffe0    00000002     
                  0000ffe0    00000002     rts430_eabi.lib : int00.asm.obj (.int00)

PORT1      0    0000ffe4    00000002     
                  0000ffe4    00000002     rts430_eabi.lib : int02.asm.obj (.int02)

PORT2      0    0000ffe6    00000002     
                  0000ffe6    00000002     rts430_eabi.lib : int03.asm.obj (.int03)

ADC10      0    0000ffea    00000002     
                  0000ffea    00000002     rts430_eabi.lib : int05.asm.obj (.int05)

USCIAB0TX 
*          0    0000ffec    00000002     
                  0000ffec    00000002     rts430_eabi.lib : int06.asm.obj (.int06)

USCIAB0RX 
*          0    0000ffee    00000002     
                  0000ffee    00000002     rts430_eabi.lib : int07.asm.obj (.int07)

TIMER0_A1 
*          0    0000fff0    00000002     
                  0000fff0    00000002     rts430_eabi.lib : int08.asm.obj (.int08)

TIMER0_A0 
*          0    0000fff2    00000002     
                  0000fff2    00000002     rts430_eabi.lib : int09.asm.obj (.int09)

WDT        0    0000fff4    00000002     
                  0000fff4    00000002     Scheduler.obj (.int10)

COMPARATORA 
*          0    0000fff6    00000002     
                  0000fff6    00000002     rts430_eabi.lib : int11.asm.obj (.int11)

TIMER1_A1 
*          0    0000fff8    00000002     
                  0000fff8    00000002     rts430_eabi.lib : int12.asm.obj (.int12)

TIMER1_A0 
*          0    0000fffa    00000002     
                  0000fffa    00000002     rts430_eabi.lib : int13.asm.obj (.int13)

NMI        0    0000fffc    00000002     
                  0000fffc    00000002     rts430_eabi.lib : int14.asm.obj (.int14)

.reset     0    0000fffe    00000002     
                  0000fffe    00000002     rts430_eabi.lib : boot.c.obj (.reset)

$fill000   0    0000ffde    00000002     
                  0000ffde    00000002     --HOLE-- [fill = ffff]

MODULE SUMMARY

       Module                       code   ro data   rw data
       ------                       ----   -------   -------
    .\
       main.obj                     1282   0         12     
       Scheduler.obj                790    2         6      
       Task.obj                     410    0         0      
       SystemClock.obj              104    0         8      
    +--+----------------------------+------+---------+---------+
       Total:                       2586   2         26     
                                                            
    C:\ti\ccsv8\tools\compiler\ti-cgt-msp430_18.1.5.LTS\lib\rts430_eabi.lib
       memory.c.obj                 316    0         8      
       copy_decompress_lzss.c.obj   124    0         0      
       lsr16.asm.obj                76     0         0      
       autoinit.c.obj               66     0         0      
       new.cpp.obj                  54     0         2      
       lsl16.asm.obj                44     0         0      
       boot.c.obj                   28     2         0      
       copy_zero_init.c.obj         20     0         0      
       copy_decompress_none.c.obj   18     0         0      
       epilog.asm.obj               16     0         0      
       lsl32.asm.obj                16     0         0      
       memcpy.c.obj                 16     0         0      
       isr_trap.asm.obj             8      0         0      
       exit.c.obj                   6      0         0      
       pre_init.c.obj               4      0         0      
       int00.asm.obj                0      2         0      
       int02.asm.obj                0      2         0      
       int03.asm.obj                0      2         0      
       int05.asm.obj                0      2         0      
       int06.asm.obj                0      2         0      
       int07.asm.obj                0      2         0      
       int08.asm.obj                0      2         0      
       int09.asm.obj                0      2         0      
       int11.asm.obj                0      2         0      
       int12.asm.obj                0      2         0      
       int13.asm.obj                0      2         0      
       int14.asm.obj                0      2         0      
       startup.c.obj                2      0         0      
    +--+----------------------------+------+---------+---------+
       Total:                       814    26        10     
                                                            
       Heap:                        0      0         384    
       Stack:                       0      0         80     
       Linker Generated:            0      29        0      
    +--+----------------------------+------+---------+---------+
       Grand Total:                 3400   57        500    


LINKER GENERATED COPY TABLES

__TI_cinit_table @ 0000cd5e records: 2, size/record: 4, table size: 8
	.data: load addr=0000cd48, load size=0000000b bytes, run addr=00000380, run size=0000001c bytes, compression=lzss
	.bss: load addr=0000cd5a, load size=00000004 bytes, run addr=0000039c, run size=00000008 bytes, compression=zero_init


LINKER GENERATED HANDLER TABLE

__TI_handler_table @ 0000cd54 records: 3, size/record: 2, table size: 6
	index: 0, handler: __TI_zero_init
	index: 1, handler: __TI_decompress_lzss
	index: 2, handler: __TI_decompress_none


GLOBAL SYMBOLS: SORTED ALPHABETICALLY BY Name 

address   name                                                 
-------   ----                                                 
0000004a  ADC10AE0                                             
000001b0  ADC10CTL0                                            
000001b2  ADC10CTL1                                            
00000048  ADC10DTC0                                            
00000049  ADC10DTC1                                            
000001b4  ADC10MEM                                             
000001bc  ADC10SA                                              
00000057  BCSCTL1                                              
00000058  BCSCTL2                                              
00000053  BCSCTL3                                              
0000cd34  C$$EXIT                                              
00000059  CACTL1                                               
0000005a  CACTL2                                               
000010fb  CALBC1_12MHZ                                         
000010f9  CALBC1_16MHZ                                         
000010ff  CALBC1_1MHZ                                          
000010fd  CALBC1_8MHZ                                          
000010fa  CALDCO_12MHZ                                         
000010f8  CALDCO_16MHZ                                         
000010fe  CALDCO_1MHZ                                          
000010fc  CALDCO_8MHZ                                          
0000005b  CAPD                                                 
00000056  DCOCTL                                               
00000128  FCTL1                                                
0000012a  FCTL2                                                
0000012c  FCTL3                                                
00000000  IE1                                                  
00000001  IE2                                                  
00000002  IFG1                                                 
00000003  IFG2                                                 
00000022  P1DIR                                                
00000025  P1IE                                                 
00000024  P1IES                                                
00000023  P1IFG                                                
00000020  P1IN                                                 
00000021  P1OUT                                                
00000027  P1REN                                                
00000026  P1SEL                                                
00000041  P1SEL2                                               
0000002a  P2DIR                                                
0000002d  P2IE                                                 
0000002c  P2IES                                                
0000002b  P2IFG                                                
00000028  P2IN                                                 
00000029  P2OUT                                                
0000002f  P2REN                                                
0000002e  P2SEL                                                
00000042  P2SEL2                                               
0000001a  P3DIR                                                
00000018  P3IN                                                 
00000019  P3OUT                                                
00000010  P3REN                                                
0000001b  P3SEL                                                
00000043  P3SEL2                                               
00000172  TA0CCR0                                              
00000174  TA0CCR1                                              
00000176  TA0CCR2                                              
00000162  TA0CCTL0                                             
00000164  TA0CCTL1                                             
00000166  TA0CCTL2                                             
00000160  TA0CTL                                               
0000012e  TA0IV                                                
00000170  TA0R                                                 
00000192  TA1CCR0                                              
00000194  TA1CCR1                                              
00000196  TA1CCR2                                              
00000182  TA1CCTL0                                             
00000184  TA1CCTL1                                             
00000186  TA1CCTL2                                             
00000180  TA1CTL                                               
0000011e  TA1IV                                                
00000190  TA1R                                                 
000010db  TLV_ADC10_1_LEN                                      
000010da  TLV_ADC10_1_TAG                                      
000010c0  TLV_CHECKSUM                                         
000010f7  TLV_DCO_30_LEN                                       
000010f6  TLV_DCO_30_TAG                                       
0000005d  UCA0ABCTL                                            
00000062  UCA0BR0                                              
00000063  UCA0BR1                                              
00000060  UCA0CTL0                                             
00000061  UCA0CTL1                                             
0000005f  UCA0IRRCTL                                           
0000005e  UCA0IRTCTL                                           
00000064  UCA0MCTL                                             
00000066  UCA0RXBUF                                            
00000065  UCA0STAT                                             
00000067  UCA0TXBUF                                            
0000006a  UCB0BR0                                              
0000006b  UCB0BR1                                              
00000068  UCB0CTL0                                             
00000069  UCB0CTL1                                             
0000006c  UCB0I2CIE                                            
00000118  UCB0I2COA                                            
0000011a  UCB0I2CSA                                            
0000006e  UCB0RXBUF                                            
0000006d  UCB0STAT                                             
0000006f  UCB0TXBUF                                            
00000120  WDTCTL                                               
0000ccec  _Z3barv                                              
0000ccf8  _Z3bazv                                              
0000cd04  _Z3foov                                              
0000038c  _ZN11SystemClock13microsPerTickE                     
0000caf6  _ZN11SystemClock16StartSystemClockEj                 
00000390  _ZN11SystemClock16fractionalMillisE                  
0000038e  _ZN11SystemClock6microsE                             
00000392  _ZN11SystemClock6millisE                             
0000cd24  _ZN4Task4idleEv                                      
00000396  _ZN9Scheduler17SchedStackPointerE                    
00000394  _ZN9Scheduler5schedE                                 
0000cd10  _ZN9Scheduler5startEj                                
0000c4de  _ZN9Scheduler7lotteryEPS_                            
0000c83a  _ZN9Scheduler7preemptEv                              
0000cbec  _ZN9SchedulerC1ER9TaskQueuePFP4TaskPS_E              
0000cbec  _ZN9SchedulerC2ER9TaskQueuePFP4TaskPS_E              
0000c6a8  _ZN9TaskQueue7addTaskEPFvvEjj                        
0000cd34  _ZSt17__throw_bad_allocv                             
00000398  _ZZ4randILj16EEN11MinSizeTypeIXT_ELb0EE4typeEvE5state
0000cd1a  _ZdlPv                                               
0000cd3a  _ZdlPvj                                              
0000cd3e  _Znaj                                                
0000cc56  _Znwj                                                
00000400  __STACK_END                                          
00000050  __STACK_SIZE                                         
00000180  __SYSMEM_SIZE                                        
0000cd5e  __TI_CINIT_Base                                      
0000cd66  __TI_CINIT_Limit                                     
0000cd54  __TI_Handler_Table_Base                              
0000cd5a  __TI_Handler_Table_Limit                             
0000cd2c  __TI_ISR_TRAP                                        
0000cbaa  __TI_auto_init_nobinit_nopinit                       
0000ca08  __TI_decompress_lzss                                 
0000ccaa  __TI_decompress_none                                 
0000ffe0  __TI_int00                                           
0000ffe4  __TI_int02                                           
0000ffe6  __TI_int03                                           
0000ffea  __TI_int05                                           
0000ffec  __TI_int06                                           
0000ffee  __TI_int07                                           
0000fff0  __TI_int08                                           
0000fff2  __TI_int09                                           
0000fff4  __TI_int10                                           
0000fff6  __TI_int11                                           
0000fff8  __TI_int12                                           
0000fffa  __TI_int13                                           
0000fffc  __TI_int14                                           
ffffffff  __TI_pprof_out_hndl                                  
ffffffff  __TI_prof_data_size                                  
ffffffff  __TI_prof_data_start                                 
0000cc96  __TI_zero_init_nomemset                              
ffffffff  __c_args__                                           
0000cce8  __mspabi_func_epilog_1                               
0000cce6  __mspabi_func_epilog_2                               
0000cce4  __mspabi_func_epilog_3                               
0000cce2  __mspabi_func_epilog_4                               
0000cce0  __mspabi_func_epilog_5                               
0000ccde  __mspabi_func_epilog_6                               
0000ccdc  __mspabi_func_epilog_7                               
0000cc2a  __mspabi_slli                                        
0000cc52  __mspabi_slli_1                                      
0000cc40  __mspabi_slli_10                                     
0000cc3e  __mspabi_slli_11                                     
0000cc3c  __mspabi_slli_12                                     
0000cc3a  __mspabi_slli_13                                     
0000cc38  __mspabi_slli_14                                     
0000cc36  __mspabi_slli_15                                     
0000cc50  __mspabi_slli_2                                      
0000cc4e  __mspabi_slli_3                                      
0000cc4c  __mspabi_slli_4                                      
0000cc4a  __mspabi_slli_5                                      
0000cc48  __mspabi_slli_6                                      
0000cc46  __mspabi_slli_7                                      
0000cc44  __mspabi_slli_8                                      
0000cc42  __mspabi_slli_9                                      
0000ccbc  __mspabi_slll                                        
0000cb5e  __mspabi_srli                                        
0000cba4  __mspabi_srli_1                                      
0000cb80  __mspabi_srli_10                                     
0000cb7c  __mspabi_srli_11                                     
0000cb78  __mspabi_srli_12                                     
0000cb74  __mspabi_srli_13                                     
0000cb70  __mspabi_srli_14                                     
0000cb6c  __mspabi_srli_15                                     
0000cba0  __mspabi_srli_2                                      
0000cb9c  __mspabi_srli_3                                      
0000cb98  __mspabi_srli_4                                      
0000cb94  __mspabi_srli_5                                      
0000cb90  __mspabi_srli_6                                      
0000cb8c  __mspabi_srli_7                                      
0000cb88  __mspabi_srli_8                                      
0000cb84  __mspabi_srli_9                                      
0000cc7a  _c_int00_noargs                                      
0000fffe  _reset_vector                                        
000003b0  _stack                                               
00000200  _sys_memory                                          
0000cd46  _system_post_cinit                                   
0000cd42  _system_pre_init                                     
0000cd34  abort                                                
0000ca84  free                                                 
0000c000  main                                                 
0000c93e  malloc                                               
0000cccc  memcpy                                               


GLOBAL SYMBOLS: SORTED BY Symbol Address 

address   name                                                 
-------   ----                                                 
00000000  IE1                                                  
00000001  IE2                                                  
00000002  IFG1                                                 
00000003  IFG2                                                 
00000010  P3REN                                                
00000018  P3IN                                                 
00000019  P3OUT                                                
0000001a  P3DIR                                                
0000001b  P3SEL                                                
00000020  P1IN                                                 
00000021  P1OUT                                                
00000022  P1DIR                                                
00000023  P1IFG                                                
00000024  P1IES                                                
00000025  P1IE                                                 
00000026  P1SEL                                                
00000027  P1REN                                                
00000028  P2IN                                                 
00000029  P2OUT                                                
0000002a  P2DIR                                                
0000002b  P2IFG                                                
0000002c  P2IES                                                
0000002d  P2IE                                                 
0000002e  P2SEL                                                
0000002f  P2REN                                                
00000041  P1SEL2                                               
00000042  P2SEL2                                               
00000043  P3SEL2                                               
00000048  ADC10DTC0                                            
00000049  ADC10DTC1                                            
0000004a  ADC10AE0                                             
00000050  __STACK_SIZE                                         
00000053  BCSCTL3                                              
00000056  DCOCTL                                               
00000057  BCSCTL1                                              
00000058  BCSCTL2                                              
00000059  CACTL1                                               
0000005a  CACTL2                                               
0000005b  CAPD                                                 
0000005d  UCA0ABCTL                                            
0000005e  UCA0IRTCTL                                           
0000005f  UCA0IRRCTL                                           
00000060  UCA0CTL0                                             
00000061  UCA0CTL1                                             
00000062  UCA0BR0                                              
00000063  UCA0BR1                                              
00000064  UCA0MCTL                                             
00000065  UCA0STAT                                             
00000066  UCA0RXBUF                                            
00000067  UCA0TXBUF                                            
00000068  UCB0CTL0                                             
00000069  UCB0CTL1                                             
0000006a  UCB0BR0                                              
0000006b  UCB0BR1                                              
0000006c  UCB0I2CIE                                            
0000006d  UCB0STAT                                             
0000006e  UCB0RXBUF                                            
0000006f  UCB0TXBUF                                            
00000118  UCB0I2COA                                            
0000011a  UCB0I2CSA                                            
0000011e  TA1IV                                                
00000120  WDTCTL                                               
00000128  FCTL1                                                
0000012a  FCTL2                                                
0000012c  FCTL3                                                
0000012e  TA0IV                                                
00000160  TA0CTL                                               
00000162  TA0CCTL0                                             
00000164  TA0CCTL1                                             
00000166  TA0CCTL2                                             
00000170  TA0R                                                 
00000172  TA0CCR0                                              
00000174  TA0CCR1                                              
00000176  TA0CCR2                                              
00000180  TA1CTL                                               
00000180  __SYSMEM_SIZE                                        
00000182  TA1CCTL0                                             
00000184  TA1CCTL1                                             
00000186  TA1CCTL2                                             
00000190  TA1R                                                 
00000192  TA1CCR0                                              
00000194  TA1CCR1                                              
00000196  TA1CCR2                                              
000001b0  ADC10CTL0                                            
000001b2  ADC10CTL1                                            
000001b4  ADC10MEM                                             
000001bc  ADC10SA                                              
00000200  _sys_memory                                          
0000038c  _ZN11SystemClock13microsPerTickE                     
0000038e  _ZN11SystemClock6microsE                             
00000390  _ZN11SystemClock16fractionalMillisE                  
00000392  _ZN11SystemClock6millisE                             
00000394  _ZN9Scheduler5schedE                                 
00000396  _ZN9Scheduler17SchedStackPointerE                    
00000398  _ZZ4randILj16EEN11MinSizeTypeIXT_ELb0EE4typeEvE5state
000003b0  _stack                                               
00000400  __STACK_END                                          
000010c0  TLV_CHECKSUM                                         
000010da  TLV_ADC10_1_TAG                                      
000010db  TLV_ADC10_1_LEN                                      
000010f6  TLV_DCO_30_TAG                                       
000010f7  TLV_DCO_30_LEN                                       
000010f8  CALDCO_16MHZ                                         
000010f9  CALBC1_16MHZ                                         
000010fa  CALDCO_12MHZ                                         
000010fb  CALBC1_12MHZ                                         
000010fc  CALDCO_8MHZ                                          
000010fd  CALBC1_8MHZ                                          
000010fe  CALDCO_1MHZ                                          
000010ff  CALBC1_1MHZ                                          
0000c000  main                                                 
0000c4de  _ZN9Scheduler7lotteryEPS_                            
0000c6a8  _ZN9TaskQueue7addTaskEPFvvEjj                        
0000c83a  _ZN9Scheduler7preemptEv                              
0000c93e  malloc                                               
0000ca08  __TI_decompress_lzss                                 
0000ca84  free                                                 
0000caf6  _ZN11SystemClock16StartSystemClockEj                 
0000cb5e  __mspabi_srli                                        
0000cb6c  __mspabi_srli_15                                     
0000cb70  __mspabi_srli_14                                     
0000cb74  __mspabi_srli_13                                     
0000cb78  __mspabi_srli_12                                     
0000cb7c  __mspabi_srli_11                                     
0000cb80  __mspabi_srli_10                                     
0000cb84  __mspabi_srli_9                                      
0000cb88  __mspabi_srli_8                                      
0000cb8c  __mspabi_srli_7                                      
0000cb90  __mspabi_srli_6                                      
0000cb94  __mspabi_srli_5                                      
0000cb98  __mspabi_srli_4                                      
0000cb9c  __mspabi_srli_3                                      
0000cba0  __mspabi_srli_2                                      
0000cba4  __mspabi_srli_1                                      
0000cbaa  __TI_auto_init_nobinit_nopinit                       
0000cbec  _ZN9SchedulerC1ER9TaskQueuePFP4TaskPS_E              
0000cbec  _ZN9SchedulerC2ER9TaskQueuePFP4TaskPS_E              
0000cc2a  __mspabi_slli                                        
0000cc36  __mspabi_slli_15                                     
0000cc38  __mspabi_slli_14                                     
0000cc3a  __mspabi_slli_13                                     
0000cc3c  __mspabi_slli_12                                     
0000cc3e  __mspabi_slli_11                                     
0000cc40  __mspabi_slli_10                                     
0000cc42  __mspabi_slli_9                                      
0000cc44  __mspabi_slli_8                                      
0000cc46  __mspabi_slli_7                                      
0000cc48  __mspabi_slli_6                                      
0000cc4a  __mspabi_slli_5                                      
0000cc4c  __mspabi_slli_4                                      
0000cc4e  __mspabi_slli_3                                      
0000cc50  __mspabi_slli_2                                      
0000cc52  __mspabi_slli_1                                      
0000cc56  _Znwj                                                
0000cc7a  _c_int00_noargs                                      
0000cc96  __TI_zero_init_nomemset                              
0000ccaa  __TI_decompress_none                                 
0000ccbc  __mspabi_slll                                        
0000cccc  memcpy                                               
0000ccdc  __mspabi_func_epilog_7                               
0000ccde  __mspabi_func_epilog_6                               
0000cce0  __mspabi_func_epilog_5                               
0000cce2  __mspabi_func_epilog_4                               
0000cce4  __mspabi_func_epilog_3                               
0000cce6  __mspabi_func_epilog_2                               
0000cce8  __mspabi_func_epilog_1                               
0000ccec  _Z3barv                                              
0000ccf8  _Z3bazv                                              
0000cd04  _Z3foov                                              
0000cd10  _ZN9Scheduler5startEj                                
0000cd1a  _ZdlPv                                               
0000cd24  _ZN4Task4idleEv                                      
0000cd2c  __TI_ISR_TRAP                                        
0000cd34  C$$EXIT                                              
0000cd34  _ZSt17__throw_bad_allocv                             
0000cd34  abort                                                
0000cd3a  _ZdlPvj                                              
0000cd3e  _Znaj                                                
0000cd42  _system_pre_init                                     
0000cd46  _system_post_cinit                                   
0000cd54  __TI_Handler_Table_Base                              
0000cd5a  __TI_Handler_Table_Limit                             
0000cd5e  __TI_CINIT_Base                                      
0000cd66  __TI_CINIT_Limit                                     
0000ffe0  __TI_int00                                           
0000ffe4  __TI_int02                                           
0000ffe6  __TI_int03                                           
0000ffea  __TI_int05                                           
0000ffec  __TI_int06                                           
0000ffee  __TI_int07                                           
0000fff0  __TI_int08                                           
0000fff2  __TI_int09                                           
0000fff4  __TI_int10                                           
0000fff6  __TI_int11                                           
0000fff8  __TI_int12                                           
0000fffa  __TI_int13                                           
0000fffc  __TI_int14                                           
0000fffe  _reset_vector                                        
ffffffff  __TI_pprof_out_hndl                                  
ffffffff  __TI_prof_data_size                                  
ffffffff  __TI_prof_data_start                                 
ffffffff  __c_args__                                           

[202 symbols]
