******************************************************************************
                  MSP430 Linker PC v18.1.5                     
******************************************************************************
>> Linked Sat Apr  6 18:29:36 2019

OUTPUT FILE NAME:   <sched.out>
ENTRY POINT SYMBOL: "_c_int00_noargs"  address: 0000ca52


MEMORY CONFIGURATION

         name            origin    length      used     unused   attr    fill
----------------------  --------  ---------  --------  --------  ----  --------
  SFR                   00000000   00000010  00000000  00000010  RWIX
  PERIPHERALS_8BIT      00000010   000000f0  00000000  000000f0  RWIX
  PERIPHERALS_16BIT     00000100   00000100  00000000  00000100  RWIX
  RAM                   00000200   00000200  000001ec  00000014  RWIX
  INFOD                 00001000   00000040  00000000  00000040  RWIX
  INFOC                 00001040   00000040  00000000  00000040  RWIX
  INFOB                 00001080   00000040  00000000  00000040  RWIX
  INFOA                 000010c0   00000040  00000000  00000040  RWIX
  FLASH                 0000c000   00003fde  00000b28  000034b6  RWIX
  BSLSIGNATURE          0000ffde   00000002  00000002  00000000  RWIX  ffff 
  INT00                 0000ffe0   00000002  00000002  00000000  RWIX
  INT01                 0000ffe2   00000002  00000000  00000002  RWIX
  INT02                 0000ffe4   00000002  00000002  00000000  RWIX
  INT03                 0000ffe6   00000002  00000002  00000000  RWIX
  INT04                 0000ffe8   00000002  00000000  00000002  RWIX
  INT05                 0000ffea   00000002  00000002  00000000  RWIX
  INT06                 0000ffec   00000002  00000002  00000000  RWIX
  INT07                 0000ffee   00000002  00000002  00000000  RWIX
  INT08                 0000fff0   00000002  00000002  00000000  RWIX
  INT09                 0000fff2   00000002  00000002  00000000  RWIX
  INT10                 0000fff4   00000002  00000002  00000000  RWIX
  INT11                 0000fff6   00000002  00000002  00000000  RWIX
  INT12                 0000fff8   00000002  00000002  00000000  RWIX
  INT13                 0000fffa   00000002  00000002  00000000  RWIX
  INT14                 0000fffc   00000002  00000002  00000000  RWIX
  RESET                 0000fffe   00000002  00000002  00000000  RWIX


SECTION ALLOCATION MAP

 output                                  attributes/
section   page    origin      length       input sections
--------  ----  ----------  ----------   ----------------
.data      0    00000360    00000026     UNINITIALIZED
                  00000360    00000010     main.obj (.data)
                  00000370    00000008     SystemClock.obj (.data)
                  00000378    00000004     Scheduler.obj (.data)
                  0000037c    00000002     rts430_eabi.lib : exit_gvars.c.obj (.data:__TI_cleanup_ptr)
                  0000037e    00000002                     : exit_gvars.c.obj (.data:__TI_dtors_ptr)
                  00000380    00000002                     : dtor_list.c.obj (.data)
                  00000382    00000002                     : exit.c.obj (.data)
                  00000384    00000002                     : memory.c.obj (.data)

.bss       0    00000386    00000016     UNINITIALIZED
                  00000386    00000006     rts430_eabi.lib : memory.c.obj (.bss)
                  0000038c    00000006     main.obj (.bss:x)
                  00000392    00000004     Scheduler.obj (.bss:toRun$2)
                  00000396    00000002     Scheduler.obj (.bss)
                  00000398    00000002     rts430_eabi.lib : new.cpp.obj (.bss)
                  0000039a    00000002     (.common:__dso_handle)

.sysmem    0    00000200    00000160     UNINITIALIZED
                  00000200    00000004     rts430_eabi.lib : memory.c.obj (.sysmem)
                  00000204    0000015c     --HOLE--

.stack     0    000003b0    00000050     UNINITIALIZED
                  000003b0    00000002     rts430_eabi.lib : boot.c.obj (.stack)
                  000003b2    0000004e     --HOLE--

.text      0    0000c000    00000b04     
                  0000c000    0000021a     main.obj (.text:main)
                  0000c21a    0000017c     Scheduler.obj (.text:_ZN9Scheduler7preemptEv)
                  0000c396    0000016a     Task.obj (.text:_ZN9TaskQueue7addTaskEPFPvS0_Ejj)
                  0000c500    000000d0     rts430_eabi.lib : memory.c.obj (.text:malloc)
                  0000c5d0    0000007c     Scheduler.obj (.text:_ZN9Scheduler10roundRobinEPS_)
                  0000c64c    0000007c     rts430_eabi.lib : copy_decompress_lzss.c.obj (.text:decompress:lzss:__TI_decompress_lzss)
                  0000c6c8    00000070                     : memory.c.obj (.text:free)
                  0000c738    00000068     SystemClock.obj (.text:_ZN11SystemClock16StartSystemClockEj)
                  0000c7a0    0000005e     main.obj (.text:_ZN9TaskQueueD1Ev)
                  0000c7fe    0000005c     rts430_eabi.lib : autoinit.c.obj (.text:__TI_auto_init_nobinit:__TI_auto_init_nobinit)
                  0000c85a    0000004c                     : lsr16.asm.obj (.text)
                  0000c8a6    00000044     main.obj (.text:_Z3fooPv)
                  0000c8ea    00000044     rts430_eabi.lib : dtor_list.c.obj (.text:_ZN33_INTERNAL_11_dtor_list_c_14e673d611__TI_atexitEPFYvPvES0_S0_$4)
                  0000c92e    00000044                     : exit.c.obj (.text:exit)
                  0000c972    0000002c                     : lsl16.asm.obj (.text)
                  0000c99e    0000002a     Scheduler.obj (.text:_ZN9SchedulerC1ER9TaskQueuePFP4TaskPS_E)
                  0000c9c8    00000026     main.obj (.text:_Z3barPv)
                  0000c9ee    00000024     rts430_eabi.lib : new.cpp.obj (.text:_Znwj)
                  0000ca12    00000024                     : dtor_list.c.obj (.text:__cxa_ia64_exit)
                  0000ca36    0000001c     main.obj (.text:__sti___8_main_cpp__Z3barPv)
                  0000ca52    0000001c     rts430_eabi.lib : boot.c.obj (.text:_c_int00_noargs)
                  0000ca6e    00000014                     : copy_zero_init.c.obj (.text:decompress:ZI:__TI_zero_init_nomemset:__TI_zero_init_nomemset)
                  0000ca82    00000012                     : copy_decompress_none.c.obj (.text:decompress:none:__TI_decompress_none)
                  0000ca94    00000010                     : memcpy.c.obj (.text:memcpy)
                  0000caa4    00000010                     : epilog.asm.obj (.text)
                  0000cab4    0000000e                     : guard.c.obj (.text:__cxa_guard_acquire)
                  0000cac2    0000000a     Scheduler.obj (.text:_ZN9Scheduler5startEj)
                  0000cacc    0000000a     rts430_eabi.lib : new.cpp.obj (.text:_ZdlPv)
                  0000cad6    00000008     Task.obj (.text:_ZN4Task4idleEPv)
                  0000cade    00000008     rts430_eabi.lib : isr_trap.asm.obj (.text:_isr:__TI_ISR_TRAP)
                  0000cae6    00000006                     : guard.c.obj (.text:__cxa_guard_release)
                  0000caec    00000006                     : exit.c.obj (.text:abort)
                  0000caf2    00000004                     : new.cpp.obj (.text:_ZdlPvj)
                  0000caf6    00000004                     : new.cpp.obj (.text:_Znaj)
                  0000cafa    00000004                     : pre_init.c.obj (.text:_system_pre_init)
                  0000cafe    00000002     Scheduler.obj (.text:_ZN9SchedulerD1Ev)
                  0000cb00    00000002     rts430_eabi.lib : _lock.c.obj (.text:_nop)
                  0000cb02    00000002                     : startup.c.obj (.text:_system_post_cinit)

.const     0    0000cb04    00000004     
                  0000cb04    00000002     rts430_eabi.lib : _lock.c.obj (.const:_lock)
                  0000cb06    00000002                     : _lock.c.obj (.const:_unlock)

.cinit     0    0000cb0a    0000001e     
                  0000cb0a    0000000b     (.cinit..data.load) [load image, compression = lzss]
                  0000cb15    00000001     --HOLE-- [fill = 0]
                  0000cb16    00000006     (__TI_handler_table)
                  0000cb1c    00000004     (.cinit..bss.load) [load image, compression = zero_init]
                  0000cb20    00000008     (__TI_cinit_table)

.binit     0    0000c000    00000000     

.init_array 
*          0    0000cb08    00000002     
                  0000cb08    00000002     <whole-program> (.init_array)

TRAPINT    0    0000ffe0    00000002     
                  0000ffe0    00000002     rts430_eabi.lib : int00.asm.obj (.int00)

PORT1      0    0000ffe4    00000002     
                  0000ffe4    00000002     rts430_eabi.lib : int02.asm.obj (.int02)

PORT2      0    0000ffe6    00000002     
                  0000ffe6    00000002     rts430_eabi.lib : int03.asm.obj (.int03)

ADC10      0    0000ffea    00000002     
                  0000ffea    00000002     rts430_eabi.lib : int05.asm.obj (.int05)

USCIAB0TX 
*          0    0000ffec    00000002     
                  0000ffec    00000002     rts430_eabi.lib : int06.asm.obj (.int06)

USCIAB0RX 
*          0    0000ffee    00000002     
                  0000ffee    00000002     rts430_eabi.lib : int07.asm.obj (.int07)

TIMER0_A1 
*          0    0000fff0    00000002     
                  0000fff0    00000002     rts430_eabi.lib : int08.asm.obj (.int08)

TIMER0_A0 
*          0    0000fff2    00000002     
                  0000fff2    00000002     rts430_eabi.lib : int09.asm.obj (.int09)

WDT        0    0000fff4    00000002     
                  0000fff4    00000002     Scheduler.obj (.int10)

COMPARATORA 
*          0    0000fff6    00000002     
                  0000fff6    00000002     rts430_eabi.lib : int11.asm.obj (.int11)

TIMER1_A1 
*          0    0000fff8    00000002     
                  0000fff8    00000002     rts430_eabi.lib : int12.asm.obj (.int12)

TIMER1_A0 
*          0    0000fffa    00000002     
                  0000fffa    00000002     rts430_eabi.lib : int13.asm.obj (.int13)

NMI        0    0000fffc    00000002     
                  0000fffc    00000002     rts430_eabi.lib : int14.asm.obj (.int14)

.reset     0    0000fffe    00000002     
                  0000fffe    00000002     rts430_eabi.lib : boot.c.obj (.reset)

$fill000   0    0000ffde    00000002     
                  0000ffde    00000002     --HOLE-- [fill = ffff]

MODULE SUMMARY

       Module                                   code   ro data   rw data
       ------                                   ----   -------   -------
    .\
       main.obj                                 766    0         22     
       Scheduler.obj                            558    2         10     
       Task.obj                                 370    0         0      
       SystemClock.obj                          104    0         8      
    +--+----------------------------------------+------+---------+---------+
       Total:                                   1798   2         40     
                                                                        
    C:\Users\krad2\AppData\Local\Temp\
       {370FD0AE-5C99-4517-A32E-6E746AA4E5DB}   0      2         2      
    +--+----------------------------------------+------+---------+---------+
       Total:                                   0      2         2      
                                                                        
    C:\ti\ccsv8\tools\compiler\ti-cgt-msp430_18.1.5.LTS\lib\rts430_eabi.lib
       memory.c.obj                             320    0         8      
       copy_decompress_lzss.c.obj               124    0         0      
       dtor_list.c.obj                          104    0         2      
       autoinit.c.obj                           92     0         0      
       exit.c.obj                               74     0         2      
       lsr16.asm.obj                            76     0         0      
       new.cpp.obj                              54     0         2      
       lsl16.asm.obj                            44     0         0      
       boot.c.obj                               28     2         0      
       copy_zero_init.c.obj                     20     0         0      
       guard.c.obj                              20     0         0      
       copy_decompress_none.c.obj               18     0         0      
       epilog.asm.obj                           16     0         0      
       memcpy.c.obj                             16     0         0      
       isr_trap.asm.obj                         8      0         0      
       _lock.c.obj                              2      4         0      
       exit_gvars.c.obj                         0      0         4      
       pre_init.c.obj                           4      0         0      
       int00.asm.obj                            0      2         0      
       int02.asm.obj                            0      2         0      
       int03.asm.obj                            0      2         0      
       int05.asm.obj                            0      2         0      
       int06.asm.obj                            0      2         0      
       int07.asm.obj                            0      2         0      
       int08.asm.obj                            0      2         0      
       int09.asm.obj                            0      2         0      
       int11.asm.obj                            0      2         0      
       int12.asm.obj                            0      2         0      
       int13.asm.obj                            0      2         0      
       int14.asm.obj                            0      2         0      
       startup.c.obj                            2      0         0      
    +--+----------------------------------------+------+---------+---------+
       Total:                                   1022   30        18     
                                                                        
       Heap:                                    0      0         352    
       Stack:                                   0      0         80     
       Linker Generated:                        0      29        0      
    +--+----------------------------------------+------+---------+---------+
       Grand Total:                             2820   63        492    


LINKER GENERATED COPY TABLES

__TI_cinit_table @ 0000cb20 records: 2, size/record: 4, table size: 8
	.data: load addr=0000cb0a, load size=0000000b bytes, run addr=00000360, run size=00000026 bytes, compression=lzss
	.bss: load addr=0000cb1c, load size=00000004 bytes, run addr=00000386, run size=00000016 bytes, compression=zero_init


LINKER GENERATED HANDLER TABLE

__TI_handler_table @ 0000cb16 records: 3, size/record: 2, table size: 6
	index: 0, handler: __TI_zero_init
	index: 1, handler: __TI_decompress_lzss
	index: 2, handler: __TI_decompress_none


GLOBAL SYMBOLS: SORTED ALPHABETICALLY BY Name 

address   name                                   
-------   ----                                   
0000004a  ADC10AE0                               
000001b0  ADC10CTL0                              
000001b2  ADC10CTL1                              
00000048  ADC10DTC0                              
00000049  ADC10DTC1                              
000001b4  ADC10MEM                               
000001bc  ADC10SA                                
00000057  BCSCTL1                                
00000058  BCSCTL2                                
00000053  BCSCTL3                                
0000caec  C$$EXIT                                
00000059  CACTL1                                 
0000005a  CACTL2                                 
000010fb  CALBC1_12MHZ                           
000010f9  CALBC1_16MHZ                           
000010ff  CALBC1_1MHZ                            
000010fd  CALBC1_8MHZ                            
000010fa  CALDCO_12MHZ                           
000010f8  CALDCO_16MHZ                           
000010fe  CALDCO_1MHZ                            
000010fc  CALDCO_8MHZ                            
0000005b  CAPD                                   
00000056  DCOCTL                                 
00000128  FCTL1                                  
0000012a  FCTL2                                  
0000012c  FCTL3                                  
00000000  IE1                                    
00000001  IE2                                    
00000002  IFG1                                   
00000003  IFG2                                   
00000022  P1DIR                                  
00000025  P1IE                                   
00000024  P1IES                                  
00000023  P1IFG                                  
00000020  P1IN                                   
00000021  P1OUT                                  
00000027  P1REN                                  
00000026  P1SEL                                  
00000041  P1SEL2                                 
0000002a  P2DIR                                  
0000002d  P2IE                                   
0000002c  P2IES                                  
0000002b  P2IFG                                  
00000028  P2IN                                   
00000029  P2OUT                                  
0000002f  P2REN                                  
0000002e  P2SEL                                  
00000042  P2SEL2                                 
0000001a  P3DIR                                  
00000018  P3IN                                   
00000019  P3OUT                                  
00000010  P3REN                                  
0000001b  P3SEL                                  
00000043  P3SEL2                                 
00000172  TA0CCR0                                
00000174  TA0CCR1                                
00000176  TA0CCR2                                
00000162  TA0CCTL0                               
00000164  TA0CCTL1                               
00000166  TA0CCTL2                               
00000160  TA0CTL                                 
0000012e  TA0IV                                  
00000170  TA0R                                   
00000192  TA1CCR0                                
00000194  TA1CCR1                                
00000196  TA1CCR2                                
00000182  TA1CCTL0                               
00000184  TA1CCTL1                               
00000186  TA1CCTL2                               
00000180  TA1CTL                                 
0000011e  TA1IV                                  
00000190  TA1R                                   
000010db  TLV_ADC10_1_LEN                        
000010da  TLV_ADC10_1_TAG                        
000010c0  TLV_CHECKSUM                           
000010f7  TLV_DCO_30_LEN                         
000010f6  TLV_DCO_30_TAG                         
0000005d  UCA0ABCTL                              
00000062  UCA0BR0                                
00000063  UCA0BR1                                
00000060  UCA0CTL0                               
00000061  UCA0CTL1                               
0000005f  UCA0IRRCTL                             
0000005e  UCA0IRTCTL                             
00000064  UCA0MCTL                               
00000066  UCA0RXBUF                              
00000065  UCA0STAT                               
00000067  UCA0TXBUF                              
0000006a  UCB0BR0                                
0000006b  UCB0BR1                                
00000068  UCB0CTL0                               
00000069  UCB0CTL1                               
0000006c  UCB0I2CIE                              
00000118  UCB0I2COA                              
0000011a  UCB0I2CSA                              
0000006e  UCB0RXBUF                              
0000006d  UCB0STAT                               
0000006f  UCB0TXBUF                              
00000120  WDTCTL                                 
0000c9c8  _Z3barPv                               
0000c8a6  _Z3fooPv                               
00000370  _ZN11SystemClock13microsPerTickE       
0000c738  _ZN11SystemClock16StartSystemClockEj   
00000374  _ZN11SystemClock16fractionalMillisE    
00000372  _ZN11SystemClock6microsE               
00000376  _ZN11SystemClock6millisE               
0000cad6  _ZN4Task4idleEPv                       
0000c5d0  _ZN9Scheduler10roundRobinEPS_          
0000037a  _ZN9Scheduler17SchedStackPointerE      
00000378  _ZN9Scheduler5schedE                   
0000cac2  _ZN9Scheduler5startEj                  
0000c21a  _ZN9Scheduler7preemptEv                
0000c99e  _ZN9SchedulerC1ER9TaskQueuePFP4TaskPS_E
0000c99e  _ZN9SchedulerC2ER9TaskQueuePFP4TaskPS_E
0000cafe  _ZN9SchedulerD1Ev                      
0000cafe  _ZN9SchedulerD2Ev                      
0000c396  _ZN9TaskQueue7addTaskEPFPvS0_Ejj       
0000c7a0  _ZN9TaskQueueD1Ev                      
0000caec  _ZSt17__throw_bad_allocv               
0000cacc  _ZdlPv                                 
0000caf2  _ZdlPvj                                
0000caf6  _Znaj                                  
0000c9ee  _Znwj                                  
00000400  __STACK_END                            
00000050  __STACK_SIZE                           
00000160  __SYSMEM_SIZE                          
0000cb20  __TI_CINIT_Base                        
0000cb28  __TI_CINIT_Limit                       
0000cb16  __TI_Handler_Table_Base                
0000cb1c  __TI_Handler_Table_Limit               
0000cb08  __TI_INITARRAY_Base                    
0000cb0a  __TI_INITARRAY_Limit                   
0000cade  __TI_ISR_TRAP                          
0000c7fe  __TI_auto_init_nobinit                 
0000037c  __TI_cleanup_ptr                       
0000c64c  __TI_decompress_lzss                   
0000ca82  __TI_decompress_none                   
0000037e  __TI_dtors_ptr                         
00000382  __TI_enable_exit_profile_output        
0000ffe0  __TI_int00                             
0000ffe4  __TI_int02                             
0000ffe6  __TI_int03                             
0000ffea  __TI_int05                             
0000ffec  __TI_int06                             
0000ffee  __TI_int07                             
0000fff0  __TI_int08                             
0000fff2  __TI_int09                             
0000fff4  __TI_int10                             
0000fff6  __TI_int11                             
0000fff8  __TI_int12                             
0000fffa  __TI_int13                             
0000fffc  __TI_int14                             
ffffffff  __TI_pprof_out_hndl                    
ffffffff  __TI_prof_data_size                    
ffffffff  __TI_prof_data_start                   
0000ca6e  __TI_zero_init_nomemset                
ffffffff  __c_args__                             
0000c8ea  __cxa_atexit                           
0000cab4  __cxa_guard_acquire                    
0000cae6  __cxa_guard_release                    
0000ca12  __cxa_ia64_exit                        
0000039a  __dso_handle                           
0000cab0  __mspabi_func_epilog_1                 
0000caae  __mspabi_func_epilog_2                 
0000caac  __mspabi_func_epilog_3                 
0000caaa  __mspabi_func_epilog_4                 
0000caa8  __mspabi_func_epilog_5                 
0000caa6  __mspabi_func_epilog_6                 
0000caa4  __mspabi_func_epilog_7                 
0000c972  __mspabi_slli                          
0000c99a  __mspabi_slli_1                        
0000c988  __mspabi_slli_10                       
0000c986  __mspabi_slli_11                       
0000c984  __mspabi_slli_12                       
0000c982  __mspabi_slli_13                       
0000c980  __mspabi_slli_14                       
0000c97e  __mspabi_slli_15                       
0000c998  __mspabi_slli_2                        
0000c996  __mspabi_slli_3                        
0000c994  __mspabi_slli_4                        
0000c992  __mspabi_slli_5                        
0000c990  __mspabi_slli_6                        
0000c98e  __mspabi_slli_7                        
0000c98c  __mspabi_slli_8                        
0000c98a  __mspabi_slli_9                        
0000c85a  __mspabi_srli                          
0000c8a0  __mspabi_srli_1                        
0000c87c  __mspabi_srli_10                       
0000c878  __mspabi_srli_11                       
0000c874  __mspabi_srli_12                       
0000c870  __mspabi_srli_13                       
0000c86c  __mspabi_srli_14                       
0000c868  __mspabi_srli_15                       
0000c89c  __mspabi_srli_2                        
0000c898  __mspabi_srli_3                        
0000c894  __mspabi_srli_4                        
0000c890  __mspabi_srli_5                        
0000c88c  __mspabi_srli_6                        
0000c888  __mspabi_srli_7                        
0000c884  __mspabi_srli_8                        
0000c880  __mspabi_srli_9                        
0000ca36  __sti___8_main_cpp__Z3barPv            
0000ca52  _c_int00_noargs                        
0000cb04  _lock                                  
0000cb00  _nop                                   
0000fffe  _reset_vector                          
000003b0  _stack                                 
00000200  _sys_memory                            
0000cb02  _system_post_cinit                     
0000cafa  _system_pre_init                       
0000cb06  _unlock                                
0000caec  abort                                  
0000c92e  exit                                   
0000c6c8  free                                   
0000c000  main                                   
0000c500  malloc                                 
0000ca94  memcpy                                 
0000038c  x                                      


GLOBAL SYMBOLS: SORTED BY Symbol Address 

address   name                                   
-------   ----                                   
00000000  IE1                                    
00000001  IE2                                    
00000002  IFG1                                   
00000003  IFG2                                   
00000010  P3REN                                  
00000018  P3IN                                   
00000019  P3OUT                                  
0000001a  P3DIR                                  
0000001b  P3SEL                                  
00000020  P1IN                                   
00000021  P1OUT                                  
00000022  P1DIR                                  
00000023  P1IFG                                  
00000024  P1IES                                  
00000025  P1IE                                   
00000026  P1SEL                                  
00000027  P1REN                                  
00000028  P2IN                                   
00000029  P2OUT                                  
0000002a  P2DIR                                  
0000002b  P2IFG                                  
0000002c  P2IES                                  
0000002d  P2IE                                   
0000002e  P2SEL                                  
0000002f  P2REN                                  
00000041  P1SEL2                                 
00000042  P2SEL2                                 
00000043  P3SEL2                                 
00000048  ADC10DTC0                              
00000049  ADC10DTC1                              
0000004a  ADC10AE0                               
00000050  __STACK_SIZE                           
00000053  BCSCTL3                                
00000056  DCOCTL                                 
00000057  BCSCTL1                                
00000058  BCSCTL2                                
00000059  CACTL1                                 
0000005a  CACTL2                                 
0000005b  CAPD                                   
0000005d  UCA0ABCTL                              
0000005e  UCA0IRTCTL                             
0000005f  UCA0IRRCTL                             
00000060  UCA0CTL0                               
00000061  UCA0CTL1                               
00000062  UCA0BR0                                
00000063  UCA0BR1                                
00000064  UCA0MCTL                               
00000065  UCA0STAT                               
00000066  UCA0RXBUF                              
00000067  UCA0TXBUF                              
00000068  UCB0CTL0                               
00000069  UCB0CTL1                               
0000006a  UCB0BR0                                
0000006b  UCB0BR1                                
0000006c  UCB0I2CIE                              
0000006d  UCB0STAT                               
0000006e  UCB0RXBUF                              
0000006f  UCB0TXBUF                              
00000118  UCB0I2COA                              
0000011a  UCB0I2CSA                              
0000011e  TA1IV                                  
00000120  WDTCTL                                 
00000128  FCTL1                                  
0000012a  FCTL2                                  
0000012c  FCTL3                                  
0000012e  TA0IV                                  
00000160  TA0CTL                                 
00000160  __SYSMEM_SIZE                          
00000162  TA0CCTL0                               
00000164  TA0CCTL1                               
00000166  TA0CCTL2                               
00000170  TA0R                                   
00000172  TA0CCR0                                
00000174  TA0CCR1                                
00000176  TA0CCR2                                
00000180  TA1CTL                                 
00000182  TA1CCTL0                               
00000184  TA1CCTL1                               
00000186  TA1CCTL2                               
00000190  TA1R                                   
00000192  TA1CCR0                                
00000194  TA1CCR1                                
00000196  TA1CCR2                                
000001b0  ADC10CTL0                              
000001b2  ADC10CTL1                              
000001b4  ADC10MEM                               
000001bc  ADC10SA                                
00000200  _sys_memory                            
00000370  _ZN11SystemClock13microsPerTickE       
00000372  _ZN11SystemClock6microsE               
00000374  _ZN11SystemClock16fractionalMillisE    
00000376  _ZN11SystemClock6millisE               
00000378  _ZN9Scheduler5schedE                   
0000037a  _ZN9Scheduler17SchedStackPointerE      
0000037c  __TI_cleanup_ptr                       
0000037e  __TI_dtors_ptr                         
00000382  __TI_enable_exit_profile_output        
0000038c  x                                      
0000039a  __dso_handle                           
000003b0  _stack                                 
00000400  __STACK_END                            
000010c0  TLV_CHECKSUM                           
000010da  TLV_ADC10_1_TAG                        
000010db  TLV_ADC10_1_LEN                        
000010f6  TLV_DCO_30_TAG                         
000010f7  TLV_DCO_30_LEN                         
000010f8  CALDCO_16MHZ                           
000010f9  CALBC1_16MHZ                           
000010fa  CALDCO_12MHZ                           
000010fb  CALBC1_12MHZ                           
000010fc  CALDCO_8MHZ                            
000010fd  CALBC1_8MHZ                            
000010fe  CALDCO_1MHZ                            
000010ff  CALBC1_1MHZ                            
0000c000  main                                   
0000c21a  _ZN9Scheduler7preemptEv                
0000c396  _ZN9TaskQueue7addTaskEPFPvS0_Ejj       
0000c500  malloc                                 
0000c5d0  _ZN9Scheduler10roundRobinEPS_          
0000c64c  __TI_decompress_lzss                   
0000c6c8  free                                   
0000c738  _ZN11SystemClock16StartSystemClockEj   
0000c7a0  _ZN9TaskQueueD1Ev                      
0000c7fe  __TI_auto_init_nobinit                 
0000c85a  __mspabi_srli                          
0000c868  __mspabi_srli_15                       
0000c86c  __mspabi_srli_14                       
0000c870  __mspabi_srli_13                       
0000c874  __mspabi_srli_12                       
0000c878  __mspabi_srli_11                       
0000c87c  __mspabi_srli_10                       
0000c880  __mspabi_srli_9                        
0000c884  __mspabi_srli_8                        
0000c888  __mspabi_srli_7                        
0000c88c  __mspabi_srli_6                        
0000c890  __mspabi_srli_5                        
0000c894  __mspabi_srli_4                        
0000c898  __mspabi_srli_3                        
0000c89c  __mspabi_srli_2                        
0000c8a0  __mspabi_srli_1                        
0000c8a6  _Z3fooPv                               
0000c8ea  __cxa_atexit                           
0000c92e  exit                                   
0000c972  __mspabi_slli                          
0000c97e  __mspabi_slli_15                       
0000c980  __mspabi_slli_14                       
0000c982  __mspabi_slli_13                       
0000c984  __mspabi_slli_12                       
0000c986  __mspabi_slli_11                       
0000c988  __mspabi_slli_10                       
0000c98a  __mspabi_slli_9                        
0000c98c  __mspabi_slli_8                        
0000c98e  __mspabi_slli_7                        
0000c990  __mspabi_slli_6                        
0000c992  __mspabi_slli_5                        
0000c994  __mspabi_slli_4                        
0000c996  __mspabi_slli_3                        
0000c998  __mspabi_slli_2                        
0000c99a  __mspabi_slli_1                        
0000c99e  _ZN9SchedulerC1ER9TaskQueuePFP4TaskPS_E
0000c99e  _ZN9SchedulerC2ER9TaskQueuePFP4TaskPS_E
0000c9c8  _Z3barPv                               
0000c9ee  _Znwj                                  
0000ca12  __cxa_ia64_exit                        
0000ca36  __sti___8_main_cpp__Z3barPv            
0000ca52  _c_int00_noargs                        
0000ca6e  __TI_zero_init_nomemset                
0000ca82  __TI_decompress_none                   
0000ca94  memcpy                                 
0000caa4  __mspabi_func_epilog_7                 
0000caa6  __mspabi_func_epilog_6                 
0000caa8  __mspabi_func_epilog_5                 
0000caaa  __mspabi_func_epilog_4                 
0000caac  __mspabi_func_epilog_3                 
0000caae  __mspabi_func_epilog_2                 
0000cab0  __mspabi_func_epilog_1                 
0000cab4  __cxa_guard_acquire                    
0000cac2  _ZN9Scheduler5startEj                  
0000cacc  _ZdlPv                                 
0000cad6  _ZN4Task4idleEPv                       
0000cade  __TI_ISR_TRAP                          
0000cae6  __cxa_guard_release                    
0000caec  C$$EXIT                                
0000caec  _ZSt17__throw_bad_allocv               
0000caec  abort                                  
0000caf2  _ZdlPvj                                
0000caf6  _Znaj                                  
0000cafa  _system_pre_init                       
0000cafe  _ZN9SchedulerD1Ev                      
0000cafe  _ZN9SchedulerD2Ev                      
0000cb00  _nop                                   
0000cb02  _system_post_cinit                     
0000cb04  _lock                                  
0000cb06  _unlock                                
0000cb08  __TI_INITARRAY_Base                    
0000cb0a  __TI_INITARRAY_Limit                   
0000cb16  __TI_Handler_Table_Base                
0000cb1c  __TI_Handler_Table_Limit               
0000cb20  __TI_CINIT_Base                        
0000cb28  __TI_CINIT_Limit                       
0000ffe0  __TI_int00                             
0000ffe4  __TI_int02                             
0000ffe6  __TI_int03                             
0000ffea  __TI_int05                             
0000ffec  __TI_int06                             
0000ffee  __TI_int07                             
0000fff0  __TI_int08                             
0000fff2  __TI_int09                             
0000fff4  __TI_int10                             
0000fff6  __TI_int11                             
0000fff8  __TI_int12                             
0000fffa  __TI_int13                             
0000fffc  __TI_int14                             
0000fffe  _reset_vector                          
ffffffff  __TI_pprof_out_hndl                    
ffffffff  __TI_prof_data_size                    
ffffffff  __TI_prof_data_start                   
ffffffff  __c_args__                             

[218 symbols]
